../../Drivers/STM32WLxx_HAL_Driver/Inc/stm32wlxx_ll_bus.h:449:22:LL_AHB2_GRP1_EnableClock	24	static
/home/eatkinso/bike-anti-theft-device/Firmware/dummyuart2/Core/Src/main.c:69:5:main	8	static
/home/eatkinso/bike-anti-theft-device/Firmware/dummyuart2/Core/Src/main.c:117:6:SystemClock_Config	112	static
/home/eatkinso/bike-anti-theft-device/Firmware/dummyuart2/Core/Src/main.c:160:13:MX_USART1_UART_Init	8	static
/home/eatkinso/bike-anti-theft-device/Firmware/dummyuart2/Core/Src/main.c:208:13:MX_GPIO_Init	32	static
/home/eatkinso/bike-anti-theft-device/Firmware/dummyuart2/Core/Src/main.c:267:6:Error_Handler	4	static,ignoring_inline_asm
