Archive member included to satisfy reference by file (symbol)

/home/eatkinso/Downloads/gcc-arm-none-eabi-10.3-2021.07/gcc-arm-none-eabi-10.3-2021.07/bin/../lib/gcc/arm-none-eabi/10.3.1/../../../../arm-none-eabi/lib/thumb/v7e-m/nofp/libc_nano.a(lib_a-exit.o)
                              /home/eatkinso/Downloads/gcc-arm-none-eabi-10.3-2021.07/gcc-arm-none-eabi-10.3-2021.07/bin/../lib/gcc/arm-none-eabi/10.3.1/../../../../arm-none-eabi/lib/thumb/v7e-m/nofp/crt0.o (exit)
/home/eatkinso/Downloads/gcc-arm-none-eabi-10.3-2021.07/gcc-arm-none-eabi-10.3-2021.07/bin/../lib/gcc/arm-none-eabi/10.3.1/../../../../arm-none-eabi/lib/thumb/v7e-m/nofp/libc_nano.a(lib_a-impure.o)
                              /home/eatkinso/Downloads/gcc-arm-none-eabi-10.3-2021.07/gcc-arm-none-eabi-10.3-2021.07/bin/../lib/gcc/arm-none-eabi/10.3.1/../../../../arm-none-eabi/lib/thumb/v7e-m/nofp/libc_nano.a(lib_a-exit.o) (_global_impure_ptr)
/home/eatkinso/Downloads/gcc-arm-none-eabi-10.3-2021.07/gcc-arm-none-eabi-10.3-2021.07/bin/../lib/gcc/arm-none-eabi/10.3.1/../../../../arm-none-eabi/lib/thumb/v7e-m/nofp/libc_nano.a(lib_a-init.o)
                              /home/eatkinso/Downloads/gcc-arm-none-eabi-10.3-2021.07/gcc-arm-none-eabi-10.3-2021.07/bin/../lib/gcc/arm-none-eabi/10.3.1/../../../../arm-none-eabi/lib/thumb/v7e-m/nofp/crt0.o (__libc_init_array)
/home/eatkinso/Downloads/gcc-arm-none-eabi-10.3-2021.07/gcc-arm-none-eabi-10.3-2021.07/bin/../lib/gcc/arm-none-eabi/10.3.1/../../../../arm-none-eabi/lib/thumb/v7e-m/nofp/libc_nano.a(lib_a-memset.o)
                              /home/eatkinso/Downloads/gcc-arm-none-eabi-10.3-2021.07/gcc-arm-none-eabi-10.3-2021.07/bin/../lib/gcc/arm-none-eabi/10.3.1/../../../../arm-none-eabi/lib/thumb/v7e-m/nofp/crt0.o (memset)
/home/eatkinso/Downloads/gcc-arm-none-eabi-10.3-2021.07/gcc-arm-none-eabi-10.3-2021.07/bin/../lib/gcc/arm-none-eabi/10.3.1/../../../../arm-none-eabi/lib/thumb/v7e-m/nofp/libnosys.a(_exit.o)
                              /home/eatkinso/Downloads/gcc-arm-none-eabi-10.3-2021.07/gcc-arm-none-eabi-10.3-2021.07/bin/../lib/gcc/arm-none-eabi/10.3.1/../../../../arm-none-eabi/lib/thumb/v7e-m/nofp/libc_nano.a(lib_a-exit.o) (_exit)
/home/eatkinso/Downloads/gcc-arm-none-eabi-10.3-2021.07/gcc-arm-none-eabi-10.3-2021.07/bin/../lib/gcc/arm-none-eabi/10.3.1/thumb/v7e-m/nofp/libgcc.a(_aeabi_uldivmod.o)
                              build/stm32wlxx_hal_uart.o (__aeabi_uldivmod)
/home/eatkinso/Downloads/gcc-arm-none-eabi-10.3-2021.07/gcc-arm-none-eabi-10.3-2021.07/bin/../lib/gcc/arm-none-eabi/10.3.1/thumb/v7e-m/nofp/libgcc.a(_udivmoddi4.o)
                              /home/eatkinso/Downloads/gcc-arm-none-eabi-10.3-2021.07/gcc-arm-none-eabi-10.3-2021.07/bin/../lib/gcc/arm-none-eabi/10.3.1/thumb/v7e-m/nofp/libgcc.a(_aeabi_uldivmod.o) (__udivmoddi4)
/home/eatkinso/Downloads/gcc-arm-none-eabi-10.3-2021.07/gcc-arm-none-eabi-10.3-2021.07/bin/../lib/gcc/arm-none-eabi/10.3.1/thumb/v7e-m/nofp/libgcc.a(_dvmd_tls.o)
                              /home/eatkinso/Downloads/gcc-arm-none-eabi-10.3-2021.07/gcc-arm-none-eabi-10.3-2021.07/bin/../lib/gcc/arm-none-eabi/10.3.1/thumb/v7e-m/nofp/libgcc.a(_aeabi_uldivmod.o) (__aeabi_ldiv0)

Discarded input sections

 .text          0x0000000000000000        0x0 /home/eatkinso/Downloads/gcc-arm-none-eabi-10.3-2021.07/gcc-arm-none-eabi-10.3-2021.07/bin/../lib/gcc/arm-none-eabi/10.3.1/thumb/v7e-m/nofp/crti.o
 .data          0x0000000000000000        0x0 /home/eatkinso/Downloads/gcc-arm-none-eabi-10.3-2021.07/gcc-arm-none-eabi-10.3-2021.07/bin/../lib/gcc/arm-none-eabi/10.3.1/thumb/v7e-m/nofp/crti.o
 .bss           0x0000000000000000        0x0 /home/eatkinso/Downloads/gcc-arm-none-eabi-10.3-2021.07/gcc-arm-none-eabi-10.3-2021.07/bin/../lib/gcc/arm-none-eabi/10.3.1/thumb/v7e-m/nofp/crti.o
 .data          0x0000000000000000        0x4 /home/eatkinso/Downloads/gcc-arm-none-eabi-10.3-2021.07/gcc-arm-none-eabi-10.3-2021.07/bin/../lib/gcc/arm-none-eabi/10.3.1/thumb/v7e-m/nofp/crtbegin.o
 .rodata        0x0000000000000000       0x24 /home/eatkinso/Downloads/gcc-arm-none-eabi-10.3-2021.07/gcc-arm-none-eabi-10.3-2021.07/bin/../lib/gcc/arm-none-eabi/10.3.1/thumb/v7e-m/nofp/crtbegin.o
 .text          0x0000000000000000       0x7c /home/eatkinso/Downloads/gcc-arm-none-eabi-10.3-2021.07/gcc-arm-none-eabi-10.3-2021.07/bin/../lib/gcc/arm-none-eabi/10.3.1/../../../../arm-none-eabi/lib/thumb/v7e-m/nofp/crt0.o
 .data          0x0000000000000000        0x0 /home/eatkinso/Downloads/gcc-arm-none-eabi-10.3-2021.07/gcc-arm-none-eabi-10.3-2021.07/bin/../lib/gcc/arm-none-eabi/10.3.1/../../../../arm-none-eabi/lib/thumb/v7e-m/nofp/crt0.o
 .bss           0x0000000000000000        0x0 /home/eatkinso/Downloads/gcc-arm-none-eabi-10.3-2021.07/gcc-arm-none-eabi-10.3-2021.07/bin/../lib/gcc/arm-none-eabi/10.3.1/../../../../arm-none-eabi/lib/thumb/v7e-m/nofp/crt0.o
[...]
Memory Configuration

Name             Origin             Length             Attributes
ROM              0x0000000008000000 0x0000000000040000 xr
RAM1             0x0000000020000000 0x0000000000008000 xrw
RAM2             0x0000000020008000 0x0000000000008000 xrw
*default*        0x0000000000000000 0xffffffffffffffff

Linker script and memory map

LOAD /home/eatkinso/Downloads/gcc-arm-none-eabi-10.3-2021.07/gcc-arm-none-eabi-10.3-2021.07/bin/../lib/gcc/arm-none-eabi/10.3.1/thumb/v7e-m/nofp/crti.o
LOAD /home/eatkinso/Downloads/gcc-arm-none-eabi-10.3-2021.07/gcc-arm-none-eabi-10.3-2021.07/bin/../lib/gcc/arm-none-eabi/10.3.1/thumb/v7e-m/nofp/crtbegin.o
LOAD /home/eatkinso/Downloads/gcc-arm-none-eabi-10.3-2021.07/gcc-arm-none-eabi-10.3-2021.07/bin/../lib/gcc/arm-none-eabi/10.3.1/../../../../arm-none-eabi/lib/thumb/v7e-m/nofp/crt0.o
LOAD build/main.o
LOAD build/stm32wlxx_it.o
LOAD build/stm32wlxx_hal_msp.o
LOAD build/stm32wlxx_hal_adc.o
LOAD build/stm32wlxx_hal_adc_ex.o
LOAD build/stm32wlxx_ll_adc.o
LOAD build/stm32wlxx_hal_rcc.o
LOAD build/stm32wlxx_hal_rcc_ex.o
LOAD build/stm32wlxx_hal_flash.o
LOAD build/stm32wlxx_hal_flash_ex.o
LOAD build/stm32wlxx_hal_gpio.o
LOAD build/stm32wlxx_hal_dma.o
LOAD build/stm32wlxx_hal_dma_ex.o
LOAD build/stm32wlxx_hal_pwr.o
LOAD build/stm32wlxx_hal_pwr_ex.o
LOAD build/stm32wlxx_hal_cortex.o
LOAD build/stm32wlxx_hal.o
LOAD build/stm32wlxx_hal_exti.o
LOAD build/stm32wlxx_hal_uart.o
LOAD build/stm32wlxx_hal_uart_ex.o
LOAD build/stm32wlxx_hal_tim.o
LOAD build/stm32wlxx_hal_tim_ex.o
LOAD build/system_stm32wlxx.o
LOAD build/startup_stm32wl55xx_cm4.o
LOAD /home/eatkinso/Downloads/gcc-arm-none-eabi-10.3-2021.07/gcc-arm-none-eabi-10.3-2021.07/bin/../lib/gcc/arm-none-eabi/10.3.1/../../../../arm-none-eabi/lib/thumb/v7e-m/nofp/libc_nano.a
LOAD /home/eatkinso/Downloads/gcc-arm-none-eabi-10.3-2021.07/gcc-arm-none-eabi-10.3-2021.07/bin/../lib/gcc/arm-none-eabi/10.3.1/../../../../arm-none-eabi/lib/thumb/v7e-m/nofp/libm.a
LOAD /home/eatkinso/Downloads/gcc-arm-none-eabi-10.3-2021.07/gcc-arm-none-eabi-10.3-2021.07/bin/../lib/gcc/arm-none-eabi/10.3.1/../../../../arm-none-eabi/lib/thumb/v7e-m/nofp/libnosys.a
START GROUP
LOAD /home/eatkinso/Downloads/gcc-arm-none-eabi-10.3-2021.07/gcc-arm-none-eabi-10.3-2021.07/bin/../lib/gcc/arm-none-eabi/10.3.1/thumb/v7e-m/nofp/libgcc.a
LOAD /home/eatkinso/Downloads/gcc-arm-none-eabi-10.3-2021.07/gcc-arm-none-eabi-10.3-2021.07/bin/../lib/gcc/arm-none-eabi/10.3.1/../../../../arm-none-eabi/lib/thumb/v7e-m/nofp/libc_nano.a
END GROUP
START GROUP
LOAD /home/eatkinso/Downloads/gcc-arm-none-eabi-10.3-2021.07/gcc-arm-none-eabi-10.3-2021.07/bin/../lib/gcc/arm-none-eabi/10.3.1/thumb/v7e-m/nofp/libgcc.a
LOAD /home/eatkinso/Downloads/gcc-arm-none-eabi-10.3-2021.07/gcc-arm-none-eabi-10.3-2021.07/bin/../lib/gcc/arm-none-eabi/10.3.1/../../../../arm-none-eabi/lib/thumb/v7e-m/nofp/libc_nano.a
END GROUP
LOAD /home/eatkinso/Downloads/gcc-arm-none-eabi-10.3-2021.07/gcc-arm-none-eabi-10.3-2021.07/bin/../lib/gcc/arm-none-eabi/10.3.1/thumb/v7e-m/nofp/crtend.o
LOAD /home/eatkinso/Downloads/gcc-arm-none-eabi-10.3-2021.07/gcc-arm-none-eabi-10.3-2021.07/bin/../lib/gcc/arm-none-eabi/10.3.1/thumb/v7e-m/nofp/crtn.o
                0x0000000020008000                _estack = (ORIGIN (RAM1) + LENGTH (RAM1))
                0x0000000000000200                _Min_Heap_Size = 0x200
                0x0000000000000400                _Min_Stack_Size = 0x400

.isr_vector     0x0000000008000000      0x138
                0x0000000008000000                . = ALIGN (0x8)
 *(.isr_vector)
 .isr_vector    0x0000000008000000      0x138 build/startup_stm32wl55xx_cm4.o
                0x0000000008000000                g_pfnVectors
                0x0000000008000138                . = ALIGN (0x8)

.text           0x0000000008000138     0x3190
                0x0000000008000138                . = ALIGN (0x8)
 *(.text)
 .text          0x0000000008000138       0x40 /home/eatkinso/Downloads/gcc-arm-none-eabi-10.3-2021.07/gcc-arm-none-eabi-10.3-2021.07/bin/../lib/gcc/arm-none-eabi/10.3.1/thumb/v7e-m/nofp/crtbegin.o
 .text          0x0000000008000178       0x30 /home/eatkinso/Downloads/gcc-arm-none-eabi-10.3-2021.07/gcc-arm-none-eabi-10.3-2021.07/bin/../lib/gcc/arm-none-eabi/10.3.1/thumb/v7e-m/nofp/libgcc.a(_aeabi_uldivmod.o)
                0x0000000008000178                __aeabi_uldivmod
 .text          0x00000000080001a8      0x2d0 /home/eatkinso/Downloads/gcc-arm-none-eabi-10.3-2021.07/gcc-arm-none-eabi-10.3-2021.07/bin/../lib/gcc/arm-none-eabi/10.3.1/thumb/v7e-m/nofp/libgcc.a(_udivmoddi4.o)
                0x00000000080001a8                __udivmoddi4
 .text          0x0000000008000478        0x4 /home/eatkinso/Downloads/gcc-arm-none-eabi-10.3-2021.07/gcc-arm-none-eabi-10.3-2021.07/bin/../lib/gcc/arm-none-eabi/10.3.1/thumb/v7e-m/nofp/libgcc.a(_dvmd_tls.o)
                0x0000000008000478                __aeabi_ldiv0
                0x0000000008000478                __aeabi_idiv0
 *(.text*)
 .text.MX_GPIO_Init
                0x000000000800047c       0xb0 build/main.o
 .text.Error_Handler
                0x000000000800052c        0x4 build/main.o
                0x000000000800052c                Error_Handler
 .text.MX_USART1_UART_Init
                0x0000000008000530       0x6c build/main.o
 .text.MX_ADC_Init
                0x000000000800059c       0x54 build/main.o
 .text.MX_LPUART1_UART_Init
                0x00000000080005f0       0x68 build/main.o
 .text.MX_TIM1_Init
                0x0000000008000658       0xf4 build/main.o
 .text.MX_TIM2_Init
                0x000000000800074c       0x70 build/main.o
 .text.SystemClock_Config
                0x00000000080007bc       0x84 build/main.o
                0x00000000080007bc                SystemClock_Config
 .text.main     0x0000000008000840       0x48 build/main.o
                0x0000000008000840                main
 .text.NMI_Handler
                0x0000000008000888        0x2 build/stm32wlxx_it.o
                0x0000000008000888                NMI_Handler
 .text.HardFault_Handler
                0x000000000800088a        0x2 build/stm32wlxx_it.o
                0x000000000800088a                HardFault_Handler
 .text.MemManage_Handler
                0x000000000800088c        0x2 build/stm32wlxx_it.o
                0x000000000800088c                MemManage_Handler
 .text.BusFault_Handler
                0x000000000800088e        0x2 build/stm32wlxx_it.o
                0x000000000800088e                BusFault_Handler
 .text.UsageFault_Handler
                0x0000000008000890        0x2 build/stm32wlxx_it.o
                0x0000000008000890                UsageFault_Handler
 .text.SVC_Handler
                0x0000000008000892        0x2 build/stm32wlxx_it.o
                0x0000000008000892                SVC_Handler
 .text.DebugMon_Handler
                0x0000000008000894        0x2 build/stm32wlxx_it.o
                0x0000000008000894                DebugMon_Handler
 .text.PendSV_Handler
                0x0000000008000896        0x2 build/stm32wlxx_it.o
                0x0000000008000896                PendSV_Handler
 .text.SysTick_Handler
                0x0000000008000898        0x8 build/stm32wlxx_it.o
                0x0000000008000898                SysTick_Handler
 .text.USART1_IRQHandler
                0x00000000080008a0       0x10 build/stm32wlxx_it.o
                0x00000000080008a0                USART1_IRQHandler
 .text.LPUART1_IRQHandler
                0x00000000080008b0       0x10 build/stm32wlxx_it.o
                0x00000000080008b0                LPUART1_IRQHandler
 .text.HAL_MspInit
                0x00000000080008c0        0x2 build/stm32wlxx_hal_msp.o
                0x00000000080008c0                HAL_MspInit
 *fill*         0x00000000080008c2        0x2 
 .text.HAL_ADC_MspInit
                0x00000000080008c4       0x2c build/stm32wlxx_hal_msp.o
                0x00000000080008c4                HAL_ADC_MspInit
 .text.HAL_UART_MspInit
                0x00000000080008f0      0x140 build/stm32wlxx_hal_msp.o
                0x00000000080008f0                HAL_UART_MspInit
 .text.HAL_TIM_Base_MspInit
                0x0000000008000a30       0x48 build/stm32wlxx_hal_msp.o
                0x0000000008000a30                HAL_TIM_Base_MspInit
 .text.HAL_TIM_MspPostInit
                0x0000000008000a78       0x54 build/stm32wlxx_hal_msp.o
                0x0000000008000a78                HAL_TIM_MspPostInit
 .text.HAL_ADC_Init
                0x0000000008000acc      0x258 build/stm32wlxx_hal_adc.o
                0x0000000008000acc                HAL_ADC_Init
 .text.RCC_SetFlashLatency
                0x0000000008000d24       0xbc build/stm32wlxx_hal_rcc.o
 .text.RCC_SetFlashLatencyFromMSIRange
                0x0000000008000de0       0x44 build/stm32wlxx_hal_rcc.o
 .text.HAL_RCC_GetSysClockFreq
                0x0000000008000e24      0x110 build/stm32wlxx_hal_rcc.o
                0x0000000008000e24                HAL_RCC_GetSysClockFreq
 .text.HAL_RCC_GetHCLKFreq
                0x0000000008000f34       0x20 build/stm32wlxx_hal_rcc.o
                0x0000000008000f34                HAL_RCC_GetHCLKFreq
 .text.HAL_RCC_OscConfig
                0x0000000008000f54      0x678 build/stm32wlxx_hal_rcc.o
                0x0000000008000f54                HAL_RCC_OscConfig
 .text.HAL_RCC_ClockConfig
                0x00000000080015cc      0x268 build/stm32wlxx_hal_rcc.o
                0x00000000080015cc                HAL_RCC_ClockConfig
 .text.HAL_RCC_GetPCLK1Freq
                0x0000000008001834       0x20 build/stm32wlxx_hal_rcc.o
                0x0000000008001834                HAL_RCC_GetPCLK1Freq
 .text.HAL_RCC_GetPCLK2Freq
                0x0000000008001854       0x20 build/stm32wlxx_hal_rcc.o
                0x0000000008001854                HAL_RCC_GetPCLK2Freq
 .text.HAL_RCCEx_PeriphCLKConfig
                0x0000000008001874      0x294 build/stm32wlxx_hal_rcc_ex.o
                0x0000000008001874                HAL_RCCEx_PeriphCLKConfig
 .text.HAL_GPIO_Init
                0x0000000008001b08      0x1a4 build/stm32wlxx_hal_gpio.o
                0x0000000008001b08                HAL_GPIO_Init
 .text.HAL_GPIO_WritePin
                0x0000000008001cac        0xa build/stm32wlxx_hal_gpio.o
                0x0000000008001cac                HAL_GPIO_WritePin
 .text.HAL_DMA_Abort
                0x0000000008001cb6       0x74 build/stm32wlxx_hal_dma.o
                0x0000000008001cb6                HAL_DMA_Abort
 .text.HAL_DMA_Abort_IT
                0x0000000008001d2a       0x72 build/stm32wlxx_hal_dma.o
                0x0000000008001d2a                HAL_DMA_Abort_IT
 .text.HAL_PWR_EnableBkUpAccess
                0x0000000008001d9c       0x10 build/stm32wlxx_hal_pwr.o
                0x0000000008001d9c                HAL_PWR_EnableBkUpAccess
 .text.HAL_PWREx_GetVoltageRange
                0x0000000008001dac       0x10 build/stm32wlxx_hal_pwr_ex.o
                0x0000000008001dac                HAL_PWREx_GetVoltageRange
 .text.HAL_NVIC_SetPriorityGrouping
                0x0000000008001dbc       0x24 build/stm32wlxx_hal_cortex.o
                0x0000000008001dbc                HAL_NVIC_SetPriorityGrouping
 .text.HAL_NVIC_SetPriority
                0x0000000008001de0       0x70 build/stm32wlxx_hal_cortex.o
                0x0000000008001de0                HAL_NVIC_SetPriority
 .text.HAL_NVIC_EnableIRQ
                0x0000000008001e50       0x1c build/stm32wlxx_hal_cortex.o
                0x0000000008001e50                HAL_NVIC_EnableIRQ
 .text.HAL_SYSTICK_Config
                0x0000000008001e6c       0x28 build/stm32wlxx_hal_cortex.o
                0x0000000008001e6c                HAL_SYSTICK_Config
 .text.HAL_InitTick
                0x0000000008001e94       0x50 build/stm32wlxx_hal.o
                0x0000000008001e94                HAL_InitTick
 .text.HAL_Init
                0x0000000008001ee4       0x2c build/stm32wlxx_hal.o
                0x0000000008001ee4                HAL_Init
 .text.HAL_IncTick
                0x0000000008001f10       0x18 build/stm32wlxx_hal.o
                0x0000000008001f10                HAL_IncTick
 .text.HAL_GetTick
                0x0000000008001f28        0xc build/stm32wlxx_hal.o
                0x0000000008001f28                HAL_GetTick
 .text.UART_EndRxTransfer
                0x0000000008001f34       0x56 build/stm32wlxx_hal_uart.o
 .text.HAL_UART_TxCpltCallback
                0x0000000008001f8a        0x2 build/stm32wlxx_hal_uart.o
                0x0000000008001f8a                HAL_UART_TxCpltCallback
 .text.UART_EndTransmit_IT
                0x0000000008001f8c       0x24 build/stm32wlxx_hal_uart.o
 .text.HAL_UART_ErrorCallback
                0x0000000008001fb0        0x2 build/stm32wlxx_hal_uart.o
                0x0000000008001fb0                HAL_UART_ErrorCallback
 .text.UART_DMAAbortOnError
                0x0000000008001fb2       0x14 build/stm32wlxx_hal_uart.o
 .text.HAL_UARTEx_RxEventCallback
                0x0000000008001fc6        0x2 build/stm32wlxx_hal_uart.o
                0x0000000008001fc6                HAL_UARTEx_RxEventCallback
 .text.HAL_UART_IRQHandler
                0x0000000008001fc8      0x334 build/stm32wlxx_hal_uart.o
                0x0000000008001fc8                HAL_UART_IRQHandler
 .text.UART_SetConfig
                0x00000000080022fc      0x2cc build/stm32wlxx_hal_uart.o
                0x00000000080022fc                UART_SetConfig
 .text.UART_AdvFeatureConfig
                0x00000000080025c8       0xca build/stm32wlxx_hal_uart.o
                0x00000000080025c8                UART_AdvFeatureConfig
 .text.UART_WaitOnFlagUntilTimeout
                0x0000000008002692       0xdc build/stm32wlxx_hal_uart.o
                0x0000000008002692                UART_WaitOnFlagUntilTimeout
 .text.HAL_UART_Transmit
                0x000000000800276e       0xde build/stm32wlxx_hal_uart.o
                0x000000000800276e                HAL_UART_Transmit
 .text.UART_CheckIdleState
                0x000000000800284c       0x74 build/stm32wlxx_hal_uart.o
                0x000000000800284c                UART_CheckIdleState
 .text.HAL_UART_Init
                0x00000000080028c0       0x66 build/stm32wlxx_hal_uart.o
                0x00000000080028c0                HAL_UART_Init
 *fill*         0x0000000008002926        0x2 
 .text.UARTEx_SetNbDataToProcess
                0x0000000008002928       0x4c build/stm32wlxx_hal_uart_ex.o
 .text.HAL_UARTEx_WakeupCallback
                0x0000000008002974        0x2 build/stm32wlxx_hal_uart_ex.o
                0x0000000008002974                HAL_UARTEx_WakeupCallback
 .text.HAL_UARTEx_RxFifoFullCallback
                0x0000000008002976        0x2 build/stm32wlxx_hal_uart_ex.o
                0x0000000008002976                HAL_UARTEx_RxFifoFullCallback
 .text.HAL_UARTEx_TxFifoEmptyCallback
                0x0000000008002978        0x2 build/stm32wlxx_hal_uart_ex.o
                0x0000000008002978                HAL_UARTEx_TxFifoEmptyCallback
 .text.HAL_UARTEx_EnableFifoMode
                0x000000000800297a       0x48 build/stm32wlxx_hal_uart_ex.o
                0x000000000800297a                HAL_UARTEx_EnableFifoMode
 .text.HAL_UARTEx_DisableFifoMode
                0x00000000080029c2       0x3e build/stm32wlxx_hal_uart_ex.o
                0x00000000080029c2                HAL_UARTEx_DisableFifoMode
 .text.HAL_UARTEx_SetTxFifoThreshold
                0x0000000008002a00       0x4a build/stm32wlxx_hal_uart_ex.o
                0x0000000008002a00                HAL_UARTEx_SetTxFifoThreshold
 .text.HAL_UARTEx_SetRxFifoThreshold
                0x0000000008002a4a       0x4a build/stm32wlxx_hal_uart_ex.o
                0x0000000008002a4a                HAL_UARTEx_SetRxFifoThreshold
 .text.TIM_OC1_SetConfig
                0x0000000008002a94       0x80 build/stm32wlxx_hal_tim.o
 .text.TIM_OC3_SetConfig
                0x0000000008002b14       0x74 build/stm32wlxx_hal_tim.o
 .text.TIM_OC4_SetConfig
                0x0000000008002b88       0x5c build/stm32wlxx_hal_tim.o
 .text.TIM_OC5_SetConfig
                0x0000000008002be4       0x58 build/stm32wlxx_hal_tim.o
 .text.TIM_OC6_SetConfig
                0x0000000008002c3c       0x5c build/stm32wlxx_hal_tim.o
 .text.TIM_TI1_ConfigInputStage
                0x0000000008002c98       0x24 build/stm32wlxx_hal_tim.o
 .text.TIM_TI2_ConfigInputStage
                0x0000000008002cbc       0x26 build/stm32wlxx_hal_tim.o
 .text.TIM_ITRx_SetConfig
                0x0000000008002ce2       0x14 build/stm32wlxx_hal_tim.o
 .text.HAL_TIM_PWM_MspInit
                0x0000000008002cf6        0x2 build/stm32wlxx_hal_tim.o
                0x0000000008002cf6                HAL_TIM_PWM_MspInit
 .text.TIM_Base_SetConfig
                0x0000000008002cf8       0x70 build/stm32wlxx_hal_tim.o
                0x0000000008002cf8                TIM_Base_SetConfig
 .text.HAL_TIM_Base_Init
                0x0000000008002d68       0x60 build/stm32wlxx_hal_tim.o
                0x0000000008002d68                HAL_TIM_Base_Init
 .text.HAL_TIM_PWM_Init
                0x0000000008002dc8       0x60 build/stm32wlxx_hal_tim.o
                0x0000000008002dc8                HAL_TIM_PWM_Init
 .text.TIM_OC2_SetConfig
                0x0000000008002e28       0x78 build/stm32wlxx_hal_tim.o
                0x0000000008002e28                TIM_OC2_SetConfig
 .text.HAL_TIM_PWM_ConfigChannel
                0x0000000008002ea0      0x13a build/stm32wlxx_hal_tim.o
                0x0000000008002ea0                HAL_TIM_PWM_ConfigChannel
 .text.TIM_ETR_SetConfig
                0x0000000008002fda       0x18 build/stm32wlxx_hal_tim.o
                0x0000000008002fda                TIM_ETR_SetConfig
 *fill*         0x0000000008002ff2        0x2 
 .text.HAL_TIM_ConfigClockSource
                0x0000000008002ff4      0x100 build/stm32wlxx_hal_tim.o
                0x0000000008002ff4                HAL_TIM_ConfigClockSource
 .text.HAL_TIMEx_MasterConfigSynchronization
                0x00000000080030f4       0x68 build/stm32wlxx_hal_tim_ex.o
                0x00000000080030f4                HAL_TIMEx_MasterConfigSynchronization
 .text.HAL_TIMEx_ConfigBreakDeadTime
                0x000000000800315c       0xa0 build/stm32wlxx_hal_tim_ex.o
                0x000000000800315c                HAL_TIMEx_ConfigBreakDeadTime
 .text.SystemInit
                0x00000000080031fc        0x2 build/system_stm32wlxx.o
                0x00000000080031fc                SystemInit
 *fill*         0x00000000080031fe        0x2 
 .text.Reset_Handler
                0x0000000008003200       0x50 build/startup_stm32wl55xx_cm4.o
                0x0000000008003200                Reset_Handler
 .text.Default_Handler
                0x0000000008003250        0x2 build/startup_stm32wl55xx_cm4.o
                0x0000000008003250                RTC_Alarm_IRQHandler
                0x0000000008003250                EXTI2_IRQHandler
                0x0000000008003250                TIM1_CC_IRQHandler
                0x0000000008003250                EXTI3_IRQHandler
                0x0000000008003250                LPTIM2_IRQHandler
                0x0000000008003250                I2C3_ER_IRQHandler
                0x0000000008003250                LPTIM3_IRQHandler
                0x0000000008003250                EXTI0_IRQHandler
                0x0000000008003250                I2C2_EV_IRQHandler
                0x0000000008003250                TAMP_STAMP_LSECSS_SSRU_IRQHandler
                0x0000000008003250                SPI1_IRQHandler
                0x0000000008003250                DMA2_Channel2_IRQHandler
                0x0000000008003250                DMA1_Channel4_IRQHandler
                0x0000000008003250                PKA_IRQHandler
                0x0000000008003250                TIM17_IRQHandler
                0x0000000008003250                DMA1_Channel7_IRQHandler
                0x0000000008003250                SUBGHZSPI_IRQHandler
                0x0000000008003250                IPCC_C1_TX_IRQHandler
                0x0000000008003250                DMA2_Channel1_IRQHandler
                0x0000000008003250                I2C1_EV_IRQHandler
                0x0000000008003250                SUBGHZ_Radio_IRQHandler
                0x0000000008003250                DMAMUX1_OVR_IRQHandler
                0x0000000008003250                DMA1_Channel6_IRQHandler
                0x0000000008003250                TIM16_IRQHandler
                0x0000000008003250                DMA2_Channel4_IRQHandler
                0x0000000008003250                RCC_IRQHandler
                0x0000000008003250                TIM1_TRG_COM_IRQHandler
                0x0000000008003250                DMA1_Channel1_IRQHandler
                0x0000000008003250                Default_Handler
                0x0000000008003250                DMA2_Channel7_IRQHandler
                0x0000000008003250                EXTI15_10_IRQHandler
                0x0000000008003250                IPCC_C1_RX_IRQHandler
                0x0000000008003250                ADC_IRQHandler
                0x0000000008003250                C2SEV_PWR_C2H_IRQHandler
                0x0000000008003250                I2C3_EV_IRQHandler
                0x0000000008003250                EXTI9_5_IRQHandler
                0x0000000008003250                RTC_WKUP_IRQHandler
                0x0000000008003250                PVD_PVM_IRQHandler
                0x0000000008003250                SPI2_IRQHandler
                0x0000000008003250                DMA2_Channel5_IRQHandler
                0x0000000008003250                DMA1_Channel5_IRQHandler
                0x0000000008003250                EXTI4_IRQHandler
                0x0000000008003250                RNG_IRQHandler
                0x0000000008003250                DMA1_Channel3_IRQHandler
                0x0000000008003250                COMP_IRQHandler
                0x0000000008003250                HSEM_IRQHandler
                0x0000000008003250                TIM1_UP_IRQHandler
                0x0000000008003250                WWDG_IRQHandler
                0x0000000008003250                DMA2_Channel6_IRQHandler
                0x0000000008003250                TIM2_IRQHandler
                0x0000000008003250                TIM1_BRK_IRQHandler
                0x0000000008003250                DAC_IRQHandler
                0x0000000008003250                EXTI1_IRQHandler
                0x0000000008003250                AES_IRQHandler
                0x0000000008003250                USART2_IRQHandler
                0x0000000008003250                I2C2_ER_IRQHandler
                0x0000000008003250                DMA1_Channel2_IRQHandler
                0x0000000008003250                FLASH_IRQHandler
                0x0000000008003250                I2C1_ER_IRQHandler
                0x0000000008003250                LPTIM1_IRQHandler
                0x0000000008003250                DMA2_Channel3_IRQHandler
 *fill*         0x0000000008003252        0x2 
 .text.__libc_init_array
                0x0000000008003254       0x48 /home/eatkinso/Downloads/gcc-arm-none-eabi-10.3-2021.07/gcc-arm-none-eabi-10.3-2021.07/bin/../lib/gcc/arm-none-eabi/10.3.1/../../../../arm-none-eabi/lib/thumb/v7e-m/nofp/libc_nano.a(lib_a-init.o)
                0x0000000008003254                __libc_init_array
 .text.memset   0x000000000800329c       0x10 /home/eatkinso/Downloads/gcc-arm-none-eabi-10.3-2021.07/gcc-arm-none-eabi-10.3-2021.07/bin/../lib/gcc/arm-none-eabi/10.3.1/../../../../arm-none-eabi/lib/thumb/v7e-m/nofp/libc_nano.a(lib_a-memset.o)
                0x000000000800329c                memset
 *(.glue_7)
 .glue_7        0x00000000080032ac        0x0 linker stubs
 *(.glue_7t)
 .glue_7t       0x00000000080032ac        0x0 linker stubs
 *(.eh_frame)
 .eh_frame      0x00000000080032ac        0x0 /home/eatkinso/Downloads/gcc-arm-none-eabi-10.3-2021.07/gcc-arm-none-eabi-10.3-2021.07/bin/../lib/gcc/arm-none-eabi/10.3.1/thumb/v7e-m/nofp/crtbegin.o
 *(.init)
 .init          0x00000000080032ac        0x4 /home/eatkinso/Downloads/gcc-arm-none-eabi-10.3-2021.07/gcc-arm-none-eabi-10.3-2021.07/bin/../lib/gcc/arm-none-eabi/10.3.1/thumb/v7e-m/nofp/crti.o
                0x00000000080032ac                _init
 .init          0x00000000080032b0        0x8 /home/eatkinso/Downloads/gcc-arm-none-eabi-10.3-2021.07/gcc-arm-none-eabi-10.3-2021.07/bin/../lib/gcc/arm-none-eabi/10.3.1/thumb/v7e-m/nofp/crtn.o
 *(.fini)
 .fini          0x00000000080032b8        0x4 /home/eatkinso/Downloads/gcc-arm-none-eabi-10.3-2021.07/gcc-arm-none-eabi-10.3-2021.07/bin/../lib/gcc/arm-none-eabi/10.3.1/thumb/v7e-m/nofp/crti.o
                0x00000000080032b8                _fini
 .fini          0x00000000080032bc        0x8 /home/eatkinso/Downloads/gcc-arm-none-eabi-10.3-2021.07/gcc-arm-none-eabi-10.3-2021.07/bin/../lib/gcc/arm-none-eabi/10.3.1/thumb/v7e-m/nofp/crtn.o
                0x00000000080032c8                . = ALIGN (0x8)
 *fill*         0x00000000080032c4        0x4 
                0x00000000080032c8                _etext = .

.vfp11_veneer   0x00000000080032c8        0x0
 .vfp11_veneer  0x00000000080032c8        0x0 linker stubs

.v4_bx          0x00000000080032c8        0x0
 .v4_bx         0x00000000080032c8        0x0 linker stubs

.iplt           0x00000000080032c8        0x0
 .iplt          0x00000000080032c8        0x0 /home/eatkinso/Downloads/gcc-arm-none-eabi-10.3-2021.07/gcc-arm-none-eabi-10.3-2021.07/bin/../lib/gcc/arm-none-eabi/10.3.1/thumb/v7e-m/nofp/crtbegin.o

.rodata         0x00000000080032c8       0xe8
                0x00000000080032c8                . = ALIGN (0x8)
 *(.rodata)
 .rodata        0x00000000080032c8       0x1c build/stm32wlxx_hal_rcc.o
 *(.rodata*)
 .rodata.UARTPrescTable
                0x00000000080032e4       0x18 build/stm32wlxx_hal_uart.o
                0x00000000080032e4                UARTPrescTable
 .rodata.denominator.0
                0x00000000080032fc        0x8 build/stm32wlxx_hal_uart_ex.o
 .rodata.numerator.1
                0x0000000008003304        0x8 build/stm32wlxx_hal_uart_ex.o
 .rodata.AHBPrescTable
                0x000000000800330c       0x40 build/system_stm32wlxx.o
                0x000000000800330c                AHBPrescTable
 .rodata.APBPrescTable
                0x000000000800334c       0x20 build/system_stm32wlxx.o
                0x000000000800334c                APBPrescTable
 .rodata.MSIRangeTable
                0x000000000800336c       0x40 build/system_stm32wlxx.o
                0x000000000800336c                MSIRangeTable
                0x00000000080033b0                . = ALIGN (0x8)
 *fill*         0x00000000080033ac        0x4 

.ARM.extab      0x00000000080033b0        0x0
                0x00000000080033b0                . = ALIGN (0x8)
 *(.ARM.extab* .gnu.linkonce.armextab.*)
                0x00000000080033b0                . = ALIGN (0x8)

.ARM            0x00000000080033b0        0x8
                0x00000000080033b0                . = ALIGN (0x8)
                0x00000000080033b0                __exidx_start = .
 *(.ARM.exidx*)
 .ARM.exidx     0x00000000080033b0        0x8 /home/eatkinso/Downloads/gcc-arm-none-eabi-10.3-2021.07/gcc-arm-none-eabi-10.3-2021.07/bin/../lib/gcc/arm-none-eabi/10.3.1/thumb/v7e-m/nofp/libgcc.a(_udivmoddi4.o)
                0x00000000080033b8                __exidx_end = .
                0x00000000080033b8                . = ALIGN (0x8)

.rel.dyn        0x00000000080033b8        0x0
 .rel.iplt      0x00000000080033b8        0x0 /home/eatkinso/Downloads/gcc-arm-none-eabi-10.3-2021.07/gcc-arm-none-eabi-10.3-2021.07/bin/../lib/gcc/arm-none-eabi/10.3.1/thumb/v7e-m/nofp/crtbegin.o

.preinit_array  0x00000000080033b8        0x0
                0x00000000080033b8                . = ALIGN (0x8)
                0x00000000080033b8                PROVIDE (__preinit_array_start = .)
 *(.preinit_array*)
                0x00000000080033b8                PROVIDE (__preinit_array_end = .)
                0x00000000080033b8                . = ALIGN (0x8)

.init_array     0x00000000080033b8        0x8
                0x00000000080033b8                . = ALIGN (0x8)
                0x00000000080033b8                PROVIDE (__init_array_start = .)
 *(SORT_BY_NAME(.init_array.*))
 *(.init_array*)
 .init_array    0x00000000080033b8        0x4 /home/eatkinso/Downloads/gcc-arm-none-eabi-10.3-2021.07/gcc-arm-none-eabi-10.3-2021.07/bin/../lib/gcc/arm-none-eabi/10.3.1/thumb/v7e-m/nofp/crtbegin.o
                0x00000000080033bc                PROVIDE (__init_array_end = .)
                0x00000000080033c0                . = ALIGN (0x8)
 *fill*         0x00000000080033bc        0x4 

.fini_array     0x00000000080033c0        0x8
                0x00000000080033c0                . = ALIGN (0x8)
                [!provide]                        PROVIDE (__fini_array_start = .)
 *(SORT_BY_NAME(.fini_array.*))
 *(.fini_array*)
 .fini_array    0x00000000080033c0        0x4 /home/eatkinso/Downloads/gcc-arm-none-eabi-10.3-2021.07/gcc-arm-none-eabi-10.3-2021.07/bin/../lib/gcc/arm-none-eabi/10.3.1/thumb/v7e-m/nofp/crtbegin.o
                [!provide]                        PROVIDE (__fini_array_end = .)
                0x00000000080033c8                . = ALIGN (0x8)
 *fill*         0x00000000080033c4        0x4 
                0x00000000080033c8                _sidata = LOADADDR (.data)

.data           0x0000000020000000       0x20 load address 0x00000000080033c8
                0x0000000020000000                . = ALIGN (0x8)
                0x0000000020000000                _sdata = .
 *(.data)
 *(.data*)
 .data.dummymsg
                0x0000000020000000       0x10 build/main.o
                0x0000000020000000                dummymsg
 .data.uwTickFreq
                0x0000000020000010        0x1 build/stm32wlxx_hal.o
                0x0000000020000010                uwTickFreq
 *fill*         0x0000000020000011        0x3 
 .data.uwTickPrio
                0x0000000020000014        0x4 build/stm32wlxx_hal.o
                0x0000000020000014                uwTickPrio
 .data.SystemCoreClock
                0x0000000020000018        0x4 build/system_stm32wlxx.o
                0x0000000020000018                SystemCoreClock
                0x0000000020000020                . = ALIGN (0x8)
 *fill*         0x000000002000001c        0x4 
                0x0000000020000020                _edata = .

.igot.plt       0x0000000020000020        0x0 load address 0x00000000080033e8
 .igot.plt      0x0000000020000020        0x0 /home/eatkinso/Downloads/gcc-arm-none-eabi-10.3-2021.07/gcc-arm-none-eabi-10.3-2021.07/bin/../lib/gcc/arm-none-eabi/10.3.1/thumb/v7e-m/nofp/crtbegin.o
                0x0000000020000020                . = ALIGN (0x8)

.bss            0x0000000020000020      0x240 load address 0x00000000080033e8
                0x0000000020000020                _sbss = .
                0x0000000020000020                __bss_start__ = _sbss
 *(.bss)
 .bss           0x0000000020000020       0x1c /home/eatkinso/Downloads/gcc-arm-none-eabi-10.3-2021.07/gcc-arm-none-eabi-10.3-2021.07/bin/../lib/gcc/arm-none-eabi/10.3.1/thumb/v7e-m/nofp/crtbegin.o
 *(.bss*)
 .bss.hadc      0x000000002000003c       0x64 build/main.o
                0x000000002000003c                hadc
 .bss.hlpuart1  0x00000000200000a0       0x90 build/main.o
                0x00000000200000a0                hlpuart1
 .bss.htim1     0x0000000020000130       0x4c build/main.o
                0x0000000020000130                htim1
 .bss.htim2     0x000000002000017c       0x4c build/main.o
                0x000000002000017c                htim2
 .bss.huart1    0x00000000200001c8       0x90 build/main.o
                0x00000000200001c8                huart1
 .bss.uwTick    0x0000000020000258        0x4 build/stm32wlxx_hal.o
                0x0000000020000258                uwTick
 *(COMMON)
                0x0000000020000260                . = ALIGN (0x8)
 *fill*         0x000000002000025c        0x4 
                0x0000000020000260                _ebss = .
                0x0000000020000260                __bss_end__ = _ebss
                0x0000000020000260                . = ALIGN (0x8)

RAM1_region     0x0000000020000260        0x0 load address 0x00000000080033e8
                0x0000000020000260                _sRAM1_region = .
 *(.RAM1_region)
                0x0000000020000260                . = ALIGN (0x8)
                0x0000000020000260                _eRAM1_region = .
                0x0000000020000260                . = ALIGN (0x8)

RAM2_region     0x0000000020008000        0x0
                0x0000000020008000                _sRAM2_region = .
 *(.RAM2_region)
                0x0000000020008000                . = ALIGN (0x8)
                0x0000000020008000                _eRAM2_region = .

._user_heap_stack
                0x0000000020000260      0x600
                0x0000000020000260                . = ALIGN (0x8)
                [!provide]                        PROVIDE (end = .)
                [!provide]                        PROVIDE (_end = .)
                0x0000000020000460                . = (. + _Min_Heap_Size)
 *fill*         0x0000000020000260      0x200 
                0x0000000020000860                . = (. + _Min_Stack_Size)
 *fill*         0x0000000020000460      0x400 
                0x0000000020000860                . = ALIGN (0x8)

/DISCARD/
 libc.a(*)
 libm.a(*)
 libgcc.a(*)

.ARM.attributes
                0x0000000000000000       0x2a
 *(.ARM.attributes)
 .ARM.attributes
                0x0000000000000000       0x1e /home/eatkinso/Downloads/gcc-arm-none-eabi-10.3-2021.07/gcc-arm-none-eabi-10.3-2021.07/bin/../lib/gcc/arm-none-eabi/10.3.1/thumb/v7e-m/nofp/crti.o
 .ARM.attributes
                0x000000000000001e       0x2e /home/eatkinso/Downloads/gcc-arm-none-eabi-10.3-2021.07/gcc-arm-none-eabi-10.3-2021.07/bin/../lib/gcc/arm-none-eabi/10.3.1/thumb/v7e-m/nofp/crtbegin.o
 .ARM.attributes
                0x000000000000004c       0x2e build/main.o
 .ARM.attributes
                0x000000000000007a       0x2e build/stm32wlxx_it.o
 .ARM.attributes
                0x00000000000000a8       0x2e build/stm32wlxx_hal_msp.o
 .ARM.attributes
                0x00000000000000d6       0x2e build/stm32wlxx_hal_adc.o
 .ARM.attributes
                0x0000000000000104       0x2e build/stm32wlxx_hal_rcc.o
 .ARM.attributes
                0x0000000000000132       0x2e build/stm32wlxx_hal_rcc_ex.o
 .ARM.attributes
                0x0000000000000160       0x2e build/stm32wlxx_hal_gpio.o
 .ARM.attributes
                0x000000000000018e       0x2e build/stm32wlxx_hal_dma.o
 .ARM.attributes
                0x00000000000001bc       0x2e build/stm32wlxx_hal_pwr.o
 .ARM.attributes
                0x00000000000001ea       0x2e build/stm32wlxx_hal_pwr_ex.o
 .ARM.attributes
                0x0000000000000218       0x2e build/stm32wlxx_hal_cortex.o
 .ARM.attributes
                0x0000000000000246       0x2e build/stm32wlxx_hal.o
 .ARM.attributes
                0x0000000000000274       0x2e build/stm32wlxx_hal_uart.o
 .ARM.attributes
                0x00000000000002a2       0x2e build/stm32wlxx_hal_uart_ex.o
 .ARM.attributes
                0x00000000000002d0       0x2e build/stm32wlxx_hal_tim.o
 .ARM.attributes
                0x00000000000002fe       0x2e build/stm32wlxx_hal_tim_ex.o
 .ARM.attributes
                0x000000000000032c       0x2e build/system_stm32wlxx.o
 .ARM.attributes
                0x000000000000035a       0x21 build/startup_stm32wl55xx_cm4.o
 .ARM.attributes
                0x000000000000037b       0x2e /home/eatkinso/Downloads/gcc-arm-none-eabi-10.3-2021.07/gcc-arm-none-eabi-10.3-2021.07/bin/../lib/gcc/arm-none-eabi/10.3.1/../../../../arm-none-eabi/lib/thumb/v7e-m/nofp/libc_nano.a(lib_a-init.o)
 .ARM.attributes
                0x00000000000003a9       0x2e /home/eatkinso/Downloads/gcc-arm-none-eabi-10.3-2021.07/gcc-arm-none-eabi-10.3-2021.07/bin/../lib/gcc/arm-none-eabi/10.3.1/../../../../arm-none-eabi/lib/thumb/v7e-m/nofp/libc_nano.a(lib_a-memset.o)
 .ARM.attributes
                0x00000000000003d7       0x1e /home/eatkinso/Downloads/gcc-arm-none-eabi-10.3-2021.07/gcc-arm-none-eabi-10.3-2021.07/bin/../lib/gcc/arm-none-eabi/10.3.1/thumb/v7e-m/nofp/libgcc.a(_aeabi_uldivmod.o)
 .ARM.attributes
                0x00000000000003f5       0x2e /home/eatkinso/Downloads/gcc-arm-none-eabi-10.3-2021.07/gcc-arm-none-eabi-10.3-2021.07/bin/../lib/gcc/arm-none-eabi/10.3.1/thumb/v7e-m/nofp/libgcc.a(_udivmoddi4.o)
 .ARM.attributes
                0x0000000000000423       0x1e /home/eatkinso/Downloads/gcc-arm-none-eabi-10.3-2021.07/gcc-arm-none-eabi-10.3-2021.07/bin/../lib/gcc/arm-none-eabi/10.3.1/thumb/v7e-m/nofp/libgcc.a(_dvmd_tls.o)
 .ARM.attributes
                0x0000000000000441       0x1e /home/eatkinso/Downloads/gcc-arm-none-eabi-10.3-2021.07/gcc-arm-none-eabi-10.3-2021.07/bin/../lib/gcc/arm-none-eabi/10.3.1/thumb/v7e-m/nofp/crtn.o
OUTPUT(build/dummyuart_WL.elf elf32-littlearm)
LOAD linker stubs
LOAD /home/eatkinso/Downloads/gcc-arm-none-eabi-10.3-2021.07/gcc-arm-none-eabi-10.3-2021.07/bin/../lib/gcc/arm-none-eabi/10.3.1/../../../../arm-none-eabi/lib/thumb/v7e-m/nofp/libc.a
LOAD /home/eatkinso/Downloads/gcc-arm-none-eabi-10.3-2021.07/gcc-arm-none-eabi-10.3-2021.07/bin/../lib/gcc/arm-none-eabi/10.3.1/../../../../arm-none-eabi/lib/thumb/v7e-m/nofp/libm.a
LOAD /home/eatkinso/Downloads/gcc-arm-none-eabi-10.3-2021.07/gcc-arm-none-eabi-10.3-2021.07/bin/../lib/gcc/arm-none-eabi/10.3.1/thumb/v7e-m/nofp/libgcc.a

.debug_info     0x0000000000000000    0x1f78e
 .debug_info    0x0000000000000000     0x236c build/main.o
 .debug_info    0x000000000000236c      0x9d0 build/stm32wlxx_it.o
 .debug_info    0x0000000000002d3c     0x1ef1 build/stm32wlxx_hal_msp.o
 .debug_info    0x0000000000004c2d     0x26a9 build/stm32wlxx_hal_adc.o
 .debug_info    0x00000000000072d6     0x22bd build/stm32wlxx_hal_rcc.o
 .debug_info    0x0000000000009593     0x238e build/stm32wlxx_hal_rcc_ex.o
 .debug_info    0x000000000000b921      0x87b build/stm32wlxx_hal_gpio.o
 .debug_info    0x000000000000c19c      0xbbe build/stm32wlxx_hal_dma.o
 .debug_info    0x000000000000cd5a      0xaec build/stm32wlxx_hal_pwr.o
 .debug_info    0x000000000000d846     0x1202 build/stm32wlxx_hal_pwr_ex.o
 .debug_info    0x000000000000ea48     0x1120 build/stm32wlxx_hal_cortex.o
 .debug_info    0x000000000000fb68     0x1763 build/stm32wlxx_hal.o
 .debug_info    0x00000000000112cb     0x6672 build/stm32wlxx_hal_uart.o
 .debug_info    0x000000000001793d     0x1382 build/stm32wlxx_hal_uart_ex.o
 .debug_info    0x0000000000018cbf     0x433f build/stm32wlxx_hal_tim.o
 .debug_info    0x000000000001cffe     0x215f build/stm32wlxx_hal_tim_ex.o
 .debug_info    0x000000000001f15d      0x60f build/system_stm32wlxx.o
 .debug_info    0x000000000001f76c       0x22 build/startup_stm32wl55xx_cm4.o

.debug_abbrev   0x0000000000000000     0x2fe2
 .debug_abbrev  0x0000000000000000      0x321 build/main.o
 .debug_abbrev  0x0000000000000321      0x181 build/stm32wlxx_it.o
 .debug_abbrev  0x00000000000004a2      0x356 build/stm32wlxx_hal_msp.o
 .debug_abbrev  0x00000000000007f8      0x329 build/stm32wlxx_hal_adc.o
 .debug_abbrev  0x0000000000000b21      0x355 build/stm32wlxx_hal_rcc.o
 .debug_abbrev  0x0000000000000e76      0x386 build/stm32wlxx_hal_rcc_ex.o
 .debug_abbrev  0x00000000000011fc      0x22f build/stm32wlxx_hal_gpio.o
 .debug_abbrev  0x000000000000142b      0x27b build/stm32wlxx_hal_dma.o
 .debug_abbrev  0x00000000000016a6      0x20a build/stm32wlxx_hal_pwr.o
 .debug_abbrev  0x00000000000018b0      0x364 build/stm32wlxx_hal_pwr_ex.o
 .debug_abbrev  0x0000000000001c14      0x36c build/stm32wlxx_hal_cortex.o
 .debug_abbrev  0x0000000000001f80      0x35e build/stm32wlxx_hal.o
 .debug_abbrev  0x00000000000022de      0x363 build/stm32wlxx_hal_uart.o
 .debug_abbrev  0x0000000000002641      0x319 build/stm32wlxx_hal_uart_ex.o
 .debug_abbrev  0x000000000000295a      0x29a build/stm32wlxx_hal_tim.o
 .debug_abbrev  0x0000000000002bf4      0x2b0 build/stm32wlxx_hal_tim_ex.o
 .debug_abbrev  0x0000000000002ea4      0x12c build/system_stm32wlxx.o
 .debug_abbrev  0x0000000000002fd0       0x12 build/startup_stm32wl55xx_cm4.o

.debug_loc      0x0000000000000000    0x167ab
 .debug_loc     0x0000000000000000      0x1d7 build/main.o
 .debug_loc     0x00000000000001d7       0x60 build/stm32wlxx_it.o
 .debug_loc     0x0000000000000237      0x368 build/stm32wlxx_hal_msp.o
 .debug_loc     0x000000000000059f     0x1d7e build/stm32wlxx_hal_adc.o
 .debug_loc     0x000000000000231d      0xd33 build/stm32wlxx_hal_rcc.o
 .debug_loc     0x0000000000003050     0x1281 build/stm32wlxx_hal_rcc_ex.o
 .debug_loc     0x00000000000042d1      0x491 build/stm32wlxx_hal_gpio.o
 .debug_loc     0x0000000000004762      0xa76 build/stm32wlxx_hal_dma.o
 .debug_loc     0x00000000000051d8      0x281 build/stm32wlxx_hal_pwr.o
 .debug_loc     0x0000000000005459      0x872 build/stm32wlxx_hal_pwr_ex.o
 .debug_loc     0x0000000000005ccb      0x796 build/stm32wlxx_hal_cortex.o
 .debug_loc     0x0000000000006461      0x5b6 build/stm32wlxx_hal.o
 .debug_loc     0x0000000000006a17     0x623d build/stm32wlxx_hal_uart.o
 .debug_loc     0x000000000000cc54      0xe33 build/stm32wlxx_hal_uart_ex.o
 .debug_loc     0x000000000000da87     0x6174 build/stm32wlxx_hal_tim.o
 .debug_loc     0x0000000000013bfb     0x2a89 build/stm32wlxx_hal_tim_ex.o
 .debug_loc     0x0000000000016684      0x127 build/system_stm32wlxx.o

.debug_aranges  0x0000000000000000     0x10d0
 .debug_aranges
                0x0000000000000000       0x60 build/main.o
 .debug_aranges
                0x0000000000000060       0x70 build/stm32wlxx_it.o
 .debug_aranges
                0x00000000000000d0       0x58 build/stm32wlxx_hal_msp.o
 .debug_aranges
                0x0000000000000128       0xf8 build/stm32wlxx_hal_adc.o
 .debug_aranges
                0x0000000000000220       0xa8 build/stm32wlxx_hal_rcc.o
 .debug_aranges
                0x00000000000002c8       0x90 build/stm32wlxx_hal_rcc_ex.o
 .debug_aranges
                0x0000000000000358       0x60 build/stm32wlxx_hal_gpio.o
 .debug_aranges
                0x00000000000003b8       0xa0 build/stm32wlxx_hal_dma.o
 .debug_aranges
                0x0000000000000458       0x98 build/stm32wlxx_hal_pwr.o
 .debug_aranges
                0x00000000000004f0      0x160 build/stm32wlxx_hal_pwr_ex.o
 .debug_aranges
                0x0000000000000650       0xa8 build/stm32wlxx_hal_cortex.o
 .debug_aranges
                0x00000000000006f8      0x130 build/stm32wlxx_hal.o
 .debug_aranges
                0x0000000000000828      0x248 build/stm32wlxx_hal_uart.o
 .debug_aranges
                0x0000000000000a70       0xa0 build/stm32wlxx_hal_uart_ex.o
 .debug_aranges
                0x0000000000000b10      0x3e0 build/stm32wlxx_hal_tim.o
 .debug_aranges
                0x0000000000000ef0      0x190 build/stm32wlxx_hal_tim_ex.o
 .debug_aranges
                0x0000000000001080       0x28 build/system_stm32wlxx.o
 .debug_aranges
                0x00000000000010a8       0x28 build/startup_stm32wl55xx_cm4.o

.debug_ranges   0x0000000000000000     0x11a0
 .debug_ranges  0x0000000000000000       0x68 build/main.o
 .debug_ranges  0x0000000000000068       0x60 build/stm32wlxx_it.o
 .debug_ranges  0x00000000000000c8       0x48 build/stm32wlxx_hal_msp.o
 .debug_ranges  0x0000000000000110      0x208 build/stm32wlxx_hal_adc.o
 .debug_ranges  0x0000000000000318       0xd0 build/stm32wlxx_hal_rcc.o
 .debug_ranges  0x00000000000003e8       0x80 build/stm32wlxx_hal_rcc_ex.o
 .debug_ranges  0x0000000000000468       0x50 build/stm32wlxx_hal_gpio.o
 .debug_ranges  0x00000000000004b8       0x90 build/stm32wlxx_hal_dma.o
 .debug_ranges  0x0000000000000548       0x88 build/stm32wlxx_hal_pwr.o
 .debug_ranges  0x00000000000005d0      0x168 build/stm32wlxx_hal_pwr_ex.o
 .debug_ranges  0x0000000000000738       0xf8 build/stm32wlxx_hal_cortex.o
 .debug_ranges  0x0000000000000830      0x120 build/stm32wlxx_hal.o
 .debug_ranges  0x0000000000000950      0x238 build/stm32wlxx_hal_uart.o
 .debug_ranges  0x0000000000000b88       0x90 build/stm32wlxx_hal_uart_ex.o
 .debug_ranges  0x0000000000000c18      0x3d0 build/stm32wlxx_hal_tim.o
 .debug_ranges  0x0000000000000fe8      0x180 build/stm32wlxx_hal_tim_ex.o
 .debug_ranges  0x0000000000001168       0x18 build/system_stm32wlxx.o
 .debug_ranges  0x0000000000001180       0x20 build/startup_stm32wl55xx_cm4.o

.debug_line     0x0000000000000000    0x176f6
 .debug_line    0x0000000000000000      0x919 build/main.o
 .debug_line    0x0000000000000919      0x347 build/stm32wlxx_it.o
 .debug_line    0x0000000000000c60      0x6d6 build/stm32wlxx_hal_msp.o
 .debug_line    0x0000000000001336     0x1a1e build/stm32wlxx_hal_adc.o
 .debug_line    0x0000000000002d54     0x18b9 build/stm32wlxx_hal_rcc.o
 .debug_line    0x000000000000460d     0x16ca build/stm32wlxx_hal_rcc_ex.o
 .debug_line    0x0000000000005cd7      0x6df build/stm32wlxx_hal_gpio.o
 .debug_line    0x00000000000063b6      0xd5b build/stm32wlxx_hal_dma.o
 .debug_line    0x0000000000007111      0x4f2 build/stm32wlxx_hal_pwr.o
 .debug_line    0x0000000000007603      0xac0 build/stm32wlxx_hal_pwr_ex.o
 .debug_line    0x00000000000080c3      0x7bc build/stm32wlxx_hal_cortex.o
 .debug_line    0x000000000000887f      0x9ca build/stm32wlxx_hal.o
 .debug_line    0x0000000000009249     0x63d0 build/stm32wlxx_hal_uart.o
 .debug_line    0x000000000000f619      0xd59 build/stm32wlxx_hal_uart_ex.o
 .debug_line    0x0000000000010372     0x500a build/stm32wlxx_hal_tim.o
 .debug_line    0x000000000001537c     0x2015 build/stm32wlxx_hal_tim_ex.o
 .debug_line    0x0000000000017391      0x2ea build/system_stm32wlxx.o
 .debug_line    0x000000000001767b       0x7b build/startup_stm32wl55xx_cm4.o

.debug_str      0x0000000000000000     0x698c
 .debug_str     0x0000000000000000     0x1394 build/main.o
                                       0x151d (size before relaxing)
 .debug_str     0x0000000000001394       0xed build/stm32wlxx_it.o
                                        0x7c3 (size before relaxing)
 .debug_str     0x0000000000001481      0x6e2 build/stm32wlxx_hal_msp.o
                                       0x15f0 (size before relaxing)
 .debug_str     0x0000000000001b63      0x871 build/stm32wlxx_hal_adc.o
                                        0xfd9 (size before relaxing)
 .debug_str     0x00000000000023d4      0x862 build/stm32wlxx_hal_rcc.o
                                        0xf18 (size before relaxing)
 .debug_str     0x0000000000002c36      0x585 build/stm32wlxx_hal_rcc_ex.o
                                        0xe16 (size before relaxing)
 .debug_str     0x00000000000031bb      0x131 build/stm32wlxx_hal_gpio.o
                                        0x488 (size before relaxing)
 .debug_str     0x00000000000032ec      0x2da build/stm32wlxx_hal_dma.o
                                        0x7f6 (size before relaxing)
 .debug_str     0x00000000000035c6      0x31b build/stm32wlxx_hal_pwr.o
                                        0x667 (size before relaxing)
 .debug_str     0x00000000000038e1      0x680 build/stm32wlxx_hal_pwr_ex.o
                                        0xaea (size before relaxing)
 .debug_str     0x0000000000003f61      0x471 build/stm32wlxx_hal_cortex.o
                                        0xb27 (size before relaxing)
 .debug_str     0x00000000000043d2      0x77b build/stm32wlxx_hal.o
                                       0x10c7 (size before relaxing)
 .debug_str     0x0000000000004b4d      0x85e build/stm32wlxx_hal_uart.o
                                       0x12ff (size before relaxing)
 .debug_str     0x00000000000053ab      0x212 build/stm32wlxx_hal_uart_ex.o
                                        0xb09 (size before relaxing)
 .debug_str     0x00000000000055bd      0xde9 build/stm32wlxx_hal_tim.o
                                       0x17d4 (size before relaxing)
 .debug_str     0x00000000000063a6      0x567 build/stm32wlxx_hal_tim_ex.o
                                       0x1140 (size before relaxing)
 .debug_str     0x000000000000690d       0x57 build/system_stm32wlxx.o
                                        0x441 (size before relaxing)
 .debug_str     0x0000000000006964       0x28 build/startup_stm32wl55xx_cm4.o
                                         0x64 (size before relaxing)

.comment        0x0000000000000000       0x49
 .comment       0x0000000000000000       0x49 build/main.o
                                         0x4a (size before relaxing)
 .comment       0x0000000000000049       0x4a build/stm32wlxx_it.o
 .comment       0x0000000000000049       0x4a build/stm32wlxx_hal_msp.o
 .comment       0x0000000000000049       0x4a build/stm32wlxx_hal_adc.o
 .comment       0x0000000000000049       0x4a build/stm32wlxx_hal_rcc.o
 .comment       0x0000000000000049       0x4a build/stm32wlxx_hal_rcc_ex.o
 .comment       0x0000000000000049       0x4a build/stm32wlxx_hal_gpio.o
 .comment       0x0000000000000049       0x4a build/stm32wlxx_hal_dma.o
 .comment       0x0000000000000049       0x4a build/stm32wlxx_hal_pwr.o
 .comment       0x0000000000000049       0x4a build/stm32wlxx_hal_pwr_ex.o
 .comment       0x0000000000000049       0x4a build/stm32wlxx_hal_cortex.o
 .comment       0x0000000000000049       0x4a build/stm32wlxx_hal.o
 .comment       0x0000000000000049       0x4a build/stm32wlxx_hal_uart.o
 .comment       0x0000000000000049       0x4a build/stm32wlxx_hal_uart_ex.o
 .comment       0x0000000000000049       0x4a build/stm32wlxx_hal_tim.o
 .comment       0x0000000000000049       0x4a build/stm32wlxx_hal_tim_ex.o
 .comment       0x0000000000000049       0x4a build/system_stm32wlxx.o

.debug_frame    0x0000000000000000     0x2bc0
 .debug_frame   0x0000000000000000      0x108 build/main.o
 .debug_frame   0x0000000000000108       0xd8 build/stm32wlxx_it.o
 .debug_frame   0x00000000000001e0       0xd0 build/stm32wlxx_hal_msp.o
 .debug_frame   0x00000000000002b0      0x2e4 build/stm32wlxx_hal_adc.o
 .debug_frame   0x0000000000000594      0x1e4 build/stm32wlxx_hal_rcc.o
 .debug_frame   0x0000000000000778      0x134 build/stm32wlxx_hal_rcc_ex.o
 .debug_frame   0x00000000000008ac       0xd8 build/stm32wlxx_hal_gpio.o
 .debug_frame   0x0000000000000984      0x18c build/stm32wlxx_hal_dma.o
 .debug_frame   0x0000000000000b10      0x120 build/stm32wlxx_hal_pwr.o
 .debug_frame   0x0000000000000c30      0x2a8 build/stm32wlxx_hal_pwr_ex.o
 .debug_frame   0x0000000000000ed8      0x148 build/stm32wlxx_hal_cortex.o
 .debug_frame   0x0000000000001020      0x288 build/stm32wlxx_hal.o
 .debug_frame   0x00000000000012a8      0x67c build/stm32wlxx_hal_uart.o
 .debug_frame   0x0000000000001924      0x1c8 build/stm32wlxx_hal_uart_ex.o
 .debug_frame   0x0000000000001aec      0xb44 build/stm32wlxx_hal_tim.o
 .debug_frame   0x0000000000002630      0x4b4 build/stm32wlxx_hal_tim_ex.o
 .debug_frame   0x0000000000002ae4       0x30 build/system_stm32wlxx.o
 .debug_frame   0x0000000000002b14       0x2c /home/eatkinso/Downloads/gcc-arm-none-eabi-10.3-2021.07/gcc-arm-none-eabi-10.3-2021.07/bin/../lib/gcc/arm-none-eabi/10.3.1/../../../../arm-none-eabi/lib/thumb/v7e-m/nofp/libc_nano.a(lib_a-init.o)
 .debug_frame   0x0000000000002b40       0x20 /home/eatkinso/Downloads/gcc-arm-none-eabi-10.3-2021.07/gcc-arm-none-eabi-10.3-2021.07/bin/../lib/gcc/arm-none-eabi/10.3.1/../../../../arm-none-eabi/lib/thumb/v7e-m/nofp/libc_nano.a(lib_a-memset.o)
 .debug_frame   0x0000000000002b60       0x2c /home/eatkinso/Downloads/gcc-arm-none-eabi-10.3-2021.07/gcc-arm-none-eabi-10.3-2021.07/bin/../lib/gcc/arm-none-eabi/10.3.1/thumb/v7e-m/nofp/libgcc.a(_aeabi_uldivmod.o)
 .debug_frame   0x0000000000002b8c       0x34 /home/eatkinso/Downloads/gcc-arm-none-eabi-10.3-2021.07/gcc-arm-none-eabi-10.3-2021.07/bin/../lib/gcc/arm-none-eabi/10.3.1/thumb/v7e-m/nofp/libgcc.a(_udivmoddi4.o)

Cross Reference Table

Symbol                                            File
ADC_ConversionStop                                build/stm32wlxx_hal_adc.o
ADC_Disable                                       build/stm32wlxx_hal_adc.o
                                                  build/stm32wlxx_hal_adc_ex.o
ADC_Enable                                        build/stm32wlxx_hal_adc.o
ADC_IRQHandler                                    build/startup_stm32wl55xx_cm4.o
AES_IRQHandler                                    build/startup_stm32wl55xx_cm4.o
AHBPrescTable                                     build/system_stm32wlxx.o
                                                  build/stm32wlxx_hal_rcc_ex.o
                                                  build/stm32wlxx_hal_rcc.o
APBPrescTable                                     build/system_stm32wlxx.o
                                                  build/stm32wlxx_hal_rcc_ex.o
                                                  build/stm32wlxx_hal_rcc.o
BusFault_Handler                                  build/stm32wlxx_it.o
C2SEV_PWR_C2H_IRQHandler                          build/startup_stm32wl55xx_cm4.o
COMP_IRQHandler                                   build/startup_stm32wl55xx_cm4.o
DAC_IRQHandler                                    build/startup_stm32wl55xx_cm4.o
DMA1_Channel1_IRQHandler                          build/startup_stm32wl55xx_cm4.o
DMA1_Channel2_IRQHandler                          build/startup_stm32wl55xx_cm4.o
DMA1_Channel3_IRQHandler                          build/startup_stm32wl55xx_cm4.o
DMA1_Channel4_IRQHandler                          build/startup_stm32wl55xx_cm4.o
DMA1_Channel5_IRQHandler                          build/startup_stm32wl55xx_cm4.o
DMA1_Channel6_IRQHandler                          build/startup_stm32wl55xx_cm4.o
DMA1_Channel7_IRQHandler                          build/startup_stm32wl55xx_cm4.o
DMA2_Channel1_IRQHandler                          build/startup_stm32wl55xx_cm4.o
DMA2_Channel2_IRQHandler                          build/startup_stm32wl55xx_cm4.o
DMA2_Channel3_IRQHandler                          build/startup_stm32wl55xx_cm4.o
DMA2_Channel4_IRQHandler                          build/startup_stm32wl55xx_cm4.o
DMA2_Channel5_IRQHandler                          build/startup_stm32wl55xx_cm4.o
DMA2_Channel6_IRQHandler                          build/startup_stm32wl55xx_cm4.o
DMA2_Channel7_IRQHandler                          build/startup_stm32wl55xx_cm4.o
DMAMUX1_OVR_IRQHandler                            build/startup_stm32wl55xx_cm4.o
DebugMon_Handler                                  build/stm32wlxx_it.o
Default_Handler                                   build/startup_stm32wl55xx_cm4.o
EXTI0_IRQHandler                                  build/startup_stm32wl55xx_cm4.o
EXTI15_10_IRQHandler                              build/startup_stm32wl55xx_cm4.o
EXTI1_IRQHandler                                  build/startup_stm32wl55xx_cm4.o
EXTI2_IRQHandler                                  build/startup_stm32wl55xx_cm4.o
EXTI3_IRQHandler                                  build/startup_stm32wl55xx_cm4.o
EXTI4_IRQHandler                                  build/startup_stm32wl55xx_cm4.o
EXTI9_5_IRQHandler                                build/startup_stm32wl55xx_cm4.o
Error_Handler                                     build/main.o
                                                  build/stm32wlxx_hal_msp.o
FLASH_IRQHandler                                  build/startup_stm32wl55xx_cm4.o
FLASH_PageErase                                   build/stm32wlxx_hal_flash_ex.o
                                                  build/stm32wlxx_hal_flash.o
FLASH_WaitForLastOperation                        build/stm32wlxx_hal_flash.o
                                                  build/stm32wlxx_hal_flash_ex.o
HAL_ADCEx_Calibration_GetValue                    build/stm32wlxx_hal_adc_ex.o
HAL_ADCEx_Calibration_SetValue                    build/stm32wlxx_hal_adc_ex.o
HAL_ADCEx_Calibration_Start                       build/stm32wlxx_hal_adc_ex.o
HAL_ADCEx_ChannelConfigReadyCallback              build/stm32wlxx_hal_adc_ex.o
                                                  build/stm32wlxx_hal_adc.o
HAL_ADCEx_DisableVoltageRegulator                 build/stm32wlxx_hal_adc_ex.o
HAL_ADCEx_EndOfSamplingCallback                   build/stm32wlxx_hal_adc_ex.o
                                                  build/stm32wlxx_hal_adc.o
HAL_ADCEx_LevelOutOfWindow2Callback               build/stm32wlxx_hal_adc_ex.o
                                                  build/stm32wlxx_hal_adc.o
HAL_ADCEx_LevelOutOfWindow3Callback               build/stm32wlxx_hal_adc_ex.o
                                                  build/stm32wlxx_hal_adc.o
HAL_ADC_AnalogWDGConfig                           build/stm32wlxx_hal_adc.o
HAL_ADC_ConfigChannel                             build/stm32wlxx_hal_adc.o
HAL_ADC_ConvCpltCallback                          build/stm32wlxx_hal_adc.o
HAL_ADC_ConvHalfCpltCallback                      build/stm32wlxx_hal_adc.o
HAL_ADC_DeInit                                    build/stm32wlxx_hal_adc.o
HAL_ADC_ErrorCallback                             build/stm32wlxx_hal_adc.o
HAL_ADC_GetError                                  build/stm32wlxx_hal_adc.o
HAL_ADC_GetState                                  build/stm32wlxx_hal_adc.o
HAL_ADC_GetValue                                  build/stm32wlxx_hal_adc.o
HAL_ADC_IRQHandler                                build/stm32wlxx_hal_adc.o
HAL_ADC_Init                                      build/stm32wlxx_hal_adc.o
                                                  build/main.o
HAL_ADC_LevelOutOfWindowCallback                  build/stm32wlxx_hal_adc.o
HAL_ADC_MspDeInit                                 build/stm32wlxx_hal_msp.o
HAL_ADC_MspInit                                   build/stm32wlxx_hal_msp.o
HAL_ADC_PollForConversion                         build/stm32wlxx_hal_adc.o
HAL_ADC_PollForEvent                              build/stm32wlxx_hal_adc.o
HAL_ADC_Start                                     build/stm32wlxx_hal_adc.o
HAL_ADC_Start_DMA                                 build/stm32wlxx_hal_adc.o
HAL_ADC_Start_IT                                  build/stm32wlxx_hal_adc.o
HAL_ADC_Stop                                      build/stm32wlxx_hal_adc.o
HAL_ADC_Stop_DMA                                  build/stm32wlxx_hal_adc.o
HAL_ADC_Stop_IT                                   build/stm32wlxx_hal_adc.o
HAL_DBGMCU_DisableDBGSleepMode                    build/stm32wlxx_hal.o
HAL_DBGMCU_DisableDBGStandbyMode                  build/stm32wlxx_hal.o
HAL_DBGMCU_DisableDBGStopMode                     build/stm32wlxx_hal.o
HAL_DBGMCU_EnableDBGSleepMode                     build/stm32wlxx_hal.o
HAL_DBGMCU_EnableDBGStandbyMode                   build/stm32wlxx_hal.o
HAL_DBGMCU_EnableDBGStopMode                      build/stm32wlxx_hal.o
HAL_DMAEx_ConfigMuxRequestGenerator               build/stm32wlxx_hal_dma_ex.o
HAL_DMAEx_ConfigMuxSync                           build/stm32wlxx_hal_dma_ex.o
HAL_DMAEx_DisableMuxRequestGenerator              build/stm32wlxx_hal_dma_ex.o
HAL_DMAEx_EnableMuxRequestGenerator               build/stm32wlxx_hal_dma_ex.o
HAL_DMAEx_MUX_IRQHandler                          build/stm32wlxx_hal_dma_ex.o
HAL_DMA_Abort                                     build/stm32wlxx_hal_dma.o
                                                  build/stm32wlxx_hal_uart.o
                                                  build/stm32wlxx_hal_adc.o
HAL_DMA_Abort_IT                                  build/stm32wlxx_hal_dma.o
                                                  build/stm32wlxx_hal_tim_ex.o
                                                  build/stm32wlxx_hal_tim.o
                                                  build/stm32wlxx_hal_uart.o
HAL_DMA_ConfigChannelAttributes                   build/stm32wlxx_hal_dma.o
HAL_DMA_DeInit                                    build/stm32wlxx_hal_dma.o
HAL_DMA_GetConfigChannelAttributes                build/stm32wlxx_hal_dma.o
HAL_DMA_GetError                                  build/stm32wlxx_hal_dma.o
                                                  build/stm32wlxx_hal_uart.o
HAL_DMA_GetState                                  build/stm32wlxx_hal_dma.o
HAL_DMA_IRQHandler                                build/stm32wlxx_hal_dma.o
HAL_DMA_Init                                      build/stm32wlxx_hal_dma.o
HAL_DMA_PollForTransfer                           build/stm32wlxx_hal_dma.o
HAL_DMA_RegisterCallback                          build/stm32wlxx_hal_dma.o
HAL_DMA_Start                                     build/stm32wlxx_hal_dma.o
HAL_DMA_Start_IT                                  build/stm32wlxx_hal_dma.o
                                                  build/stm32wlxx_hal_tim_ex.o
                                                  build/stm32wlxx_hal_tim.o
                                                  build/stm32wlxx_hal_uart.o
                                                  build/stm32wlxx_hal_adc.o
HAL_DMA_UnRegisterCallback                        build/stm32wlxx_hal_dma.o
HAL_DeInit                                        build/stm32wlxx_hal.o
HAL_Delay                                         build/stm32wlxx_hal.o
HAL_EXTI_ClearConfigLine                          build/stm32wlxx_hal_exti.o
HAL_EXTI_ClearPending                             build/stm32wlxx_hal_exti.o
HAL_EXTI_GenerateSWI                              build/stm32wlxx_hal_exti.o
HAL_EXTI_GetConfigLine                            build/stm32wlxx_hal_exti.o
HAL_EXTI_GetHandle                                build/stm32wlxx_hal_exti.o
HAL_EXTI_GetPending                               build/stm32wlxx_hal_exti.o
HAL_EXTI_IRQHandler                               build/stm32wlxx_hal_exti.o
HAL_EXTI_RegisterCallback                         build/stm32wlxx_hal_exti.o
HAL_EXTI_SetConfigLine                            build/stm32wlxx_hal_exti.o
HAL_FLASHEx_AllowOperation                        build/stm32wlxx_hal_flash_ex.o
HAL_FLASHEx_ConfigPrivMode                        build/stm32wlxx_hal_flash_ex.o
HAL_FLASHEx_DisableC2Debug                        build/stm32wlxx_hal_flash_ex.o
HAL_FLASHEx_EnableC2Debug                         build/stm32wlxx_hal_flash_ex.o
HAL_FLASHEx_EnableSecHideProtection               build/stm32wlxx_hal_flash_ex.o
HAL_FLASHEx_Erase                                 build/stm32wlxx_hal_flash_ex.o
HAL_FLASHEx_Erase_IT                              build/stm32wlxx_hal_flash_ex.o
HAL_FLASHEx_FlashEmptyCheck                       build/stm32wlxx_hal_flash_ex.o
HAL_FLASHEx_ForceFlashEmpty                       build/stm32wlxx_hal_flash_ex.o
HAL_FLASHEx_GetPrivMode                           build/stm32wlxx_hal_flash_ex.o
HAL_FLASHEx_IsOperationSuspended                  build/stm32wlxx_hal_flash_ex.o
HAL_FLASHEx_OBGetConfig                           build/stm32wlxx_hal_flash_ex.o
HAL_FLASHEx_OBProgram                             build/stm32wlxx_hal_flash_ex.o
HAL_FLASHEx_SuspendOperation                      build/stm32wlxx_hal_flash_ex.o
HAL_FLASH_EndOfOperationCallback                  build/stm32wlxx_hal_flash.o
HAL_FLASH_GetError                                build/stm32wlxx_hal_flash.o
HAL_FLASH_IRQHandler                              build/stm32wlxx_hal_flash.o
HAL_FLASH_Lock                                    build/stm32wlxx_hal_flash.o
HAL_FLASH_OB_Launch                               build/stm32wlxx_hal_flash.o
HAL_FLASH_OB_Lock                                 build/stm32wlxx_hal_flash.o
HAL_FLASH_OB_Unlock                               build/stm32wlxx_hal_flash.o
HAL_FLASH_OperationErrorCallback                  build/stm32wlxx_hal_flash.o
HAL_FLASH_Program                                 build/stm32wlxx_hal_flash.o
HAL_FLASH_Program_IT                              build/stm32wlxx_hal_flash.o
HAL_FLASH_Unlock                                  build/stm32wlxx_hal_flash.o
HAL_GPIO_DeInit                                   build/stm32wlxx_hal_gpio.o
                                                  build/stm32wlxx_hal_msp.o
HAL_GPIO_EXTI_Callback                            build/stm32wlxx_hal_gpio.o
HAL_GPIO_EXTI_IRQHandler                          build/stm32wlxx_hal_gpio.o
HAL_GPIO_Init                                     build/stm32wlxx_hal_gpio.o
                                                  build/stm32wlxx_hal_rcc_ex.o
                                                  build/stm32wlxx_hal_rcc.o
                                                  build/stm32wlxx_hal_msp.o
                                                  build/main.o
HAL_GPIO_LockPin                                  build/stm32wlxx_hal_gpio.o
HAL_GPIO_ReadPin                                  build/stm32wlxx_hal_gpio.o
HAL_GPIO_TogglePin                                build/stm32wlxx_hal_gpio.o
HAL_GPIO_WriteMultipleStatePin                    build/stm32wlxx_hal_gpio.o
HAL_GPIO_WritePin                                 build/stm32wlxx_hal_gpio.o
                                                  build/main.o
HAL_GetDEVID                                      build/stm32wlxx_hal.o
HAL_GetHalVersion                                 build/stm32wlxx_hal.o
HAL_GetREVID                                      build/stm32wlxx_hal.o
HAL_GetTick                                       build/stm32wlxx_hal.o
                                                  build/stm32wlxx_hal_tim_ex.o
                                                  build/stm32wlxx_hal_uart_ex.o
                                                  build/stm32wlxx_hal_uart.o
                                                  build/stm32wlxx_hal_dma.o
                                                  build/stm32wlxx_hal_flash.o
                                                  build/stm32wlxx_hal_rcc_ex.o
                                                  build/stm32wlxx_hal_rcc.o
                                                  build/stm32wlxx_hal_adc_ex.o
                                                  build/stm32wlxx_hal_adc.o
HAL_GetTickFreq                                   build/stm32wlxx_hal.o
HAL_GetTickPrio                                   build/stm32wlxx_hal.o
HAL_GetUIDw0                                      build/stm32wlxx_hal.o
HAL_GetUIDw1                                      build/stm32wlxx_hal.o
HAL_GetUIDw2                                      build/stm32wlxx_hal.o
HAL_HalfDuplex_EnableReceiver                     build/stm32wlxx_hal_uart.o
HAL_HalfDuplex_EnableTransmitter                  build/stm32wlxx_hal_uart.o
HAL_HalfDuplex_Init                               build/stm32wlxx_hal_uart.o
HAL_IncTick                                       build/stm32wlxx_hal.o
                                                  build/stm32wlxx_it.o
HAL_Init                                          build/stm32wlxx_hal.o
                                                  build/main.o
HAL_InitTick                                      build/stm32wlxx_hal.o
                                                  build/stm32wlxx_hal_rcc.o
HAL_LIN_Init                                      build/stm32wlxx_hal_uart.o
HAL_LIN_SendBreak                                 build/stm32wlxx_hal_uart.o
HAL_MPU_ConfigRegion                              build/stm32wlxx_hal_cortex.o
HAL_MPU_Disable                                   build/stm32wlxx_hal_cortex.o
HAL_MPU_Enable                                    build/stm32wlxx_hal_cortex.o
HAL_MspDeInit                                     build/stm32wlxx_hal.o
HAL_MspInit                                       build/stm32wlxx_hal_msp.o
HAL_MultiProcessorEx_AddressLength_Set            build/stm32wlxx_hal_uart_ex.o
HAL_MultiProcessor_DisableMuteMode                build/stm32wlxx_hal_uart.o
HAL_MultiProcessor_EnableMuteMode                 build/stm32wlxx_hal_uart.o
HAL_MultiProcessor_EnterMuteMode                  build/stm32wlxx_hal_uart.o
HAL_MultiProcessor_Init                           build/stm32wlxx_hal_uart.o
HAL_NVIC_ClearPendingIRQ                          build/stm32wlxx_hal_cortex.o
HAL_NVIC_DisableIRQ                               build/stm32wlxx_hal_cortex.o
                                                  build/stm32wlxx_hal_msp.o
HAL_NVIC_EnableIRQ                                build/stm32wlxx_hal_cortex.o
                                                  build/stm32wlxx_hal_msp.o
HAL_NVIC_GetActive                                build/stm32wlxx_hal_cortex.o
HAL_NVIC_GetPendingIRQ                            build/stm32wlxx_hal_cortex.o
HAL_NVIC_GetPriority                              build/stm32wlxx_hal_cortex.o
HAL_NVIC_GetPriorityGrouping                      build/stm32wlxx_hal_cortex.o
HAL_NVIC_SetPendingIRQ                            build/stm32wlxx_hal_cortex.o
HAL_NVIC_SetPriority                              build/stm32wlxx_hal_cortex.o
                                                  build/stm32wlxx_hal.o
                                                  build/stm32wlxx_hal_msp.o
HAL_NVIC_SetPriorityGrouping                      build/stm32wlxx_hal_cortex.o
                                                  build/stm32wlxx_hal.o
HAL_NVIC_SystemReset                              build/stm32wlxx_hal_cortex.o
HAL_PWREx_ConfigPVM                               build/stm32wlxx_hal_pwr_ex.o
HAL_PWREx_ControlVoltageScaling                   build/stm32wlxx_hal_pwr_ex.o
HAL_PWREx_DisableBORPVD_ULP                       build/stm32wlxx_hal_pwr_ex.o
HAL_PWREx_DisableBatteryCharging                  build/stm32wlxx_hal_pwr_ex.o
HAL_PWREx_DisableFlashPowerDown                   build/stm32wlxx_hal_pwr_ex.o
HAL_PWREx_DisableGPIOPullDown                     build/stm32wlxx_hal_pwr_ex.o
HAL_PWREx_DisableGPIOPullUp                       build/stm32wlxx_hal_pwr_ex.o
HAL_PWREx_DisableHOLDC2IT                         build/stm32wlxx_hal_pwr_ex.o
HAL_PWREx_DisableInternalWakeUpLine               build/stm32wlxx_hal_pwr_ex.o
HAL_PWREx_DisableLowPowerRunMode                  build/stm32wlxx_hal_pwr_ex.o
                                                  build/stm32wlxx_hal_pwr.o
HAL_PWREx_DisablePVM3                             build/stm32wlxx_hal_pwr_ex.o
HAL_PWREx_DisablePullUpPullDownConfig             build/stm32wlxx_hal_pwr_ex.o
HAL_PWREx_DisableSRAMRetention                    build/stm32wlxx_hal_pwr_ex.o
HAL_PWREx_DisableWPVD                             build/stm32wlxx_hal_pwr_ex.o
HAL_PWREx_EnableBORPVD_ULP                        build/stm32wlxx_hal_pwr_ex.o
HAL_PWREx_EnableBatteryCharging                   build/stm32wlxx_hal_pwr_ex.o
HAL_PWREx_EnableFlashPowerDown                    build/stm32wlxx_hal_pwr_ex.o
HAL_PWREx_EnableGPIOPullDown                      build/stm32wlxx_hal_pwr_ex.o
HAL_PWREx_EnableGPIOPullUp                        build/stm32wlxx_hal_pwr_ex.o
HAL_PWREx_EnableHOLDC2IT                          build/stm32wlxx_hal_pwr_ex.o
HAL_PWREx_EnableInternalWakeUpLine                build/stm32wlxx_hal_pwr_ex.o
HAL_PWREx_EnableLowPowerRunMode                   build/stm32wlxx_hal_pwr_ex.o
                                                  build/stm32wlxx_hal_pwr.o
HAL_PWREx_EnablePVM3                              build/stm32wlxx_hal_pwr_ex.o
HAL_PWREx_EnablePullUpPullDownConfig              build/stm32wlxx_hal_pwr_ex.o
HAL_PWREx_EnableSRAMRetention                     build/stm32wlxx_hal_pwr_ex.o
HAL_PWREx_EnableWPVD                              build/stm32wlxx_hal_pwr_ex.o
HAL_PWREx_EnterSHUTDOWNMode                       build/stm32wlxx_hal_pwr_ex.o
HAL_PWREx_EnterSTOP0Mode                          build/stm32wlxx_hal_pwr_ex.o
                                                  build/stm32wlxx_hal_pwr.o
HAL_PWREx_EnterSTOP1Mode                          build/stm32wlxx_hal_pwr_ex.o
                                                  build/stm32wlxx_hal_pwr.o
HAL_PWREx_EnterSTOP2Mode                          build/stm32wlxx_hal_pwr_ex.o
HAL_PWREx_GetVoltageRange                         build/stm32wlxx_hal_pwr_ex.o
                                                  build/stm32wlxx_hal_rcc.o
HAL_PWREx_HoldCore                                build/stm32wlxx_hal_pwr_ex.o
HAL_PWREx_PVD_PVM_IRQHandler                      build/stm32wlxx_hal_pwr_ex.o
HAL_PWREx_PVM3Callback                            build/stm32wlxx_hal_pwr_ex.o
HAL_PWREx_ReleaseCore                             build/stm32wlxx_hal_pwr_ex.o
HAL_PWREx_SMPS_GetEffectiveMode                   build/stm32wlxx_hal_pwr_ex.o
HAL_PWREx_SMPS_SetMode                            build/stm32wlxx_hal_pwr_ex.o
HAL_PWREx_SetRadioBusyPolarity                    build/stm32wlxx_hal_pwr_ex.o
HAL_PWREx_SetRadioBusyTrigger                     build/stm32wlxx_hal_pwr_ex.o
HAL_PWREx_SetRadioEOL                             build/stm32wlxx_hal_pwr_ex.o
HAL_PWREx_SetRadioIRQTrigger                      build/stm32wlxx_hal_pwr_ex.o
HAL_PWR_ConfigPVD                                 build/stm32wlxx_hal_pwr.o
HAL_PWR_DeInit                                    build/stm32wlxx_hal_pwr.o
HAL_PWR_DisableBkUpAccess                         build/stm32wlxx_hal_pwr.o
                                                  build/stm32wlxx_hal_rcc_ex.o
HAL_PWR_DisablePVD                                build/stm32wlxx_hal_pwr.o
HAL_PWR_DisableSEVOnPend                          build/stm32wlxx_hal_pwr.o
HAL_PWR_DisableSleepOnExit                        build/stm32wlxx_hal_pwr.o
HAL_PWR_DisableWakeUpPin                          build/stm32wlxx_hal_pwr.o
HAL_PWR_EnableBkUpAccess                          build/stm32wlxx_hal_pwr.o
                                                  build/stm32wlxx_hal_rcc_ex.o
                                                  build/stm32wlxx_hal_rcc.o
HAL_PWR_EnablePVD                                 build/stm32wlxx_hal_pwr.o
HAL_PWR_EnableSEVOnPend                           build/stm32wlxx_hal_pwr.o
HAL_PWR_EnableSleepOnExit                         build/stm32wlxx_hal_pwr.o
HAL_PWR_EnableWakeUpPin                           build/stm32wlxx_hal_pwr.o
HAL_PWR_EnterSLEEPMode                            build/stm32wlxx_hal_pwr.o
HAL_PWR_EnterSTANDBYMode                          build/stm32wlxx_hal_pwr.o
HAL_PWR_EnterSTOPMode                             build/stm32wlxx_hal_pwr.o
HAL_PWR_PVDCallback                               build/stm32wlxx_hal_pwr.o
                                                  build/stm32wlxx_hal_pwr_ex.o
HAL_RCCEx_DisableLSCO                             build/stm32wlxx_hal_rcc_ex.o
HAL_RCCEx_DisableLSECSS                           build/stm32wlxx_hal_rcc_ex.o
HAL_RCCEx_DisableMSIPLLMode                       build/stm32wlxx_hal_rcc_ex.o
HAL_RCCEx_EnableLSCO                              build/stm32wlxx_hal_rcc_ex.o
HAL_RCCEx_EnableLSECSS                            build/stm32wlxx_hal_rcc_ex.o
HAL_RCCEx_EnableLSECSS_IT                         build/stm32wlxx_hal_rcc_ex.o
HAL_RCCEx_EnableMSIPLLMode                        build/stm32wlxx_hal_rcc_ex.o
HAL_RCCEx_GetPeriphCLKConfig                      build/stm32wlxx_hal_rcc_ex.o
HAL_RCCEx_GetPeriphCLKFreq                        build/stm32wlxx_hal_rcc_ex.o
HAL_RCCEx_LSECSS_Callback                         build/stm32wlxx_hal_rcc_ex.o
HAL_RCCEx_LSECSS_IRQHandler                       build/stm32wlxx_hal_rcc_ex.o
HAL_RCCEx_PeriphCLKConfig                         build/stm32wlxx_hal_rcc_ex.o
                                                  build/stm32wlxx_hal_msp.o
HAL_RCCEx_WakeUpStopCLKConfig                     build/stm32wlxx_hal_rcc_ex.o
HAL_RCC_CSSCallback                               build/stm32wlxx_hal_rcc.o
HAL_RCC_ClockConfig                               build/stm32wlxx_hal_rcc.o
                                                  build/main.o
HAL_RCC_DeInit                                    build/stm32wlxx_hal_rcc.o
HAL_RCC_EnableCSS                                 build/stm32wlxx_hal_rcc.o
HAL_RCC_GetClockConfig                            build/stm32wlxx_hal_rcc.o
HAL_RCC_GetHCLK2Freq                              build/stm32wlxx_hal_rcc.o
HAL_RCC_GetHCLK3Freq                              build/stm32wlxx_hal_rcc.o
HAL_RCC_GetHCLKFreq                               build/stm32wlxx_hal_rcc.o
                                                  build/stm32wlxx_hal.o
HAL_RCC_GetOscConfig                              build/stm32wlxx_hal_rcc.o
HAL_RCC_GetPCLK1Freq                              build/stm32wlxx_hal_rcc.o
                                                  build/stm32wlxx_hal_uart.o
HAL_RCC_GetPCLK2Freq                              build/stm32wlxx_hal_rcc.o
                                                  build/stm32wlxx_hal_uart.o
HAL_RCC_GetResetSource                            build/stm32wlxx_hal_rcc.o
HAL_RCC_GetSysClockFreq                           build/stm32wlxx_hal_rcc.o
                                                  build/stm32wlxx_hal_uart.o
                                                  build/stm32wlxx_hal_rcc_ex.o
HAL_RCC_MCOConfig                                 build/stm32wlxx_hal_rcc.o
HAL_RCC_NMI_IRQHandler                            build/stm32wlxx_hal_rcc.o
HAL_RCC_OscConfig                                 build/stm32wlxx_hal_rcc.o
                                                  build/main.o
HAL_RS485Ex_Init                                  build/stm32wlxx_hal_uart_ex.o
HAL_ResumeTick                                    build/stm32wlxx_hal.o
HAL_SYSCFG_DisableIOAnalogSwitchBooster           build/stm32wlxx_hal.o
HAL_SYSCFG_DisableIT                              build/stm32wlxx_hal.o
HAL_SYSCFG_DisableVREFBUF                         build/stm32wlxx_hal.o
HAL_SYSCFG_EnableIOAnalogSwitchBooster            build/stm32wlxx_hal.o
HAL_SYSCFG_EnableIT                               build/stm32wlxx_hal.o
HAL_SYSCFG_EnableVREFBUF                          build/stm32wlxx_hal.o
HAL_SYSCFG_SRAM2Erase                             build/stm32wlxx_hal.o
HAL_SYSCFG_VREFBUF_HighImpedanceConfig            build/stm32wlxx_hal.o
HAL_SYSCFG_VREFBUF_TrimmingConfig                 build/stm32wlxx_hal.o
HAL_SYSCFG_VREFBUF_VoltageScalingConfig           build/stm32wlxx_hal.o
HAL_SYSTICK_CLKSourceConfig                       build/stm32wlxx_hal_cortex.o
HAL_SYSTICK_Callback                              build/stm32wlxx_hal_cortex.o
HAL_SYSTICK_Config                                build/stm32wlxx_hal_cortex.o
                                                  build/stm32wlxx_hal.o
HAL_SYSTICK_IRQHandler                            build/stm32wlxx_hal_cortex.o
HAL_SetTickFreq                                   build/stm32wlxx_hal.o
HAL_SuspendTick                                   build/stm32wlxx_hal.o
HAL_TIMEx_Break2Callback                          build/stm32wlxx_hal_tim_ex.o
                                                  build/stm32wlxx_hal_tim.o
HAL_TIMEx_BreakCallback                           build/stm32wlxx_hal_tim_ex.o
                                                  build/stm32wlxx_hal_tim.o
HAL_TIMEx_CommutCallback                          build/stm32wlxx_hal_tim_ex.o
                                                  build/stm32wlxx_hal_tim.o
HAL_TIMEx_CommutHalfCpltCallback                  build/stm32wlxx_hal_tim_ex.o
HAL_TIMEx_ConfigBreakDeadTime                     build/stm32wlxx_hal_tim_ex.o
                                                  build/main.o
HAL_TIMEx_ConfigBreakInput                        build/stm32wlxx_hal_tim_ex.o
HAL_TIMEx_ConfigCommutEvent                       build/stm32wlxx_hal_tim_ex.o
HAL_TIMEx_ConfigCommutEvent_DMA                   build/stm32wlxx_hal_tim_ex.o
HAL_TIMEx_ConfigCommutEvent_IT                    build/stm32wlxx_hal_tim_ex.o
HAL_TIMEx_DisarmBreakInput                        build/stm32wlxx_hal_tim_ex.o
HAL_TIMEx_GetChannelNState                        build/stm32wlxx_hal_tim_ex.o
HAL_TIMEx_GroupChannel5                           build/stm32wlxx_hal_tim_ex.o
HAL_TIMEx_HallSensor_DeInit                       build/stm32wlxx_hal_tim_ex.o
HAL_TIMEx_HallSensor_GetState                     build/stm32wlxx_hal_tim_ex.o
HAL_TIMEx_HallSensor_Init                         build/stm32wlxx_hal_tim_ex.o
HAL_TIMEx_HallSensor_MspDeInit                    build/stm32wlxx_hal_tim_ex.o
HAL_TIMEx_HallSensor_MspInit                      build/stm32wlxx_hal_tim_ex.o
HAL_TIMEx_HallSensor_Start                        build/stm32wlxx_hal_tim_ex.o
HAL_TIMEx_HallSensor_Start_DMA                    build/stm32wlxx_hal_tim_ex.o
HAL_TIMEx_HallSensor_Start_IT                     build/stm32wlxx_hal_tim_ex.o
HAL_TIMEx_HallSensor_Stop                         build/stm32wlxx_hal_tim_ex.o
HAL_TIMEx_HallSensor_Stop_DMA                     build/stm32wlxx_hal_tim_ex.o
HAL_TIMEx_HallSensor_Stop_IT                      build/stm32wlxx_hal_tim_ex.o
HAL_TIMEx_MasterConfigSynchronization             build/stm32wlxx_hal_tim_ex.o
                                                  build/main.o
HAL_TIMEx_OCN_Start                               build/stm32wlxx_hal_tim_ex.o
HAL_TIMEx_OCN_Start_DMA                           build/stm32wlxx_hal_tim_ex.o
HAL_TIMEx_OCN_Start_IT                            build/stm32wlxx_hal_tim_ex.o
HAL_TIMEx_OCN_Stop                                build/stm32wlxx_hal_tim_ex.o
HAL_TIMEx_OCN_Stop_DMA                            build/stm32wlxx_hal_tim_ex.o
HAL_TIMEx_OCN_Stop_IT                             build/stm32wlxx_hal_tim_ex.o
HAL_TIMEx_OnePulseN_Start                         build/stm32wlxx_hal_tim_ex.o
HAL_TIMEx_OnePulseN_Start_IT                      build/stm32wlxx_hal_tim_ex.o
HAL_TIMEx_OnePulseN_Stop                          build/stm32wlxx_hal_tim_ex.o
HAL_TIMEx_OnePulseN_Stop_IT                       build/stm32wlxx_hal_tim_ex.o
HAL_TIMEx_PWMN_Start                              build/stm32wlxx_hal_tim_ex.o
HAL_TIMEx_PWMN_Start_DMA                          build/stm32wlxx_hal_tim_ex.o
HAL_TIMEx_PWMN_Start_IT                           build/stm32wlxx_hal_tim_ex.o
HAL_TIMEx_PWMN_Stop                               build/stm32wlxx_hal_tim_ex.o
HAL_TIMEx_PWMN_Stop_DMA                           build/stm32wlxx_hal_tim_ex.o
HAL_TIMEx_PWMN_Stop_IT                            build/stm32wlxx_hal_tim_ex.o
HAL_TIMEx_ReArmBreakInput                         build/stm32wlxx_hal_tim_ex.o
HAL_TIMEx_RemapConfig                             build/stm32wlxx_hal_tim_ex.o
HAL_TIM_Base_DeInit                               build/stm32wlxx_hal_tim.o
HAL_TIM_Base_GetState                             build/stm32wlxx_hal_tim.o
HAL_TIM_Base_Init                                 build/stm32wlxx_hal_tim.o
                                                  build/main.o
HAL_TIM_Base_MspDeInit                            build/stm32wlxx_hal_msp.o
HAL_TIM_Base_MspInit                              build/stm32wlxx_hal_msp.o
HAL_TIM_Base_Start                                build/stm32wlxx_hal_tim.o
HAL_TIM_Base_Start_DMA                            build/stm32wlxx_hal_tim.o
HAL_TIM_Base_Start_IT                             build/stm32wlxx_hal_tim.o
HAL_TIM_Base_Stop                                 build/stm32wlxx_hal_tim.o
HAL_TIM_Base_Stop_DMA                             build/stm32wlxx_hal_tim.o
HAL_TIM_Base_Stop_IT                              build/stm32wlxx_hal_tim.o
HAL_TIM_ConfigClockSource                         build/stm32wlxx_hal_tim.o
                                                  build/main.o
HAL_TIM_ConfigOCrefClear                          build/stm32wlxx_hal_tim.o
HAL_TIM_ConfigTI1Input                            build/stm32wlxx_hal_tim.o
HAL_TIM_DMABurstState                             build/stm32wlxx_hal_tim.o
HAL_TIM_DMABurst_MultiReadStart                   build/stm32wlxx_hal_tim.o
HAL_TIM_DMABurst_MultiWriteStart                  build/stm32wlxx_hal_tim.o
HAL_TIM_DMABurst_ReadStart                        build/stm32wlxx_hal_tim.o
HAL_TIM_DMABurst_ReadStop                         build/stm32wlxx_hal_tim.o
HAL_TIM_DMABurst_WriteStart                       build/stm32wlxx_hal_tim.o
HAL_TIM_DMABurst_WriteStop                        build/stm32wlxx_hal_tim.o
HAL_TIM_Encoder_DeInit                            build/stm32wlxx_hal_tim.o
HAL_TIM_Encoder_GetState                          build/stm32wlxx_hal_tim.o
HAL_TIM_Encoder_Init                              build/stm32wlxx_hal_tim.o
HAL_TIM_Encoder_MspDeInit                         build/stm32wlxx_hal_tim.o
HAL_TIM_Encoder_MspInit                           build/stm32wlxx_hal_tim.o
HAL_TIM_Encoder_Start                             build/stm32wlxx_hal_tim.o
HAL_TIM_Encoder_Start_DMA                         build/stm32wlxx_hal_tim.o
HAL_TIM_Encoder_Start_IT                          build/stm32wlxx_hal_tim.o
HAL_TIM_Encoder_Stop                              build/stm32wlxx_hal_tim.o
HAL_TIM_Encoder_Stop_DMA                          build/stm32wlxx_hal_tim.o
HAL_TIM_Encoder_Stop_IT                           build/stm32wlxx_hal_tim.o
HAL_TIM_ErrorCallback                             build/stm32wlxx_hal_tim.o
                                                  build/stm32wlxx_hal_tim_ex.o
HAL_TIM_GenerateEvent                             build/stm32wlxx_hal_tim.o
HAL_TIM_GetActiveChannel                          build/stm32wlxx_hal_tim.o
HAL_TIM_GetChannelState                           build/stm32wlxx_hal_tim.o
HAL_TIM_IC_CaptureCallback                        build/stm32wlxx_hal_tim.o
HAL_TIM_IC_CaptureHalfCpltCallback                build/stm32wlxx_hal_tim.o
HAL_TIM_IC_ConfigChannel                          build/stm32wlxx_hal_tim.o
HAL_TIM_IC_DeInit                                 build/stm32wlxx_hal_tim.o
HAL_TIM_IC_GetState                               build/stm32wlxx_hal_tim.o
HAL_TIM_IC_Init                                   build/stm32wlxx_hal_tim.o
HAL_TIM_IC_MspDeInit                              build/stm32wlxx_hal_tim.o
HAL_TIM_IC_MspInit                                build/stm32wlxx_hal_tim.o
HAL_TIM_IC_Start                                  build/stm32wlxx_hal_tim.o
HAL_TIM_IC_Start_DMA                              build/stm32wlxx_hal_tim.o
HAL_TIM_IC_Start_IT                               build/stm32wlxx_hal_tim.o
HAL_TIM_IC_Stop                                   build/stm32wlxx_hal_tim.o
HAL_TIM_IC_Stop_DMA                               build/stm32wlxx_hal_tim.o
HAL_TIM_IC_Stop_IT                                build/stm32wlxx_hal_tim.o
HAL_TIM_IRQHandler                                build/stm32wlxx_hal_tim.o
HAL_TIM_MspPostInit                               build/stm32wlxx_hal_msp.o
                                                  build/main.o
HAL_TIM_OC_ConfigChannel                          build/stm32wlxx_hal_tim.o
HAL_TIM_OC_DeInit                                 build/stm32wlxx_hal_tim.o
HAL_TIM_OC_DelayElapsedCallback                   build/stm32wlxx_hal_tim.o
HAL_TIM_OC_GetState                               build/stm32wlxx_hal_tim.o
HAL_TIM_OC_Init                                   build/stm32wlxx_hal_tim.o
HAL_TIM_OC_MspDeInit                              build/stm32wlxx_hal_tim.o
HAL_TIM_OC_MspInit                                build/stm32wlxx_hal_tim.o
HAL_TIM_OC_Start                                  build/stm32wlxx_hal_tim.o
HAL_TIM_OC_Start_DMA                              build/stm32wlxx_hal_tim.o
HAL_TIM_OC_Start_IT                               build/stm32wlxx_hal_tim.o
HAL_TIM_OC_Stop                                   build/stm32wlxx_hal_tim.o
HAL_TIM_OC_Stop_DMA                               build/stm32wlxx_hal_tim.o
HAL_TIM_OC_Stop_IT                                build/stm32wlxx_hal_tim.o
HAL_TIM_OnePulse_ConfigChannel                    build/stm32wlxx_hal_tim.o
HAL_TIM_OnePulse_DeInit                           build/stm32wlxx_hal_tim.o
HAL_TIM_OnePulse_GetState                         build/stm32wlxx_hal_tim.o
HAL_TIM_OnePulse_Init                             build/stm32wlxx_hal_tim.o
HAL_TIM_OnePulse_MspDeInit                        build/stm32wlxx_hal_tim.o
HAL_TIM_OnePulse_MspInit                          build/stm32wlxx_hal_tim.o
HAL_TIM_OnePulse_Start                            build/stm32wlxx_hal_tim.o
HAL_TIM_OnePulse_Start_IT                         build/stm32wlxx_hal_tim.o
HAL_TIM_OnePulse_Stop                             build/stm32wlxx_hal_tim.o
HAL_TIM_OnePulse_Stop_IT                          build/stm32wlxx_hal_tim.o
HAL_TIM_PWM_ConfigChannel                         build/stm32wlxx_hal_tim.o
                                                  build/main.o
HAL_TIM_PWM_DeInit                                build/stm32wlxx_hal_tim.o
HAL_TIM_PWM_GetState                              build/stm32wlxx_hal_tim.o
HAL_TIM_PWM_Init                                  build/stm32wlxx_hal_tim.o
                                                  build/main.o
HAL_TIM_PWM_MspDeInit                             build/stm32wlxx_hal_tim.o
HAL_TIM_PWM_MspInit                               build/stm32wlxx_hal_tim.o
HAL_TIM_PWM_PulseFinishedCallback                 build/stm32wlxx_hal_tim.o
                                                  build/stm32wlxx_hal_tim_ex.o
HAL_TIM_PWM_PulseFinishedHalfCpltCallback         build/stm32wlxx_hal_tim.o
HAL_TIM_PWM_Start                                 build/stm32wlxx_hal_tim.o
HAL_TIM_PWM_Start_DMA                             build/stm32wlxx_hal_tim.o
HAL_TIM_PWM_Start_IT                              build/stm32wlxx_hal_tim.o
HAL_TIM_PWM_Stop                                  build/stm32wlxx_hal_tim.o
HAL_TIM_PWM_Stop_DMA                              build/stm32wlxx_hal_tim.o
HAL_TIM_PWM_Stop_IT                               build/stm32wlxx_hal_tim.o
HAL_TIM_PeriodElapsedCallback                     build/stm32wlxx_hal_tim.o
HAL_TIM_PeriodElapsedHalfCpltCallback             build/stm32wlxx_hal_tim.o
HAL_TIM_ReadCapturedValue                         build/stm32wlxx_hal_tim.o
HAL_TIM_SlaveConfigSynchro                        build/stm32wlxx_hal_tim.o
HAL_TIM_SlaveConfigSynchro_IT                     build/stm32wlxx_hal_tim.o
HAL_TIM_TriggerCallback                           build/stm32wlxx_hal_tim.o
HAL_TIM_TriggerHalfCpltCallback                   build/stm32wlxx_hal_tim.o
HAL_UARTEx_DisableFifoMode                        build/stm32wlxx_hal_uart_ex.o
                                                  build/main.o
HAL_UARTEx_DisableStopMode                        build/stm32wlxx_hal_uart_ex.o
HAL_UARTEx_EnableFifoMode                         build/stm32wlxx_hal_uart_ex.o
                                                  build/main.o
HAL_UARTEx_EnableStopMode                         build/stm32wlxx_hal_uart_ex.o
HAL_UARTEx_ReceiveToIdle                          build/stm32wlxx_hal_uart_ex.o
HAL_UARTEx_ReceiveToIdle_DMA                      build/stm32wlxx_hal_uart_ex.o
HAL_UARTEx_ReceiveToIdle_IT                       build/stm32wlxx_hal_uart_ex.o
HAL_UARTEx_RxEventCallback                        build/stm32wlxx_hal_uart.o
HAL_UARTEx_RxFifoFullCallback                     build/stm32wlxx_hal_uart_ex.o
                                                  build/stm32wlxx_hal_uart.o
HAL_UARTEx_SetRxFifoThreshold                     build/stm32wlxx_hal_uart_ex.o
                                                  build/main.o
HAL_UARTEx_SetTxFifoThreshold                     build/stm32wlxx_hal_uart_ex.o
                                                  build/main.o
HAL_UARTEx_StopModeWakeUpSourceConfig             build/stm32wlxx_hal_uart_ex.o
HAL_UARTEx_TxFifoEmptyCallback                    build/stm32wlxx_hal_uart_ex.o
                                                  build/stm32wlxx_hal_uart.o
HAL_UARTEx_WakeupCallback                         build/stm32wlxx_hal_uart_ex.o
                                                  build/stm32wlxx_hal_uart.o
HAL_UART_Abort                                    build/stm32wlxx_hal_uart.o
HAL_UART_AbortCpltCallback                        build/stm32wlxx_hal_uart.o
HAL_UART_AbortReceive                             build/stm32wlxx_hal_uart.o
HAL_UART_AbortReceiveCpltCallback                 build/stm32wlxx_hal_uart.o
HAL_UART_AbortReceive_IT                          build/stm32wlxx_hal_uart.o
HAL_UART_AbortTransmit                            build/stm32wlxx_hal_uart.o
HAL_UART_AbortTransmitCpltCallback                build/stm32wlxx_hal_uart.o
HAL_UART_AbortTransmit_IT                         build/stm32wlxx_hal_uart.o
HAL_UART_Abort_IT                                 build/stm32wlxx_hal_uart.o
HAL_UART_DMAPause                                 build/stm32wlxx_hal_uart.o
HAL_UART_DMAResume                                build/stm32wlxx_hal_uart.o
HAL_UART_DMAStop                                  build/stm32wlxx_hal_uart.o
HAL_UART_DeInit                                   build/stm32wlxx_hal_uart.o
HAL_UART_DisableReceiverTimeout                   build/stm32wlxx_hal_uart.o
HAL_UART_EnableReceiverTimeout                    build/stm32wlxx_hal_uart.o
HAL_UART_ErrorCallback                            build/stm32wlxx_hal_uart.o
HAL_UART_GetError                                 build/stm32wlxx_hal_uart.o
HAL_UART_GetState                                 build/stm32wlxx_hal_uart.o
HAL_UART_IRQHandler                               build/stm32wlxx_hal_uart.o
                                                  build/stm32wlxx_it.o
HAL_UART_Init                                     build/stm32wlxx_hal_uart.o
                                                  build/main.o
HAL_UART_MspDeInit                                build/stm32wlxx_hal_msp.o
HAL_UART_MspInit                                  build/stm32wlxx_hal_msp.o
                                                  build/stm32wlxx_hal_uart_ex.o
HAL_UART_Receive                                  build/stm32wlxx_hal_uart.o
HAL_UART_Receive_DMA                              build/stm32wlxx_hal_uart.o
HAL_UART_Receive_IT                               build/stm32wlxx_hal_uart.o
HAL_UART_ReceiverTimeout_Config                   build/stm32wlxx_hal_uart.o
HAL_UART_RxCpltCallback                           build/stm32wlxx_hal_uart.o
HAL_UART_RxHalfCpltCallback                       build/stm32wlxx_hal_uart.o
HAL_UART_Transmit                                 build/stm32wlxx_hal_uart.o
                                                  build/main.o
HAL_UART_Transmit_DMA                             build/stm32wlxx_hal_uart.o
HAL_UART_Transmit_IT                              build/stm32wlxx_hal_uart.o
HAL_UART_TxCpltCallback                           build/stm32wlxx_hal_uart.o
HAL_UART_TxHalfCpltCallback                       build/stm32wlxx_hal_uart.o
HSEM_IRQHandler                                   build/startup_stm32wl55xx_cm4.o
HardFault_Handler                                 build/stm32wlxx_it.o
I2C1_ER_IRQHandler                                build/startup_stm32wl55xx_cm4.o