Archive member included to satisfy reference by file (symbol)

/home/eatkinso/st/stm32cubeide_1.9.0_2/plugins/com.st.stm32cube.ide.mcu.externaltools.gnu-tools-for-stm32.10.3-2021.10.linux64_1.0.0.202111181127/tools/bin/../lib/gcc/arm-none-eabi/10.3.1/../../../../arm-none-eabi/lib/thumb/v7e-m/nofp/libc_nano.a(lib_a-errno.o)
                              ./Application/User/Core/syscalls.o (__errno)
/home/eatkinso/st/stm32cubeide_1.9.0_2/plugins/com.st.stm32cube.ide.mcu.externaltools.gnu-tools-for-stm32.10.3-2021.10.linux64_1.0.0.202111181127/tools/bin/../lib/gcc/arm-none-eabi/10.3.1/../../../../arm-none-eabi/lib/thumb/v7e-m/nofp/libc_nano.a(lib_a-exit.o)
                              /home/eatkinso/st/stm32cubeide_1.9.0_2/plugins/com.st.stm32cube.ide.mcu.externaltools.gnu-tools-for-stm32.10.3-2021.10.linux64_1.0.0.202111181127/tools/bin/../lib/gcc/arm-none-eabi/10.3.1/../../../../arm-none-eabi/lib/thumb/v7e-m/nofp/crt0.o (exit)
/home/eatkinso/st/stm32cubeide_1.9.0_2/plugins/com.st.stm32cube.ide.mcu.externaltools.gnu-tools-for-stm32.10.3-2021.10.linux64_1.0.0.202111181127/tools/bin/../lib/gcc/arm-none-eabi/10.3.1/../../../../arm-none-eabi/lib/thumb/v7e-m/nofp/libc_nano.a(lib_a-impure.o)
                              /home/eatkinso/st/stm32cubeide_1.9.0_2/plugins/com.st.stm32cube.ide.mcu.externaltools.gnu-tools-for-stm32.10.3-2021.10.linux64_1.0.0.202111181127/tools/bin/../lib/gcc/arm-none-eabi/10.3.1/../../../../arm-none-eabi/lib/thumb/v7e-m/nofp/libc_nano.a(lib_a-exit.o) (_global_impure_ptr)
/home/eatkinso/st/stm32cubeide_1.9.0_2/plugins/com.st.stm32cube.ide.mcu.externaltools.gnu-tools-for-stm32.10.3-2021.10.linux64_1.0.0.202111181127/tools/bin/../lib/gcc/arm-none-eabi/10.3.1/../../../../arm-none-eabi/lib/thumb/v7e-m/nofp/libc_nano.a(lib_a-init.o)
                              /home/eatkinso/st/stm32cubeide_1.9.0_2/plugins/com.st.stm32cube.ide.mcu.externaltools.gnu-tools-for-stm32.10.3-2021.10.linux64_1.0.0.202111181127/tools/bin/../lib/gcc/arm-none-eabi/10.3.1/../../../../arm-none-eabi/lib/thumb/v7e-m/nofp/crt0.o (__libc_init_array)
/home/eatkinso/st/stm32cubeide_1.9.0_2/plugins/com.st.stm32cube.ide.mcu.externaltools.gnu-tools-for-stm32.10.3-2021.10.linux64_1.0.0.202111181127/tools/bin/../lib/gcc/arm-none-eabi/10.3.1/../../../../arm-none-eabi/lib/thumb/v7e-m/nofp/libc_nano.a(lib_a-memcpy-stub.o)
                              ./Application/User/Core/vluart.o (memcpy)
/home/eatkinso/st/stm32cubeide_1.9.0_2/plugins/com.st.stm32cube.ide.mcu.externaltools.gnu-tools-for-stm32.10.3-2021.10.linux64_1.0.0.202111181127/tools/bin/../lib/gcc/arm-none-eabi/10.3.1/../../../../arm-none-eabi/lib/thumb/v7e-m/nofp/libc_nano.a(lib_a-memset.o)
                              /home/eatkinso/st/stm32cubeide_1.9.0_2/plugins/com.st.stm32cube.ide.mcu.externaltools.gnu-tools-for-stm32.10.3-2021.10.linux64_1.0.0.202111181127/tools/bin/../lib/gcc/arm-none-eabi/10.3.1/../../../../arm-none-eabi/lib/thumb/v7e-m/nofp/crt0.o (memset)
/home/eatkinso/st/stm32cubeide_1.9.0_2/plugins/com.st.stm32cube.ide.mcu.externaltools.gnu-tools-for-stm32.10.3-2021.10.linux64_1.0.0.202111181127/tools/bin/../lib/gcc/arm-none-eabi/10.3.1/thumb/v7e-m/nofp/libgcc.a(_aeabi_uldivmod.o)
                              ./Drivers/STM32WLxx_HAL_Driver/stm32wlxx_hal_uart.o (__aeabi_uldivmod)
/home/eatkinso/st/stm32cubeide_1.9.0_2/plugins/com.st.stm32cube.ide.mcu.externaltools.gnu-tools-for-stm32.10.3-2021.10.linux64_1.0.0.202111181127/tools/bin/../lib/gcc/arm-none-eabi/10.3.1/thumb/v7e-m/nofp/libgcc.a(_udivmoddi4.o)
                              /home/eatkinso/st/stm32cubeide_1.9.0_2/plugins/com.st.stm32cube.ide.mcu.externaltools.gnu-tools-for-stm32.10.3-2021.10.linux64_1.0.0.202111181127/tools/bin/../lib/gcc/arm-none-eabi/10.3.1/thumb/v7e-m/nofp/libgcc.a(_aeabi_uldivmod.o) (__udivmoddi4)
/home/eatkinso/st/stm32cubeide_1.9.0_2/plugins/com.st.stm32cube.ide.mcu.externaltools.gnu-tools-for-stm32.10.3-2021.10.linux64_1.0.0.202111181127/tools/bin/../lib/gcc/arm-none-eabi/10.3.1/thumb/v7e-m/nofp/libgcc.a(_dvmd_tls.o)
                              /home/eatkinso/st/stm32cubeide_1.9.0_2/plugins/com.st.stm32cube.ide.mcu.externaltools.gnu-tools-for-stm32.10.3-2021.10.linux64_1.0.0.202111181127/tools/bin/../lib/gcc/arm-none-eabi/10.3.1/thumb/v7e-m/nofp/libgcc.a(_aeabi_uldivmod.o) (__aeabi_ldiv0)

Discarded input sections

 .text          0x0000000000000000        0x0 /home/eatkinso/st/stm32cubeide_1.9.0_2/plugins/com.st.stm32cube.ide.mcu.externaltools.gnu-tools-for-stm32.10.3-2021.10.linux64_1.0.0.202111181127/tools/bin/../lib/gcc/arm-none-eabi/10.3.1/thumb/v7e-m/nofp/crti.o
 .data          0x0000000000000000        0x0 /home/eatkinso/st/stm32cubeide_1.9.0_2/plugins/com.st.stm32cube.ide.mcu.externaltools.gnu-tools-for-stm32.10.3-2021.10.linux64_1.0.0.202111181127/tools/bin/../lib/gcc/arm-none-eabi/10.3.1/thumb/v7e-m/nofp/crti.o
[...]
Memory Configuration

Name             Origin             Length             Attributes
RAM              0x0000000020000000 0x0000000000010000 xrw
RAM2             0x0000000010000000 0x0000000000008000 xrw
FLASH            0x0000000008000000 0x0000000000040000 xr
*default*        0x0000000000000000 0xffffffffffffffff

Linker script and memory map

LOAD /home/eatkinso/st/stm32cubeide_1.9.0_2/plugins/com.st.stm32cube.ide.mcu.externaltools.gnu-tools-for-stm32.10.3-2021.10.linux64_1.0.0.202111181127/tools/bin/../lib/gcc/arm-none-eabi/10.3.1/thumb/v7e-m/nofp/crti.o
LOAD /home/eatkinso/st/stm32cubeide_1.9.0_2/plugins/com.st.stm32cube.ide.mcu.externaltools.gnu-tools-for-stm32.10.3-2021.10.linux64_1.0.0.202111181127/tools/bin/../lib/gcc/arm-none-eabi/10.3.1/thumb/v7e-m/nofp/crtbegin.o
LOAD /home/eatkinso/st/stm32cubeide_1.9.0_2/plugins/com.st.stm32cube.ide.mcu.externaltools.gnu-tools-for-stm32.10.3-2021.10.linux64_1.0.0.202111181127/tools/bin/../lib/gcc/arm-none-eabi/10.3.1/../../../../arm-none-eabi/lib/thumb/v7e-m/nofp/crt0.o
LOAD ./Application/User/Core/btgps.o
LOAD ./Application/User/Core/main.o
LOAD ./Application/User/Core/stm32wlxx_hal_msp.o
LOAD ./Application/User/Core/stm32wlxx_it.o
LOAD ./Application/User/Core/syscalls.o
LOAD ./Application/User/Core/sysmem.o
LOAD ./Application/User/Core/vluart.o
LOAD ./Application/User/Startup/startup_stm32wl55jcix.o
LOAD ./Drivers/CMSIS/system_stm32wlxx.o
LOAD ./Drivers/STM32WLxx_HAL_Driver/stm32wlxx_hal.o
LOAD ./Drivers/STM32WLxx_HAL_Driver/stm32wlxx_hal_cortex.o
LOAD ./Drivers/STM32WLxx_HAL_Driver/stm32wlxx_hal_dma.o
LOAD ./Drivers/STM32WLxx_HAL_Driver/stm32wlxx_hal_dma_ex.o
LOAD ./Drivers/STM32WLxx_HAL_Driver/stm32wlxx_hal_exti.o
LOAD ./Drivers/STM32WLxx_HAL_Driver/stm32wlxx_hal_flash.o
LOAD ./Drivers/STM32WLxx_HAL_Driver/stm32wlxx_hal_flash_ex.o
LOAD ./Drivers/STM32WLxx_HAL_Driver/stm32wlxx_hal_gpio.o
LOAD ./Drivers/STM32WLxx_HAL_Driver/stm32wlxx_hal_pwr.o
LOAD ./Drivers/STM32WLxx_HAL_Driver/stm32wlxx_hal_pwr_ex.o
LOAD ./Drivers/STM32WLxx_HAL_Driver/stm32wlxx_hal_rcc.o
LOAD ./Drivers/STM32WLxx_HAL_Driver/stm32wlxx_hal_rcc_ex.o
LOAD ./Drivers/STM32WLxx_HAL_Driver/stm32wlxx_hal_tim.o
LOAD ./Drivers/STM32WLxx_HAL_Driver/stm32wlxx_hal_tim_ex.o
LOAD ./Drivers/STM32WLxx_HAL_Driver/stm32wlxx_hal_uart.o
LOAD ./Drivers/STM32WLxx_HAL_Driver/stm32wlxx_hal_uart_ex.o
START GROUP
LOAD /home/eatkinso/st/stm32cubeide_1.9.0_2/plugins/com.st.stm32cube.ide.mcu.externaltools.gnu-tools-for-stm32.10.3-2021.10.linux64_1.0.0.202111181127/tools/bin/../lib/gcc/arm-none-eabi/10.3.1/../../../../arm-none-eabi/lib/thumb/v7e-m/nofp/libc_nano.a
LOAD /home/eatkinso/st/stm32cubeide_1.9.0_2/plugins/com.st.stm32cube.ide.mcu.externaltools.gnu-tools-for-stm32.10.3-2021.10.linux64_1.0.0.202111181127/tools/bin/../lib/gcc/arm-none-eabi/10.3.1/../../../../arm-none-eabi/lib/thumb/v7e-m/nofp/libm.a
END GROUP
START GROUP
LOAD /home/eatkinso/st/stm32cubeide_1.9.0_2/plugins/com.st.stm32cube.ide.mcu.externaltools.gnu-tools-for-stm32.10.3-2021.10.linux64_1.0.0.202111181127/tools/bin/../lib/gcc/arm-none-eabi/10.3.1/thumb/v7e-m/nofp/libgcc.a
LOAD /home/eatkinso/st/stm32cubeide_1.9.0_2/plugins/com.st.stm32cube.ide.mcu.externaltools.gnu-tools-for-stm32.10.3-2021.10.linux64_1.0.0.202111181127/tools/bin/../lib/gcc/arm-none-eabi/10.3.1/../../../../arm-none-eabi/lib/thumb/v7e-m/nofp/libc_nano.a
END GROUP
START GROUP
LOAD /home/eatkinso/st/stm32cubeide_1.9.0_2/plugins/com.st.stm32cube.ide.mcu.externaltools.gnu-tools-for-stm32.10.3-2021.10.linux64_1.0.0.202111181127/tools/bin/../lib/gcc/arm-none-eabi/10.3.1/thumb/v7e-m/nofp/libgcc.a
LOAD /home/eatkinso/st/stm32cubeide_1.9.0_2/plugins/com.st.stm32cube.ide.mcu.externaltools.gnu-tools-for-stm32.10.3-2021.10.linux64_1.0.0.202111181127/tools/bin/../lib/gcc/arm-none-eabi/10.3.1/../../../../arm-none-eabi/lib/thumb/v7e-m/nofp/libc_nano.a
LOAD /home/eatkinso/st/stm32cubeide_1.9.0_2/plugins/com.st.stm32cube.ide.mcu.externaltools.gnu-tools-for-stm32.10.3-2021.10.linux64_1.0.0.202111181127/tools/bin/../lib/gcc/arm-none-eabi/10.3.1/../../../../arm-none-eabi/lib/thumb/v7e-m/nofp/libnosys.a
END GROUP
START GROUP
LOAD /home/eatkinso/st/stm32cubeide_1.9.0_2/plugins/com.st.stm32cube.ide.mcu.externaltools.gnu-tools-for-stm32.10.3-2021.10.linux64_1.0.0.202111181127/tools/bin/../lib/gcc/arm-none-eabi/10.3.1/thumb/v7e-m/nofp/libgcc.a
LOAD /home/eatkinso/st/stm32cubeide_1.9.0_2/plugins/com.st.stm32cube.ide.mcu.externaltools.gnu-tools-for-stm32.10.3-2021.10.linux64_1.0.0.202111181127/tools/bin/../lib/gcc/arm-none-eabi/10.3.1/../../../../arm-none-eabi/lib/thumb/v7e-m/nofp/libc_nano.a
LOAD /home/eatkinso/st/stm32cubeide_1.9.0_2/plugins/com.st.stm32cube.ide.mcu.externaltools.gnu-tools-for-stm32.10.3-2021.10.linux64_1.0.0.202111181127/tools/bin/../lib/gcc/arm-none-eabi/10.3.1/../../../../arm-none-eabi/lib/thumb/v7e-m/nofp/libnosys.a
END GROUP
LOAD /home/eatkinso/st/stm32cubeide_1.9.0_2/plugins/com.st.stm32cube.ide.mcu.externaltools.gnu-tools-for-stm32.10.3-2021.10.linux64_1.0.0.202111181127/tools/bin/../lib/gcc/arm-none-eabi/10.3.1/thumb/v7e-m/nofp/crtend.o
LOAD /home/eatkinso/st/stm32cubeide_1.9.0_2/plugins/com.st.stm32cube.ide.mcu.externaltools.gnu-tools-for-stm32.10.3-2021.10.linux64_1.0.0.202111181127/tools/bin/../lib/gcc/arm-none-eabi/10.3.1/thumb/v7e-m/nofp/crtn.o
                0x0000000020010000                _estack = (ORIGIN (RAM) + LENGTH (RAM))
                0x0000000000000200                _Min_Heap_Size = 0x200
                0x0000000000000400                _Min_Stack_Size = 0x400

.isr_vector     0x0000000008000000      0x138
                0x0000000008000000                . = ALIGN (0x4)
 *(.isr_vector)
 .isr_vector    0x0000000008000000      0x138 ./Application/User/Startup/startup_stm32wl55jcix.o
                0x0000000008000000                g_pfnVectors
                0x0000000008000138                . = ALIGN (0x4)

.text           0x0000000008000138     0x48e0
                0x0000000008000138                . = ALIGN (0x4)
 *(.text)
 .text          0x0000000008000138       0x40 /home/eatkinso/st/stm32cubeide_1.9.0_2/plugins/com.st.stm32cube.ide.mcu.externaltools.gnu-tools-for-stm32.10.3-2021.10.linux64_1.0.0.202111181127/tools/bin/../lib/gcc/arm-none-eabi/10.3.1/thumb/v7e-m/nofp/crtbegin.o
 .text          0x0000000008000178       0x30 /home/eatkinso/st/stm32cubeide_1.9.0_2/plugins/com.st.stm32cube.ide.mcu.externaltools.gnu-tools-for-stm32.10.3-2021.10.linux64_1.0.0.202111181127/tools/bin/../lib/gcc/arm-none-eabi/10.3.1/thumb/v7e-m/nofp/libgcc.a(_aeabi_uldivmod.o)
                0x0000000008000178                __aeabi_uldivmod
 .text          0x00000000080001a8      0x2d0 /home/eatkinso/st/stm32cubeide_1.9.0_2/plugins/com.st.stm32cube.ide.mcu.externaltools.gnu-tools-for-stm32.10.3-2021.10.linux64_1.0.0.202111181127/tools/bin/../lib/gcc/arm-none-eabi/10.3.1/thumb/v7e-m/nofp/libgcc.a(_udivmoddi4.o)
                0x00000000080001a8                __udivmoddi4
 .text          0x0000000008000478        0x4 /home/eatkinso/st/stm32cubeide_1.9.0_2/plugins/com.st.stm32cube.ide.mcu.externaltools.gnu-tools-for-stm32.10.3-2021.10.linux64_1.0.0.202111181127/tools/bin/../lib/gcc/arm-none-eabi/10.3.1/thumb/v7e-m/nofp/libgcc.a(_dvmd_tls.o)
                0x0000000008000478                __aeabi_ldiv0
                0x0000000008000478                __aeabi_idiv0
 *(.text*)
 .text.get_gps  0x000000000800047c      0x2d4 ./Application/User/Core/btgps.o
                0x000000000800047c                get_gps
 .text.LL_RCC_LSE_SetDriveCapability
                0x0000000008000750       0x2a ./Application/User/Core/main.o
 .text.LL_AHB1_GRP1_EnableClock
                0x000000000800077a       0x30 ./Application/User/Core/main.o
 .text.LL_AHB2_GRP1_EnableClock
                0x00000000080007aa       0x30 ./Application/User/Core/main.o
 *fill*         0x00000000080007da        0x2 
 .text.main     0x00000000080007dc       0x4c ./Application/User/Core/main.o
                0x00000000080007dc                main
 .text.SystemClock_Config
                0x0000000008000828       0xd8 ./Application/User/Core/main.o
                0x0000000008000828                SystemClock_Config
 .text.MX_LPUART1_UART_Init
                0x0000000008000900       0x9c ./Application/User/Core/main.o
 .text.MX_USART1_UART_Init
                0x000000000800099c       0x9c ./Application/User/Core/main.o
 .text.MX_DMA_Init
                0x0000000008000a38       0x24 ./Application/User/Core/main.o
 .text.MX_GPIO_Init
                0x0000000008000a5c       0xd4 ./Application/User/Core/main.o
 .text.Error_Handler
                0x0000000008000b30        0xa ./Application/User/Core/main.o
                0x0000000008000b30                Error_Handler
 .text.LL_AHB2_GRP1_EnableClock
                0x0000000008000b3a       0x30 ./Application/User/Core/stm32wlxx_hal_msp.o
 .text.LL_APB1_GRP2_EnableClock
                0x0000000008000b6a       0x30 ./Application/User/Core/stm32wlxx_hal_msp.o
 .text.LL_APB2_GRP1_EnableClock
                0x0000000008000b9a       0x30 ./Application/User/Core/stm32wlxx_hal_msp.o
 .text.HAL_MspInit
                0x0000000008000bca        0xc ./Application/User/Core/stm32wlxx_hal_msp.o
                0x0000000008000bca                HAL_MspInit
 *fill*         0x0000000008000bd6        0x2 
 .text.HAL_UART_MspInit
                0x0000000008000bd8      0x178 ./Application/User/Core/stm32wlxx_hal_msp.o
                0x0000000008000bd8                HAL_UART_MspInit
 .text.gps_parser
                0x0000000008000d50       0x12 ./Application/User/Core/stm32wlxx_it.o
                0x0000000008000d50                gps_parser
 .text.NMI_Handler
                0x0000000008000d62        0x6 ./Application/User/Core/stm32wlxx_it.o
                0x0000000008000d62                NMI_Handler
 .text.HardFault_Handler
                0x0000000008000d68        0x6 ./Application/User/Core/stm32wlxx_it.o
                0x0000000008000d68                HardFault_Handler
 .text.MemManage_Handler
                0x0000000008000d6e        0x6 ./Application/User/Core/stm32wlxx_it.o
                0x0000000008000d6e                MemManage_Handler
 .text.BusFault_Handler
                0x0000000008000d74        0x6 ./Application/User/Core/stm32wlxx_it.o
                0x0000000008000d74                BusFault_Handler
 .text.UsageFault_Handler
                0x0000000008000d7a        0x6 ./Application/User/Core/stm32wlxx_it.o
                0x0000000008000d7a                UsageFault_Handler
 .text.SVC_Handler
                0x0000000008000d80        0xc ./Application/User/Core/stm32wlxx_it.o
                0x0000000008000d80                SVC_Handler
 .text.DebugMon_Handler
                0x0000000008000d8c        0xc ./Application/User/Core/stm32wlxx_it.o
                0x0000000008000d8c                DebugMon_Handler
 .text.PendSV_Handler
                0x0000000008000d98        0xc ./Application/User/Core/stm32wlxx_it.o
                0x0000000008000d98                PendSV_Handler
 .text.SysTick_Handler
                0x0000000008000da4        0xc ./Application/User/Core/stm32wlxx_it.o
                0x0000000008000da4                SysTick_Handler
 .text.DMA1_Channel1_IRQHandler
                0x0000000008000db0       0x14 ./Application/User/Core/stm32wlxx_it.o
                0x0000000008000db0                DMA1_Channel1_IRQHandler
 .text.USART1_IRQHandler
                0x0000000008000dc4       0x38 ./Application/User/Core/stm32wlxx_it.o
                0x0000000008000dc4                USART1_IRQHandler
 .text.LPUART1_IRQHandler
                0x0000000008000dfc       0x14 ./Application/User/Core/stm32wlxx_it.o
                0x0000000008000dfc                LPUART1_IRQHandler
 .text.VLU_IdleLineHandler
                0x0000000008000e10       0xb4 ./Application/User/Core/vluart.o
                0x0000000008000e10                VLU_IdleLineHandler
 .text.Reset_Handler
                0x0000000008000ec4       0x50 ./Application/User/Startup/startup_stm32wl55jcix.o
                0x0000000008000ec4                Reset_Handler
 .text.Default_Handler
                0x0000000008000f14        0x2 ./Application/User/Startup/startup_stm32wl55jcix.o
                0x0000000008000f14                RTC_Alarm_IRQHandler
                0x0000000008000f14                EXTI2_IRQHandler
                0x0000000008000f14                TIM1_CC_IRQHandler
                0x0000000008000f14                EXTI3_IRQHandler
                0x0000000008000f14                LPTIM2_IRQHandler
                0x0000000008000f14                I2C3_ER_IRQHandler
                0x0000000008000f14                LPTIM3_IRQHandler
                0x0000000008000f14                EXTI0_IRQHandler
                0x0000000008000f14                I2C2_EV_IRQHandler
                0x0000000008000f14                TAMP_STAMP_LSECSS_SSRU_IRQHandler
                0x0000000008000f14                SPI1_IRQHandler
                0x0000000008000f14                DMA2_Channel2_IRQHandler
                0x0000000008000f14                DMA1_Channel4_IRQHandler
                0x0000000008000f14                PKA_IRQHandler
                0x0000000008000f14                TIM17_IRQHandler
                0x0000000008000f14                DMA1_Channel7_IRQHandler
                0x0000000008000f14                SUBGHZSPI_IRQHandler
                0x0000000008000f14                IPCC_C1_TX_IRQHandler
                0x0000000008000f14                DMA2_Channel1_IRQHandler
                0x0000000008000f14                I2C1_EV_IRQHandler
                0x0000000008000f14                SUBGHZ_Radio_IRQHandler
                0x0000000008000f14                DMAMUX1_OVR_IRQHandler
                0x0000000008000f14                DMA1_Channel6_IRQHandler
                0x0000000008000f14                TIM16_IRQHandler
                0x0000000008000f14                DMA2_Channel4_IRQHandler
                0x0000000008000f14                RCC_IRQHandler
                0x0000000008000f14                TIM1_TRG_COM_IRQHandler
                0x0000000008000f14                Default_Handler
                0x0000000008000f14                DMA2_Channel7_IRQHandler
                0x0000000008000f14                EXTI15_10_IRQHandler
                0x0000000008000f14                IPCC_C1_RX_IRQHandler
                0x0000000008000f14                ADC_IRQHandler
                0x0000000008000f14                C2SEV_PWR_C2H_IRQHandler
                0x0000000008000f14                I2C3_EV_IRQHandler
                0x0000000008000f14                EXTI9_5_IRQHandler
                0x0000000008000f14                RTC_WKUP_IRQHandler
                0x0000000008000f14                PVD_PVM_IRQHandler
                0x0000000008000f14                SPI2_IRQHandler
                0x0000000008000f14                DMA2_Channel5_IRQHandler
                0x0000000008000f14                DMA1_Channel5_IRQHandler
                0x0000000008000f14                EXTI4_IRQHandler
                0x0000000008000f14                RNG_IRQHandler
                0x0000000008000f14                DMA1_Channel3_IRQHandler
                0x0000000008000f14                COMP_IRQHandler
                0x0000000008000f14                HSEM_IRQHandler
                0x0000000008000f14                TIM1_UP_IRQHandler
                0x0000000008000f14                WWDG_IRQHandler
                0x0000000008000f14                DMA2_Channel6_IRQHandler
                0x0000000008000f14                TIM2_IRQHandler
                0x0000000008000f14                TIM1_BRK_IRQHandler
                0x0000000008000f14                DAC_IRQHandler
                0x0000000008000f14                EXTI1_IRQHandler
                0x0000000008000f14                AES_IRQHandler
                0x0000000008000f14                USART2_IRQHandler
                0x0000000008000f14                I2C2_ER_IRQHandler
                0x0000000008000f14                DMA1_Channel2_IRQHandler
                0x0000000008000f14                FLASH_IRQHandler
                0x0000000008000f14                I2C1_ER_IRQHandler
                0x0000000008000f14                LPTIM1_IRQHandler
                0x0000000008000f14                DMA2_Channel3_IRQHandler
 .text.SystemInit
                0x0000000008000f16        0xc ./Drivers/CMSIS/system_stm32wlxx.o
                0x0000000008000f16                SystemInit
 *fill*         0x0000000008000f22        0x2 
 .text.HAL_Init
                0x0000000008000f24       0x40 ./Drivers/STM32WLxx_HAL_Driver/stm32wlxx_hal.o
                0x0000000008000f24                HAL_Init
 .text.HAL_InitTick
                0x0000000008000f64       0x74 ./Drivers/STM32WLxx_HAL_Driver/stm32wlxx_hal.o
                0x0000000008000f64                HAL_InitTick
 .text.HAL_IncTick
                0x0000000008000fd8       0x24 ./Drivers/STM32WLxx_HAL_Driver/stm32wlxx_hal.o
                0x0000000008000fd8                HAL_IncTick
 .text.HAL_GetTick
                0x0000000008000ffc       0x14 ./Drivers/STM32WLxx_HAL_Driver/stm32wlxx_hal.o
                0x0000000008000ffc                HAL_GetTick
 .text.__NVIC_SetPriorityGrouping
                0x0000000008001010       0x48 ./Drivers/STM32WLxx_HAL_Driver/stm32wlxx_hal_cortex.o
 .text.__NVIC_GetPriorityGrouping
                0x0000000008001058       0x1c ./Drivers/STM32WLxx_HAL_Driver/stm32wlxx_hal_cortex.o
 .text.__NVIC_EnableIRQ
                0x0000000008001074       0x38 ./Drivers/STM32WLxx_HAL_Driver/stm32wlxx_hal_cortex.o
 .text.__NVIC_SetPriority
                0x00000000080010ac       0x54 ./Drivers/STM32WLxx_HAL_Driver/stm32wlxx_hal_cortex.o
 .text.NVIC_EncodePriority
                0x0000000008001100       0x64 ./Drivers/STM32WLxx_HAL_Driver/stm32wlxx_hal_cortex.o
 .text.SysTick_Config
                0x0000000008001164       0x44 ./Drivers/STM32WLxx_HAL_Driver/stm32wlxx_hal_cortex.o
 .text.HAL_NVIC_SetPriorityGrouping
                0x00000000080011a8       0x16 ./Drivers/STM32WLxx_HAL_Driver/stm32wlxx_hal_cortex.o
                0x00000000080011a8                HAL_NVIC_SetPriorityGrouping
 .text.HAL_NVIC_SetPriority
                0x00000000080011be       0x34 ./Drivers/STM32WLxx_HAL_Driver/stm32wlxx_hal_cortex.o
                0x00000000080011be                HAL_NVIC_SetPriority
 .text.HAL_NVIC_EnableIRQ
                0x00000000080011f2       0x1c ./Drivers/STM32WLxx_HAL_Driver/stm32wlxx_hal_cortex.o
                0x00000000080011f2                HAL_NVIC_EnableIRQ
 .text.HAL_SYSTICK_Config
                0x000000000800120e       0x18 ./Drivers/STM32WLxx_HAL_Driver/stm32wlxx_hal_cortex.o
                0x000000000800120e                HAL_SYSTICK_Config
 *fill*         0x0000000008001226        0x2 
 .text.HAL_DMA_Init
                0x0000000008001228      0x150 ./Drivers/STM32WLxx_HAL_Driver/stm32wlxx_hal_dma.o
                0x0000000008001228                HAL_DMA_Init
 .text.HAL_DMA_Abort
                0x0000000008001378       0xbc ./Drivers/STM32WLxx_HAL_Driver/stm32wlxx_hal_dma.o
                0x0000000008001378                HAL_DMA_Abort
 .text.HAL_DMA_Abort_IT
                0x0000000008001434       0xbe ./Drivers/STM32WLxx_HAL_Driver/stm32wlxx_hal_dma.o
                0x0000000008001434                HAL_DMA_Abort_IT
 *fill*         0x00000000080014f2        0x2 
 .text.HAL_DMA_IRQHandler
                0x00000000080014f4      0x18c ./Drivers/STM32WLxx_HAL_Driver/stm32wlxx_hal_dma.o
                0x00000000080014f4                HAL_DMA_IRQHandler
 .text.HAL_DMA_ConfigChannelAttributes
                0x0000000008001680       0x5e ./Drivers/STM32WLxx_HAL_Driver/stm32wlxx_hal_dma.o
                0x0000000008001680                HAL_DMA_ConfigChannelAttributes
 *fill*         0x00000000080016de        0x2 
 .text.DMA_CalcDMAMUXChannelBaseAndMask
                0x00000000080016e0       0x90 ./Drivers/STM32WLxx_HAL_Driver/stm32wlxx_hal_dma.o
 .text.DMA_CalcDMAMUXRequestGenBaseAndMask
                0x0000000008001770       0x48 ./Drivers/STM32WLxx_HAL_Driver/stm32wlxx_hal_dma.o
 .text.HAL_GPIO_Init
                0x00000000080017b8      0x2c0 ./Drivers/STM32WLxx_HAL_Driver/stm32wlxx_hal_gpio.o
                0x00000000080017b8                HAL_GPIO_Init
 .text.HAL_GPIO_WritePin
                0x0000000008001a78       0x2e ./Drivers/STM32WLxx_HAL_Driver/stm32wlxx_hal_gpio.o
                0x0000000008001a78                HAL_GPIO_WritePin
 *fill*         0x0000000008001aa6        0x2 
 .text.HAL_PWR_EnableBkUpAccess
                0x0000000008001aa8       0x1c ./Drivers/STM32WLxx_HAL_Driver/stm32wlxx_hal_pwr.o
                0x0000000008001aa8                HAL_PWR_EnableBkUpAccess
 .text.HAL_PWREx_GetVoltageRange
                0x0000000008001ac4       0x18 ./Drivers/STM32WLxx_HAL_Driver/stm32wlxx_hal_pwr_ex.o
                0x0000000008001ac4                HAL_PWREx_GetVoltageRange
 .text.LL_PWR_IsEnabledBkUpAccess
                0x0000000008001adc       0x24 ./Drivers/STM32WLxx_HAL_Driver/stm32wlxx_hal_rcc.o
 .text.LL_RCC_HSE_EnableTcxo
                0x0000000008001b00       0x1c ./Drivers/STM32WLxx_HAL_Driver/stm32wlxx_hal_rcc.o
 .text.LL_RCC_HSE_DisableTcxo
                0x0000000008001b1c       0x1c ./Drivers/STM32WLxx_HAL_Driver/stm32wlxx_hal_rcc.o
 .text.LL_RCC_HSE_IsEnabledDiv2
                0x0000000008001b38       0x22 ./Drivers/STM32WLxx_HAL_Driver/stm32wlxx_hal_rcc.o
 .text.LL_RCC_HSE_Enable
                0x0000000008001b5a       0x1c ./Drivers/STM32WLxx_HAL_Driver/stm32wlxx_hal_rcc.o
 .text.LL_RCC_HSE_Disable
                0x0000000008001b76       0x1c ./Drivers/STM32WLxx_HAL_Driver/stm32wlxx_hal_rcc.o
 .text.LL_RCC_HSE_IsReady
                0x0000000008001b92       0x22 ./Drivers/STM32WLxx_HAL_Driver/stm32wlxx_hal_rcc.o
 .text.LL_RCC_HSI_Enable
                0x0000000008001bb4       0x1c ./Drivers/STM32WLxx_HAL_Driver/stm32wlxx_hal_rcc.o
 .text.LL_RCC_HSI_Disable
                0x0000000008001bd0       0x1c ./Drivers/STM32WLxx_HAL_Driver/stm32wlxx_hal_rcc.o
 .text.LL_RCC_HSI_IsReady
                0x0000000008001bec       0x22 ./Drivers/STM32WLxx_HAL_Driver/stm32wlxx_hal_rcc.o
 .text.LL_RCC_HSI_SetCalibTrimming
                0x0000000008001c0e       0x28 ./Drivers/STM32WLxx_HAL_Driver/stm32wlxx_hal_rcc.o
 .text.LL_RCC_LSE_IsReady
                0x0000000008001c36       0x22 ./Drivers/STM32WLxx_HAL_Driver/stm32wlxx_hal_rcc.o
 .text.LL_RCC_LSI_Enable
                0x0000000008001c58       0x20 ./Drivers/STM32WLxx_HAL_Driver/stm32wlxx_hal_rcc.o
 .text.LL_RCC_LSI_Disable
                0x0000000008001c78       0x20 ./Drivers/STM32WLxx_HAL_Driver/stm32wlxx_hal_rcc.o
 .text.LL_RCC_LSI_IsReady
                0x0000000008001c98       0x22 ./Drivers/STM32WLxx_HAL_Driver/stm32wlxx_hal_rcc.o
 .text.LL_RCC_MSI_Enable
                0x0000000008001cba       0x1c ./Drivers/STM32WLxx_HAL_Driver/stm32wlxx_hal_rcc.o
 .text.LL_RCC_MSI_Disable
                0x0000000008001cd6       0x1c ./Drivers/STM32WLxx_HAL_Driver/stm32wlxx_hal_rcc.o
 .text.LL_RCC_MSI_IsReady
                0x0000000008001cf2       0x20 ./Drivers/STM32WLxx_HAL_Driver/stm32wlxx_hal_rcc.o
 .text.LL_RCC_MSI_IsEnabledRangeSelect
                0x0000000008001d12       0x20 ./Drivers/STM32WLxx_HAL_Driver/stm32wlxx_hal_rcc.o
 .text.LL_RCC_MSI_GetRange
                0x0000000008001d32       0x16 ./Drivers/STM32WLxx_HAL_Driver/stm32wlxx_hal_rcc.o
 .text.LL_RCC_MSI_GetRangeAfterStandby
                0x0000000008001d48       0x18 ./Drivers/STM32WLxx_HAL_Driver/stm32wlxx_hal_rcc.o
 .text.LL_RCC_MSI_SetCalibTrimming
                0x0000000008001d60       0x28 ./Drivers/STM32WLxx_HAL_Driver/stm32wlxx_hal_rcc.o
 .text.LL_RCC_SetSysClkSource
                0x0000000008001d88       0x26 ./Drivers/STM32WLxx_HAL_Driver/stm32wlxx_hal_rcc.o
 .text.LL_RCC_GetSysClkSource
                0x0000000008001dae       0x16 ./Drivers/STM32WLxx_HAL_Driver/stm32wlxx_hal_rcc.o
 .text.LL_RCC_SetAHBPrescaler
                0x0000000008001dc4       0x26 ./Drivers/STM32WLxx_HAL_Driver/stm32wlxx_hal_rcc.o
 .text.LL_C2_RCC_SetAHBPrescaler
                0x0000000008001dea       0x2a ./Drivers/STM32WLxx_HAL_Driver/stm32wlxx_hal_rcc.o
 .text.LL_RCC_SetAHB3Prescaler
                0x0000000008001e14       0x2c ./Drivers/STM32WLxx_HAL_Driver/stm32wlxx_hal_rcc.o
 .text.LL_RCC_SetAPB1Prescaler
                0x0000000008001e40       0x26 ./Drivers/STM32WLxx_HAL_Driver/stm32wlxx_hal_rcc.o
 .text.LL_RCC_SetAPB2Prescaler
                0x0000000008001e66       0x26 ./Drivers/STM32WLxx_HAL_Driver/stm32wlxx_hal_rcc.o
 .text.LL_RCC_GetAHBPrescaler
                0x0000000008001e8c       0x16 ./Drivers/STM32WLxx_HAL_Driver/stm32wlxx_hal_rcc.o
 .text.LL_RCC_GetAHB3Prescaler
                0x0000000008001ea2       0x1a ./Drivers/STM32WLxx_HAL_Driver/stm32wlxx_hal_rcc.o
 .text.LL_RCC_GetAPB1Prescaler
                0x0000000008001ebc       0x16 ./Drivers/STM32WLxx_HAL_Driver/stm32wlxx_hal_rcc.o
 .text.LL_RCC_GetAPB2Prescaler
                0x0000000008001ed2       0x16 ./Drivers/STM32WLxx_HAL_Driver/stm32wlxx_hal_rcc.o
 .text.LL_RCC_PLL_Enable
                0x0000000008001ee8       0x1c ./Drivers/STM32WLxx_HAL_Driver/stm32wlxx_hal_rcc.o
 .text.LL_RCC_PLL_Disable
                0x0000000008001f04       0x1c ./Drivers/STM32WLxx_HAL_Driver/stm32wlxx_hal_rcc.o
 .text.LL_RCC_PLL_IsReady
                0x0000000008001f20       0x22 ./Drivers/STM32WLxx_HAL_Driver/stm32wlxx_hal_rcc.o
 .text.LL_RCC_PLL_GetN
                0x0000000008001f42       0x18 ./Drivers/STM32WLxx_HAL_Driver/stm32wlxx_hal_rcc.o
 .text.LL_RCC_PLL_GetR
                0x0000000008001f5a       0x16 ./Drivers/STM32WLxx_HAL_Driver/stm32wlxx_hal_rcc.o
 .text.LL_RCC_PLL_GetDivider
                0x0000000008001f70       0x16 ./Drivers/STM32WLxx_HAL_Driver/stm32wlxx_hal_rcc.o
 .text.LL_RCC_PLL_GetMainSource
                0x0000000008001f86       0x16 ./Drivers/STM32WLxx_HAL_Driver/stm32wlxx_hal_rcc.o
 .text.LL_RCC_IsActiveFlag_HPRE
                0x0000000008001f9c       0x22 ./Drivers/STM32WLxx_HAL_Driver/stm32wlxx_hal_rcc.o
 .text.LL_RCC_IsActiveFlag_C2HPRE
                0x0000000008001fbe       0x24 ./Drivers/STM32WLxx_HAL_Driver/stm32wlxx_hal_rcc.o
 .text.LL_RCC_IsActiveFlag_SHDHPRE
                0x0000000008001fe2       0x24 ./Drivers/STM32WLxx_HAL_Driver/stm32wlxx_hal_rcc.o
 .text.LL_RCC_IsActiveFlag_PPRE1
                0x0000000008002006       0x22 ./Drivers/STM32WLxx_HAL_Driver/stm32wlxx_hal_rcc.o
 .text.LL_RCC_IsActiveFlag_PPRE2
                0x0000000008002028       0x22 ./Drivers/STM32WLxx_HAL_Driver/stm32wlxx_hal_rcc.o
 *fill*         0x000000000800204a        0x2 
 .text.HAL_RCC_OscConfig
                0x000000000800204c      0x738 ./Drivers/STM32WLxx_HAL_Driver/stm32wlxx_hal_rcc.o
                0x000000000800204c                HAL_RCC_OscConfig
 .text.HAL_RCC_ClockConfig
                0x0000000008002784      0x284 ./Drivers/STM32WLxx_HAL_Driver/stm32wlxx_hal_rcc.o
                0x0000000008002784                HAL_RCC_ClockConfig
 .text.HAL_RCC_GetSysClockFreq
                0x0000000008002a08      0x140 ./Drivers/STM32WLxx_HAL_Driver/stm32wlxx_hal_rcc.o
                0x0000000008002a08                HAL_RCC_GetSysClockFreq
 .text.HAL_RCC_GetHCLKFreq
                0x0000000008002b48       0x28 ./Drivers/STM32WLxx_HAL_Driver/stm32wlxx_hal_rcc.o
                0x0000000008002b48                HAL_RCC_GetHCLKFreq
 .text.HAL_RCC_GetPCLK1Freq
                0x0000000008002b70       0x24 ./Drivers/STM32WLxx_HAL_Driver/stm32wlxx_hal_rcc.o
                0x0000000008002b70                HAL_RCC_GetPCLK1Freq
 .text.HAL_RCC_GetPCLK2Freq
                0x0000000008002b94       0x24 ./Drivers/STM32WLxx_HAL_Driver/stm32wlxx_hal_rcc.o
                0x0000000008002b94                HAL_RCC_GetPCLK2Freq
 .text.RCC_SetFlashLatencyFromMSIRange
                0x0000000008002bb8       0x60 ./Drivers/STM32WLxx_HAL_Driver/stm32wlxx_hal_rcc.o
 .text.RCC_SetFlashLatency
                0x0000000008002c18      0x104 ./Drivers/STM32WLxx_HAL_Driver/stm32wlxx_hal_rcc.o
 .text.LL_RCC_LSE_IsReady
                0x0000000008002d1c       0x22 ./Drivers/STM32WLxx_HAL_Driver/stm32wlxx_hal_rcc_ex.o
 .text.LL_RCC_SetUSARTClockSource
                0x0000000008002d3e       0x30 ./Drivers/STM32WLxx_HAL_Driver/stm32wlxx_hal_rcc_ex.o
 .text.LL_RCC_SetI2SClockSource
                0x0000000008002d6e       0x2a ./Drivers/STM32WLxx_HAL_Driver/stm32wlxx_hal_rcc_ex.o
 .text.LL_RCC_SetLPUARTClockSource
                0x0000000008002d98       0x2a ./Drivers/STM32WLxx_HAL_Driver/stm32wlxx_hal_rcc_ex.o
 .text.LL_RCC_SetI2CClockSource
                0x0000000008002dc2       0x38 ./Drivers/STM32WLxx_HAL_Driver/stm32wlxx_hal_rcc_ex.o
 .text.LL_RCC_SetLPTIMClockSource
                0x0000000008002dfa       0x32 ./Drivers/STM32WLxx_HAL_Driver/stm32wlxx_hal_rcc_ex.o
 .text.LL_RCC_SetRNGClockSource
                0x0000000008002e2c       0x2a ./Drivers/STM32WLxx_HAL_Driver/stm32wlxx_hal_rcc_ex.o
 .text.LL_RCC_SetADCClockSource
                0x0000000008002e56       0x2a ./Drivers/STM32WLxx_HAL_Driver/stm32wlxx_hal_rcc_ex.o
 .text.LL_RCC_SetRTCClockSource
                0x0000000008002e80       0x2a ./Drivers/STM32WLxx_HAL_Driver/stm32wlxx_hal_rcc_ex.o
 .text.LL_RCC_GetRTCClockSource
                0x0000000008002eaa       0x18 ./Drivers/STM32WLxx_HAL_Driver/stm32wlxx_hal_rcc_ex.o
 .text.LL_RCC_ForceBackupDomainReset
                0x0000000008002ec2       0x20 ./Drivers/STM32WLxx_HAL_Driver/stm32wlxx_hal_rcc_ex.o
 .text.LL_RCC_ReleaseBackupDomainReset
                0x0000000008002ee2       0x20 ./Drivers/STM32WLxx_HAL_Driver/stm32wlxx_hal_rcc_ex.o
 *fill*         0x0000000008002f02        0x2 
 .text.HAL_RCCEx_PeriphCLKConfig
                0x0000000008002f04      0x234 ./Drivers/STM32WLxx_HAL_Driver/stm32wlxx_hal_rcc_ex.o
                0x0000000008002f04                HAL_RCCEx_PeriphCLKConfig
 .text.LL_RCC_GetUSARTClockSource
                0x0000000008003138       0x24 ./Drivers/STM32WLxx_HAL_Driver/stm32wlxx_hal_uart.o
 .text.LL_RCC_GetLPUARTClockSource
                0x000000000800315c       0x1e ./Drivers/STM32WLxx_HAL_Driver/stm32wlxx_hal_uart.o
 .text.HAL_UART_Init
                0x000000000800317a       0xa0 ./Drivers/STM32WLxx_HAL_Driver/stm32wlxx_hal_uart.o
                0x000000000800317a                HAL_UART_Init
 .text.HAL_UART_Transmit
                0x000000000800321a      0x12c ./Drivers/STM32WLxx_HAL_Driver/stm32wlxx_hal_uart.o
                0x000000000800321a                HAL_UART_Transmit
 .text.HAL_UART_Receive
                0x0000000008003346      0x1a6 ./Drivers/STM32WLxx_HAL_Driver/stm32wlxx_hal_uart.o
                0x0000000008003346                HAL_UART_Receive
 .text.HAL_UART_DMAPause
                0x00000000080034ec      0x138 ./Drivers/STM32WLxx_HAL_Driver/stm32wlxx_hal_uart.o
                0x00000000080034ec                HAL_UART_DMAPause
 .text.HAL_UART_DMAResume
                0x0000000008003624      0x124 ./Drivers/STM32WLxx_HAL_Driver/stm32wlxx_hal_uart.o
                0x0000000008003624                HAL_UART_DMAResume
 .text.HAL_UART_IRQHandler
                0x0000000008003748      0x630 ./Drivers/STM32WLxx_HAL_Driver/stm32wlxx_hal_uart.o
                0x0000000008003748                HAL_UART_IRQHandler
 .text.HAL_UART_TxCpltCallback
                0x0000000008003d78       0x12 ./Drivers/STM32WLxx_HAL_Driver/stm32wlxx_hal_uart.o
                0x0000000008003d78                HAL_UART_TxCpltCallback
 .text.HAL_UART_ErrorCallback
                0x0000000008003d8a       0x12 ./Drivers/STM32WLxx_HAL_Driver/stm32wlxx_hal_uart.o
                0x0000000008003d8a                HAL_UART_ErrorCallback
 .text.HAL_UARTEx_RxEventCallback
                0x0000000008003d9c       0x16 ./Drivers/STM32WLxx_HAL_Driver/stm32wlxx_hal_uart.o
                0x0000000008003d9c                HAL_UARTEx_RxEventCallback
 *fill*         0x0000000008003db2        0x2 
 .text.UART_SetConfig
                0x0000000008003db4      0x4e8 ./Drivers/STM32WLxx_HAL_Driver/stm32wlxx_hal_uart.o
                0x0000000008003db4                UART_SetConfig
 .text.UART_AdvFeatureConfig
                0x000000000800429c      0x142 ./Drivers/STM32WLxx_HAL_Driver/stm32wlxx_hal_uart.o
                0x000000000800429c                UART_AdvFeatureConfig
 .text.UART_CheckIdleState
                0x00000000080043de       0x96 ./Drivers/STM32WLxx_HAL_Driver/stm32wlxx_hal_uart.o
                0x00000000080043de                UART_CheckIdleState
 .text.UART_WaitOnFlagUntilTimeout
                0x0000000008004474      0x190 ./Drivers/STM32WLxx_HAL_Driver/stm32wlxx_hal_uart.o
                0x0000000008004474                UART_WaitOnFlagUntilTimeout
 .text.UART_EndRxTransfer
                0x0000000008004604       0xca ./Drivers/STM32WLxx_HAL_Driver/stm32wlxx_hal_uart.o
 .text.UART_DMAAbortOnError
                0x00000000080046ce       0x2c ./Drivers/STM32WLxx_HAL_Driver/stm32wlxx_hal_uart.o
 .text.UART_EndTransmit_IT
                0x00000000080046fa       0x56 ./Drivers/STM32WLxx_HAL_Driver/stm32wlxx_hal_uart.o
 .text.HAL_UARTEx_WakeupCallback
                0x0000000008004750       0x12 ./Drivers/STM32WLxx_HAL_Driver/stm32wlxx_hal_uart_ex.o
                0x0000000008004750                HAL_UARTEx_WakeupCallback
 .text.HAL_UARTEx_RxFifoFullCallback
                0x0000000008004762       0x12 ./Drivers/STM32WLxx_HAL_Driver/stm32wlxx_hal_uart_ex.o
                0x0000000008004762                HAL_UARTEx_RxFifoFullCallback
 .text.HAL_UARTEx_TxFifoEmptyCallback
                0x0000000008004774       0x12 ./Drivers/STM32WLxx_HAL_Driver/stm32wlxx_hal_uart_ex.o
                0x0000000008004774                HAL_UARTEx_TxFifoEmptyCallback
 .text.HAL_UARTEx_EnableFifoMode
                0x0000000008004786       0x76 ./Drivers/STM32WLxx_HAL_Driver/stm32wlxx_hal_uart_ex.o
                0x0000000008004786                HAL_UARTEx_EnableFifoMode
 .text.HAL_UARTEx_SetTxFifoThreshold
                0x00000000080047fc       0x7c ./Drivers/STM32WLxx_HAL_Driver/stm32wlxx_hal_uart_ex.o
                0x00000000080047fc                HAL_UARTEx_SetTxFifoThreshold
 .text.HAL_UARTEx_SetRxFifoThreshold
                0x0000000008004878       0x7c ./Drivers/STM32WLxx_HAL_Driver/stm32wlxx_hal_uart_ex.o
                0x0000000008004878                HAL_UARTEx_SetRxFifoThreshold
 .text.UARTEx_SetNbDataToProcess
                0x00000000080048f4       0x98 ./Drivers/STM32WLxx_HAL_Driver/stm32wlxx_hal_uart_ex.o
 .text.__libc_init_array
                0x000000000800498c       0x48 /home/eatkinso/st/stm32cubeide_1.9.0_2/plugins/com.st.stm32cube.ide.mcu.externaltools.gnu-tools-for-stm32.10.3-2021.10.linux64_1.0.0.202111181127/tools/bin/../lib/gcc/arm-none-eabi/10.3.1/../../../../arm-none-eabi/lib/thumb/v7e-m/nofp/libc_nano.a(lib_a-init.o)
                0x000000000800498c                __libc_init_array
 .text.memcpy   0x00000000080049d4       0x1c /home/eatkinso/st/stm32cubeide_1.9.0_2/plugins/com.st.stm32cube.ide.mcu.externaltools.gnu-tools-for-stm32.10.3-2021.10.linux64_1.0.0.202111181127/tools/bin/../lib/gcc/arm-none-eabi/10.3.1/../../../../arm-none-eabi/lib/thumb/v7e-m/nofp/libc_nano.a(lib_a-memcpy-stub.o)
                0x00000000080049d4                memcpy
 .text.memset   0x00000000080049f0       0x10 /home/eatkinso/st/stm32cubeide_1.9.0_2/plugins/com.st.stm32cube.ide.mcu.externaltools.gnu-tools-for-stm32.10.3-2021.10.linux64_1.0.0.202111181127/tools/bin/../lib/gcc/arm-none-eabi/10.3.1/../../../../arm-none-eabi/lib/thumb/v7e-m/nofp/libc_nano.a(lib_a-memset.o)
                0x00000000080049f0                memset
 *(.glue_7)
 .glue_7        0x0000000008004a00        0x0 linker stubs
 *(.glue_7t)
 .glue_7t       0x0000000008004a00        0x0 linker stubs
 *(.eh_frame)
 .eh_frame      0x0000000008004a00        0x0 /home/eatkinso/st/stm32cubeide_1.9.0_2/plugins/com.st.stm32cube.ide.mcu.externaltools.gnu-tools-for-stm32.10.3-2021.10.linux64_1.0.0.202111181127/tools/bin/../lib/gcc/arm-none-eabi/10.3.1/thumb/v7e-m/nofp/crtbegin.o
 *(.init)
 .init          0x0000000008004a00        0x4 /home/eatkinso/st/stm32cubeide_1.9.0_2/plugins/com.st.stm32cube.ide.mcu.externaltools.gnu-tools-for-stm32.10.3-2021.10.linux64_1.0.0.202111181127/tools/bin/../lib/gcc/arm-none-eabi/10.3.1/thumb/v7e-m/nofp/crti.o
                0x0000000008004a00                _init
 .init          0x0000000008004a04        0x8 /home/eatkinso/st/stm32cubeide_1.9.0_2/plugins/com.st.stm32cube.ide.mcu.externaltools.gnu-tools-for-stm32.10.3-2021.10.linux64_1.0.0.202111181127/tools/bin/../lib/gcc/arm-none-eabi/10.3.1/thumb/v7e-m/nofp/crtn.o
 *(.fini)
 .fini          0x0000000008004a0c        0x4 /home/eatkinso/st/stm32cubeide_1.9.0_2/plugins/com.st.stm32cube.ide.mcu.externaltools.gnu-tools-for-stm32.10.3-2021.10.linux64_1.0.0.202111181127/tools/bin/../lib/gcc/arm-none-eabi/10.3.1/thumb/v7e-m/nofp/crti.o
                0x0000000008004a0c                _fini
 .fini          0x0000000008004a10        0x8 /home/eatkinso/st/stm32cubeide_1.9.0_2/plugins/com.st.stm32cube.ide.mcu.externaltools.gnu-tools-for-stm32.10.3-2021.10.linux64_1.0.0.202111181127/tools/bin/../lib/gcc/arm-none-eabi/10.3.1/thumb/v7e-m/nofp/crtn.o
                0x0000000008004a18                . = ALIGN (0x4)
                0x0000000008004a18                _etext = .

.vfp11_veneer   0x0000000008004a18        0x0
 .vfp11_veneer  0x0000000008004a18        0x0 linker stubs

.v4_bx          0x0000000008004a18        0x0
 .v4_bx         0x0000000008004a18        0x0 linker stubs

.iplt           0x0000000008004a18        0x0
 .iplt          0x0000000008004a18        0x0 /home/eatkinso/st/stm32cubeide_1.9.0_2/plugins/com.st.stm32cube.ide.mcu.externaltools.gnu-tools-for-stm32.10.3-2021.10.linux64_1.0.0.202111181127/tools/bin/../lib/gcc/arm-none-eabi/10.3.1/thumb/v7e-m/nofp/crtbegin.o

.rodata         0x0000000008004a18      0x114
                0x0000000008004a18                . = ALIGN (0x4)
 *(.rodata)
 .rodata        0x0000000008004a18       0x18 ./Application/User/Core/btgps.o
 .rodata        0x0000000008004a30       0x18 ./Application/User/Core/main.o
 .rodata        0x0000000008004a48       0x1c ./Drivers/STM32WLxx_HAL_Driver/stm32wlxx_hal_rcc.o
 *(.rodata*)
 .rodata.AHBPrescTable
                0x0000000008004a64       0x40 ./Drivers/CMSIS/system_stm32wlxx.o
                0x0000000008004a64                AHBPrescTable
 .rodata.APBPrescTable
                0x0000000008004aa4       0x20 ./Drivers/CMSIS/system_stm32wlxx.o
                0x0000000008004aa4                APBPrescTable
 .rodata.MSIRangeTable
                0x0000000008004ac4       0x40 ./Drivers/CMSIS/system_stm32wlxx.o
                0x0000000008004ac4                MSIRangeTable
 .rodata.UARTPrescTable
                0x0000000008004b04       0x18 ./Drivers/STM32WLxx_HAL_Driver/stm32wlxx_hal_uart.o
                0x0000000008004b04                UARTPrescTable
 .rodata.numerator.1
                0x0000000008004b1c        0x8 ./Drivers/STM32WLxx_HAL_Driver/stm32wlxx_hal_uart_ex.o
 .rodata.denominator.0
                0x0000000008004b24        0x8 ./Drivers/STM32WLxx_HAL_Driver/stm32wlxx_hal_uart_ex.o
                0x0000000008004b2c                . = ALIGN (0x4)

.ARM.extab      0x0000000008004b2c        0x0
                0x0000000008004b2c                . = ALIGN (0x4)
 *(.ARM.extab* .gnu.linkonce.armextab.*)
                0x0000000008004b2c                . = ALIGN (0x4)

.ARM            0x0000000008004b2c        0x8
                0x0000000008004b2c                . = ALIGN (0x4)
                0x0000000008004b2c                __exidx_start = .
 *(.ARM.exidx*)
 .ARM.exidx     0x0000000008004b2c        0x8 /home/eatkinso/st/stm32cubeide_1.9.0_2/plugins/com.st.stm32cube.ide.mcu.externaltools.gnu-tools-for-stm32.10.3-2021.10.linux64_1.0.0.202111181127/tools/bin/../lib/gcc/arm-none-eabi/10.3.1/thumb/v7e-m/nofp/libgcc.a(_udivmoddi4.o)
                0x0000000008004b34                __exidx_end = .
                0x0000000008004b34                . = ALIGN (0x4)

.rel.dyn        0x0000000008004b34        0x0
 .rel.iplt      0x0000000008004b34        0x0 /home/eatkinso/st/stm32cubeide_1.9.0_2/plugins/com.st.stm32cube.ide.mcu.externaltools.gnu-tools-for-stm32.10.3-2021.10.linux64_1.0.0.202111181127/tools/bin/../lib/gcc/arm-none-eabi/10.3.1/thumb/v7e-m/nofp/crtbegin.o

.preinit_array  0x0000000008004b34        0x0
                0x0000000008004b34                . = ALIGN (0x4)
                0x0000000008004b34                PROVIDE (__preinit_array_start = .)
 *(.preinit_array*)
                0x0000000008004b34                PROVIDE (__preinit_array_end = .)
                0x0000000008004b34                . = ALIGN (0x4)

.init_array     0x0000000008004b34        0x4
                0x0000000008004b34                . = ALIGN (0x4)
                0x0000000008004b34                PROVIDE (__init_array_start = .)
 *(SORT_BY_NAME(.init_array.*))
 *(.init_array*)
 .init_array    0x0000000008004b34        0x4 /home/eatkinso/st/stm32cubeide_1.9.0_2/plugins/com.st.stm32cube.ide.mcu.externaltools.gnu-tools-for-stm32.10.3-2021.10.linux64_1.0.0.202111181127/tools/bin/../lib/gcc/arm-none-eabi/10.3.1/thumb/v7e-m/nofp/crtbegin.o
                0x0000000008004b38                PROVIDE (__init_array_end = .)
                0x0000000008004b38                . = ALIGN (0x4)

.fini_array     0x0000000008004b38        0x4
                0x0000000008004b38                . = ALIGN (0x4)
                [!provide]                        PROVIDE (__fini_array_start = .)
 *(SORT_BY_NAME(.fini_array.*))
 *(.fini_array*)
 .fini_array    0x0000000008004b38        0x4 /home/eatkinso/st/stm32cubeide_1.9.0_2/plugins/com.st.stm32cube.ide.mcu.externaltools.gnu-tools-for-stm32.10.3-2021.10.linux64_1.0.0.202111181127/tools/bin/../lib/gcc/arm-none-eabi/10.3.1/thumb/v7e-m/nofp/crtbegin.o
                [!provide]                        PROVIDE (__fini_array_end = .)
                0x0000000008004b3c                . = ALIGN (0x4)
                0x0000000008004b3c                _sidata = LOADADDR (.data)

.data           0x0000000020000000        0xc load address 0x0000000008004b3c
                0x0000000020000000                . = ALIGN (0x4)
                0x0000000020000000                _sdata = .
 *(.data)
 *(.data*)
 .data.SystemCoreClock
                0x0000000020000000        0x4 ./Drivers/CMSIS/system_stm32wlxx.o
                0x0000000020000000                SystemCoreClock
 .data.uwTickPrio
                0x0000000020000004        0x4 ./Drivers/STM32WLxx_HAL_Driver/stm32wlxx_hal.o
                0x0000000020000004                uwTickPrio
 .data.uwTickFreq
                0x0000000020000008        0x1 ./Drivers/STM32WLxx_HAL_Driver/stm32wlxx_hal.o
                0x0000000020000008                uwTickFreq
 *(.RamFunc)
 *(.RamFunc*)
                0x000000002000000c                . = ALIGN (0x4)
 *fill*         0x0000000020000009        0x3 
                0x000000002000000c                _edata = .

.igot.plt       0x000000002000000c        0x0 load address 0x0000000008004b48
 .igot.plt      0x000000002000000c        0x0 /home/eatkinso/st/stm32cubeide_1.9.0_2/plugins/com.st.stm32cube.ide.mcu.externaltools.gnu-tools-for-stm32.10.3-2021.10.linux64_1.0.0.202111181127/tools/bin/../lib/gcc/arm-none-eabi/10.3.1/thumb/v7e-m/nofp/crtbegin.o
                0x000000002000000c                . = ALIGN (0x4)

.bss            0x000000002000000c      0x28c load address 0x0000000008004b48
                0x000000002000000c                _sbss = .
                0x000000002000000c                __bss_start__ = _sbss
 *(.bss)
 .bss           0x000000002000000c       0x1c /home/eatkinso/st/stm32cubeide_1.9.0_2/plugins/com.st.stm32cube.ide.mcu.externaltools.gnu-tools-for-stm32.10.3-2021.10.linux64_1.0.0.202111181127/tools/bin/../lib/gcc/arm-none-eabi/10.3.1/thumb/v7e-m/nofp/crtbegin.o
 *(.bss*)
 .bss.hlpuart1  0x0000000020000028       0x90 ./Application/User/Core/main.o
                0x0000000020000028                hlpuart1
 .bss.huart1    0x00000000200000b8       0x90 ./Application/User/Core/main.o
                0x00000000200000b8                huart1
 .bss.hdma_usart1_rx
                0x0000000020000148       0x60 ./Application/User/Core/main.o
                0x0000000020000148                hdma_usart1_rx
 .bss.gps_buffer
                0x00000000200001a8       0x64 ./Application/User/Core/main.o
                0x00000000200001a8                gps_buffer
 .bss.dma_buffer
                0x000000002000020c       0x64 ./Application/User/Core/main.o
                0x000000002000020c                dma_buffer
 .bss.msgbuf    0x0000000020000270       0x21 ./Application/User/Core/main.o
                0x0000000020000270                msgbuf
 .bss.BUFFER_LENGTH
                0x0000000020000291        0x1 ./Application/User/Core/vluart.o
                0x0000000020000291                BUFFER_LENGTH
 *fill*         0x0000000020000292        0x2 
 .bss.uwTick    0x0000000020000294        0x4 ./Drivers/STM32WLxx_HAL_Driver/stm32wlxx_hal.o
                0x0000000020000294                uwTick
 *(COMMON)
                0x0000000020000298                . = ALIGN (0x4)
                0x0000000020000298                _ebss = .
                0x0000000020000298                __bss_end__ = _ebss

._user_heap_stack
                0x0000000020000298      0x600 load address 0x0000000008004b48
                0x0000000020000298                . = ALIGN (0x8)
                [!provide]                        PROVIDE (end = .)
                0x0000000020000298                PROVIDE (_end = .)
                0x0000000020000498                . = (. + _Min_Heap_Size)
 *fill*         0x0000000020000298      0x200 
                0x0000000020000898                . = (. + _Min_Stack_Size)
 *fill*         0x0000000020000498      0x400 
                0x0000000020000898                . = ALIGN (0x8)

/DISCARD/
 libc.a(*)
 libm.a(*)
 libgcc.a(*)

.ARM.attributes
                0x0000000000000000       0x2a
 *(.ARM.attributes)
 .ARM.attributes
                0x0000000000000000       0x1e /home/eatkinso/st/stm32cubeide_1.9.0_2/plugins/com.st.stm32cube.ide.mcu.externaltools.gnu-tools-for-stm32.10.3-2021.10.linux64_1.0.0.202111181127/tools/bin/../lib/gcc/arm-none-eabi/10.3.1/thumb/v7e-m/nofp/crti.o
 .ARM.attributes
                0x000000000000001e       0x2e /home/eatkinso/st/stm32cubeide_1.9.0_2/plugins/com.st.stm32cube.ide.mcu.externaltools.gnu-tools-for-stm32.10.3-2021.10.linux64_1.0.0.202111181127/tools/bin/../lib/gcc/arm-none-eabi/10.3.1/thumb/v7e-m/nofp/crtbegin.o
 .ARM.attributes
                0x000000000000004c       0x2e ./Application/User/Core/btgps.o
 .ARM.attributes
                0x000000000000007a       0x2e ./Application/User/Core/main.o
 .ARM.attributes
                0x00000000000000a8       0x2e ./Application/User/Core/stm32wlxx_hal_msp.o
 .ARM.attributes
                0x00000000000000d6       0x2e ./Application/User/Core/stm32wlxx_it.o
 .ARM.attributes
                0x0000000000000104       0x2e ./Application/User/Core/vluart.o
 .ARM.attributes
                0x0000000000000132       0x21 ./Application/User/Startup/startup_stm32wl55jcix.o
 .ARM.attributes
                0x0000000000000153       0x2e ./Drivers/CMSIS/system_stm32wlxx.o
 .ARM.attributes
                0x0000000000000181       0x2e ./Drivers/STM32WLxx_HAL_Driver/stm32wlxx_hal.o
 .ARM.attributes
                0x00000000000001af       0x2e ./Drivers/STM32WLxx_HAL_Driver/stm32wlxx_hal_cortex.o
 .ARM.attributes
                0x00000000000001dd       0x2e ./Drivers/STM32WLxx_HAL_Driver/stm32wlxx_hal_dma.o
 .ARM.attributes
                0x000000000000020b       0x2e ./Drivers/STM32WLxx_HAL_Driver/stm32wlxx_hal_gpio.o
 .ARM.attributes
                0x0000000000000239       0x2e ./Drivers/STM32WLxx_HAL_Driver/stm32wlxx_hal_pwr.o
 .ARM.attributes
                0x0000000000000267       0x2e ./Drivers/STM32WLxx_HAL_Driver/stm32wlxx_hal_pwr_ex.o
 .ARM.attributes
                0x0000000000000295       0x2e ./Drivers/STM32WLxx_HAL_Driver/stm32wlxx_hal_rcc.o
 .ARM.attributes
                0x00000000000002c3       0x2e ./Drivers/STM32WLxx_HAL_Driver/stm32wlxx_hal_rcc_ex.o
 .ARM.attributes
                0x00000000000002f1       0x2e ./Drivers/STM32WLxx_HAL_Driver/stm32wlxx_hal_uart.o
 .ARM.attributes
                0x000000000000031f       0x2e ./Drivers/STM32WLxx_HAL_Driver/stm32wlxx_hal_uart_ex.o
 .ARM.attributes
                0x000000000000034d       0x2e /home/eatkinso/st/stm32cubeide_1.9.0_2/plugins/com.st.stm32cube.ide.mcu.externaltools.gnu-tools-for-stm32.10.3-2021.10.linux64_1.0.0.202111181127/tools/bin/../lib/gcc/arm-none-eabi/10.3.1/../../../../arm-none-eabi/lib/thumb/v7e-m/nofp/libc_nano.a(lib_a-init.o)
 .ARM.attributes
                0x000000000000037b       0x2e /home/eatkinso/st/stm32cubeide_1.9.0_2/plugins/com.st.stm32cube.ide.mcu.externaltools.gnu-tools-for-stm32.10.3-2021.10.linux64_1.0.0.202111181127/tools/bin/../lib/gcc/arm-none-eabi/10.3.1/../../../../arm-none-eabi/lib/thumb/v7e-m/nofp/libc_nano.a(lib_a-memcpy-stub.o)
 .ARM.attributes
                0x00000000000003a9       0x2e /home/eatkinso/st/stm32cubeide_1.9.0_2/plugins/com.st.stm32cube.ide.mcu.externaltools.gnu-tools-for-stm32.10.3-2021.10.linux64_1.0.0.202111181127/tools/bin/../lib/gcc/arm-none-eabi/10.3.1/../../../../arm-none-eabi/lib/thumb/v7e-m/nofp/libc_nano.a(lib_a-memset.o)
 .ARM.attributes
                0x00000000000003d7       0x1e /home/eatkinso/st/stm32cubeide_1.9.0_2/plugins/com.st.stm32cube.ide.mcu.externaltools.gnu-tools-for-stm32.10.3-2021.10.linux64_1.0.0.202111181127/tools/bin/../lib/gcc/arm-none-eabi/10.3.1/thumb/v7e-m/nofp/libgcc.a(_aeabi_uldivmod.o)
 .ARM.attributes
                0x00000000000003f5       0x2e /home/eatkinso/st/stm32cubeide_1.9.0_2/plugins/com.st.stm32cube.ide.mcu.externaltools.gnu-tools-for-stm32.10.3-2021.10.linux64_1.0.0.202111181127/tools/bin/../lib/gcc/arm-none-eabi/10.3.1/thumb/v7e-m/nofp/libgcc.a(_udivmoddi4.o)
 .ARM.attributes
                0x0000000000000423       0x1e /home/eatkinso/st/stm32cubeide_1.9.0_2/plugins/com.st.stm32cube.ide.mcu.externaltools.gnu-tools-for-stm32.10.3-2021.10.linux64_1.0.0.202111181127/tools/bin/../lib/gcc/arm-none-eabi/10.3.1/thumb/v7e-m/nofp/libgcc.a(_dvmd_tls.o)
 .ARM.attributes
                0x0000000000000441       0x1e /home/eatkinso/st/stm32cubeide_1.9.0_2/plugins/com.st.stm32cube.ide.mcu.externaltools.gnu-tools-for-stm32.10.3-2021.10.linux64_1.0.0.202111181127/tools/bin/../lib/gcc/arm-none-eabi/10.3.1/thumb/v7e-m/nofp/crtn.o
OUTPUT(UART_nucleo.elf elf32-littlearm)
LOAD linker stubs
LOAD /home/eatkinso/st/stm32cubeide_1.9.0_2/plugins/com.st.stm32cube.ide.mcu.externaltools.gnu-tools-for-stm32.10.3-2021.10.linux64_1.0.0.202111181127/tools/bin/../lib/gcc/arm-none-eabi/10.3.1/../../../../arm-none-eabi/lib/thumb/v7e-m/nofp/libc.a
LOAD /home/eatkinso/st/stm32cubeide_1.9.0_2/plugins/com.st.stm32cube.ide.mcu.externaltools.gnu-tools-for-stm32.10.3-2021.10.linux64_1.0.0.202111181127/tools/bin/../lib/gcc/arm-none-eabi/10.3.1/../../../../arm-none-eabi/lib/thumb/v7e-m/nofp/libm.a
LOAD /home/eatkinso/st/stm32cubeide_1.9.0_2/plugins/com.st.stm32cube.ide.mcu.externaltools.gnu-tools-for-stm32.10.3-2021.10.linux64_1.0.0.202111181127/tools/bin/../lib/gcc/arm-none-eabi/10.3.1/thumb/v7e-m/nofp/libgcc.a

.debug_info     0x0000000000000000    0x114c2
 .debug_info    0x0000000000000000      0x9f4 ./Application/User/Core/btgps.o
 .debug_info    0x00000000000009f4     0x161c ./Application/User/Core/main.o
 .debug_info    0x0000000000002010     0x116c ./Application/User/Core/stm32wlxx_hal_msp.o
 .debug_info    0x000000000000317c      0x98f ./Application/User/Core/stm32wlxx_it.o
 .debug_info    0x0000000000003b0b      0x9a5 ./Application/User/Core/vluart.o
 .debug_info    0x00000000000044b0       0x22 ./Application/User/Startup/startup_stm32wl55jcix.o
 .debug_info    0x00000000000044d2      0x566 ./Drivers/CMSIS/system_stm32wlxx.o
 .debug_info    0x0000000000004a38     0x1209 ./Drivers/STM32WLxx_HAL_Driver/stm32wlxx_hal.o
 .debug_info    0x0000000000005c41      0xdc3 ./Drivers/STM32WLxx_HAL_Driver/stm32wlxx_hal_cortex.o
 .debug_info    0x0000000000006a04      0x9af ./Drivers/STM32WLxx_HAL_Driver/stm32wlxx_hal_dma.o
 .debug_info    0x00000000000073b3      0x79c ./Drivers/STM32WLxx_HAL_Driver/stm32wlxx_hal_gpio.o
 .debug_info    0x0000000000007b4f      0x912 ./Drivers/STM32WLxx_HAL_Driver/stm32wlxx_hal_pwr.o
 .debug_info    0x0000000000008461      0xe53 ./Drivers/STM32WLxx_HAL_Driver/stm32wlxx_hal_pwr_ex.o
 .debug_info    0x00000000000092b4     0x14c4 ./Drivers/STM32WLxx_HAL_Driver/stm32wlxx_hal_rcc.o
 .debug_info    0x000000000000a778     0x1217 ./Drivers/STM32WLxx_HAL_Driver/stm32wlxx_hal_rcc_ex.o
 .debug_info    0x000000000000b98f     0x4adb ./Drivers/STM32WLxx_HAL_Driver/stm32wlxx_hal_uart.o
 .debug_info    0x000000000001046a     0x1058 ./Drivers/STM32WLxx_HAL_Driver/stm32wlxx_hal_uart_ex.o

.debug_abbrev   0x0000000000000000     0x26e8
 .debug_abbrev  0x0000000000000000      0x1bb ./Application/User/Core/btgps.o
 .debug_abbrev  0x00000000000001bb      0x30c ./Application/User/Core/main.o
 .debug_abbrev  0x00000000000004c7      0x241 ./Application/User/Core/stm32wlxx_hal_msp.o
 .debug_abbrev  0x0000000000000708      0x1e5 ./Application/User/Core/stm32wlxx_it.o
 .debug_abbrev  0x00000000000008ed      0x1da ./Application/User/Core/vluart.o
 .debug_abbrev  0x0000000000000ac7       0x12 ./Application/User/Startup/startup_stm32wl55jcix.o
 .debug_abbrev  0x0000000000000ad9      0x138 ./Drivers/CMSIS/system_stm32wlxx.o
 .debug_abbrev  0x0000000000000c11      0x334 ./Drivers/STM32WLxx_HAL_Driver/stm32wlxx_hal.o
 .debug_abbrev  0x0000000000000f45      0x2d5 ./Drivers/STM32WLxx_HAL_Driver/stm32wlxx_hal_cortex.o
 .debug_abbrev  0x000000000000121a      0x21f ./Drivers/STM32WLxx_HAL_Driver/stm32wlxx_hal_dma.o
 .debug_abbrev  0x0000000000001439      0x1d9 ./Drivers/STM32WLxx_HAL_Driver/stm32wlxx_hal_gpio.o
 .debug_abbrev  0x0000000000001612      0x203 ./Drivers/STM32WLxx_HAL_Driver/stm32wlxx_hal_pwr.o
 .debug_abbrev  0x0000000000001815      0x2fa ./Drivers/STM32WLxx_HAL_Driver/stm32wlxx_hal_pwr_ex.o
 .debug_abbrev  0x0000000000001b0f      0x308 ./Drivers/STM32WLxx_HAL_Driver/stm32wlxx_hal_rcc.o
 .debug_abbrev  0x0000000000001e17      0x2d7 ./Drivers/STM32WLxx_HAL_Driver/stm32wlxx_hal_rcc_ex.o
 .debug_abbrev  0x00000000000020ee      0x33d ./Drivers/STM32WLxx_HAL_Driver/stm32wlxx_hal_uart.o
 .debug_abbrev  0x000000000000242b      0x2bd ./Drivers/STM32WLxx_HAL_Driver/stm32wlxx_hal_uart_ex.o

.debug_aranges  0x0000000000000000     0x1038
 .debug_aranges
                0x0000000000000000       0x20 ./Application/User/Core/btgps.o
 .debug_aranges
                0x0000000000000020       0x68 ./Application/User/Core/main.o
 .debug_aranges
                0x0000000000000088       0x58 ./Application/User/Core/stm32wlxx_hal_msp.o
 .debug_aranges
                0x00000000000000e0       0x80 ./Application/User/Core/stm32wlxx_it.o
 .debug_aranges
                0x0000000000000160       0x28 ./Application/User/Core/vluart.o
 .debug_aranges
                0x0000000000000188       0x28 ./Application/User/Startup/startup_stm32wl55jcix.o
 .debug_aranges
                0x00000000000001b0       0x28 ./Drivers/CMSIS/system_stm32wlxx.o
 .debug_aranges
                0x00000000000001d8      0x240 ./Drivers/STM32WLxx_HAL_Driver/stm32wlxx_hal.o
 .debug_aranges
                0x0000000000000418      0x118 ./Drivers/STM32WLxx_HAL_Driver/stm32wlxx_hal_cortex.o
 .debug_aranges
                0x0000000000000530       0xa0 ./Drivers/STM32WLxx_HAL_Driver/stm32wlxx_hal_dma.o
 .debug_aranges
                0x00000000000005d0       0x60 ./Drivers/STM32WLxx_HAL_Driver/stm32wlxx_hal_gpio.o
 .debug_aranges
                0x0000000000000630       0xc8 ./Drivers/STM32WLxx_HAL_Driver/stm32wlxx_hal_pwr.o
 .debug_aranges
                0x00000000000006f8      0x200 ./Drivers/STM32WLxx_HAL_Driver/stm32wlxx_hal_pwr_ex.o
 .debug_aranges
                0x00000000000008f8      0x250 ./Drivers/STM32WLxx_HAL_Driver/stm32wlxx_hal_rcc.o
 .debug_aranges
                0x0000000000000b48      0x1f8 ./Drivers/STM32WLxx_HAL_Driver/stm32wlxx_hal_rcc_ex.o
 .debug_aranges
                0x0000000000000d40      0x258 ./Drivers/STM32WLxx_HAL_Driver/stm32wlxx_hal_uart.o
 .debug_aranges
                0x0000000000000f98       0xa0 ./Drivers/STM32WLxx_HAL_Driver/stm32wlxx_hal_uart_ex.o

.debug_ranges   0x0000000000000000      0xf60
 .debug_ranges  0x0000000000000000       0x10 ./Application/User/Core/btgps.o
 .debug_ranges  0x0000000000000010       0x58 ./Application/User/Core/main.o
 .debug_ranges  0x0000000000000068       0x48 ./Application/User/Core/stm32wlxx_hal_msp.o
 .debug_ranges  0x00000000000000b0       0x70 ./Application/User/Core/stm32wlxx_it.o
 .debug_ranges  0x0000000000000120       0x18 ./Application/User/Core/vluart.o
 .debug_ranges  0x0000000000000138       0x20 ./Application/User/Startup/startup_stm32wl55jcix.o
 .debug_ranges  0x0000000000000158       0x18 ./Drivers/CMSIS/system_stm32wlxx.o
 .debug_ranges  0x0000000000000170      0x230 ./Drivers/STM32WLxx_HAL_Driver/stm32wlxx_hal.o
 .debug_ranges  0x00000000000003a0      0x108 ./Drivers/STM32WLxx_HAL_Driver/stm32wlxx_hal_cortex.o
 .debug_ranges  0x00000000000004a8       0x90 ./Drivers/STM32WLxx_HAL_Driver/stm32wlxx_hal_dma.o
 .debug_ranges  0x0000000000000538       0x50 ./Drivers/STM32WLxx_HAL_Driver/stm32wlxx_hal_gpio.o
 .debug_ranges  0x0000000000000588       0xb8 ./Drivers/STM32WLxx_HAL_Driver/stm32wlxx_hal_pwr.o
 .debug_ranges  0x0000000000000640      0x1f0 ./Drivers/STM32WLxx_HAL_Driver/stm32wlxx_hal_pwr_ex.o
 .debug_ranges  0x0000000000000830      0x240 ./Drivers/STM32WLxx_HAL_Driver/stm32wlxx_hal_rcc.o
 .debug_ranges  0x0000000000000a70      0x1e8 ./Drivers/STM32WLxx_HAL_Driver/stm32wlxx_hal_rcc_ex.o
 .debug_ranges  0x0000000000000c58      0x278 ./Drivers/STM32WLxx_HAL_Driver/stm32wlxx_hal_uart.o
 .debug_ranges  0x0000000000000ed0       0x90 ./Drivers/STM32WLxx_HAL_Driver/stm32wlxx_hal_uart_ex.o

.debug_macro    0x0000000000000000    0x1c3e1
 .debug_macro   0x0000000000000000      0x21e ./Application/User/Core/btgps.o
 .debug_macro   0x000000000000021e      0xa72 ./Application/User/Core/btgps.o
 .debug_macro   0x0000000000000c90      0x11e ./Application/User/Core/btgps.o
 .debug_macro   0x0000000000000dae       0x2e ./Application/User/Core/btgps.o
 .debug_macro   0x0000000000000ddc       0x3a ./Application/User/Core/btgps.o
 .debug_macro   0x0000000000000e16       0x22 ./Application/User/Core/btgps.o
 .debug_macro   0x0000000000000e38       0x8e ./Application/User/Core/btgps.o
 .debug_macro   0x0000000000000ec6       0x51 ./Application/User/Core/btgps.o
 .debug_macro   0x0000000000000f17      0x103 ./Application/User/Core/btgps.o
 .debug_macro   0x000000000000101a       0x6a ./Application/User/Core/btgps.o
 .debug_macro   0x0000000000001084      0x1df ./Application/User/Core/btgps.o
 .debug_macro   0x0000000000001263       0x1c ./Application/User/Core/btgps.o
 .debug_macro   0x000000000000127f       0x22 ./Application/User/Core/btgps.o
 .debug_macro   0x00000000000012a1       0xfb ./Application/User/Core/btgps.o
 .debug_macro   0x000000000000139c     0x1011 ./Application/User/Core/btgps.o
 .debug_macro   0x00000000000023ad      0x11f ./Application/User/Core/btgps.o
 .debug_macro   0x00000000000024cc     0xf0e3 ./Application/User/Core/btgps.o
 .debug_macro   0x00000000000115af       0x6d ./Application/User/Core/btgps.o
 .debug_macro   0x000000000001161c     0x341d ./Application/User/Core/btgps.o
 .debug_macro   0x0000000000014a39      0x174 ./Application/User/Core/btgps.o
 .debug_macro   0x0000000000014bad       0x5c ./Application/User/Core/btgps.o
 .debug_macro   0x0000000000014c09      0x416 ./Application/User/Core/btgps.o
 .debug_macro   0x000000000001501f      0x29c ./Application/User/Core/btgps.o
 .debug_macro   0x00000000000152bb      0x35a ./Application/User/Core/btgps.o
 .debug_macro   0x0000000000015615      0x196 ./Application/User/Core/btgps.o
 .debug_macro   0x00000000000157ab       0x4a ./Application/User/Core/btgps.o
 .debug_macro   0x00000000000157f5      0x23d ./Application/User/Core/btgps.o
 .debug_macro   0x0000000000015a32      0x229 ./Application/User/Core/btgps.o
 .debug_macro   0x0000000000015c5b      0x3fa ./Application/User/Core/btgps.o
 .debug_macro   0x0000000000016055       0x2e ./Application/User/Core/btgps.o
 .debug_macro   0x0000000000016083      0x107 ./Application/User/Core/btgps.o
 .debug_macro   0x000000000001618a      0x1ba ./Application/User/Core/btgps.o
 .debug_macro   0x0000000000016344       0xe6 ./Application/User/Core/btgps.o
 .debug_macro   0x000000000001642a      0x283 ./Application/User/Core/btgps.o
 .debug_macro   0x00000000000166ad      0x133 ./Application/User/Core/btgps.o
 .debug_macro   0x00000000000167e0      0x36f ./Application/User/Core/btgps.o
 .debug_macro   0x0000000000016b4f      0x683 ./Application/User/Core/btgps.o
 .debug_macro   0x00000000000171d2      0x20e ./Application/User/Core/btgps.o
 .debug_macro   0x00000000000173e0      0xfb4 ./Application/User/Core/btgps.o
 .debug_macro   0x0000000000018394      0x136 ./Application/User/Core/btgps.o
 .debug_macro   0x00000000000184ca      0x2db ./Application/User/Core/btgps.o
 .debug_macro   0x00000000000187a5      0x67e ./Application/User/Core/btgps.o
 .debug_macro   0x0000000000018e23       0xa6 ./Application/User/Core/btgps.o
 .debug_macro   0x0000000000018ec9      0x45a ./Application/User/Core/btgps.o
 .debug_macro   0x0000000000019323      0x3a9 ./Application/User/Core/btgps.o
 .debug_macro   0x00000000000196cc       0x88 ./Application/User/Core/btgps.o
 .debug_macro   0x0000000000019754      0x32b ./Application/User/Core/main.o
 .debug_macro   0x0000000000019a7f       0x18 ./Application/User/Core/main.o
 .debug_macro   0x0000000000019a97       0x52 ./Application/User/Core/main.o
 .debug_macro   0x0000000000019ae9       0x3c ./Application/User/Core/main.o
 .debug_macro   0x0000000000019b25       0x34 ./Application/User/Core/main.o
 .debug_macro   0x0000000000019b59       0x16 ./Application/User/Core/main.o
 .debug_macro   0x0000000000019b6f       0x35 ./Application/User/Core/main.o
 .debug_macro   0x0000000000019ba4       0x16 ./Application/User/Core/main.o
 .debug_macro   0x0000000000019bba       0x43 ./Application/User/Core/main.o
 .debug_macro   0x0000000000019bfd       0x34 ./Application/User/Core/main.o
 .debug_macro   0x0000000000019c31       0x10 ./Application/User/Core/main.o
 .debug_macro   0x0000000000019c41       0x58 ./Application/User/Core/main.o
 .debug_macro   0x0000000000019c99       0x71 ./Application/User/Core/main.o
 .debug_macro   0x0000000000019d0a       0x1c ./Application/User/Core/main.o
 .debug_macro   0x0000000000019d26      0x12a ./Application/User/Core/main.o
 .debug_macro   0x0000000000019e50      0x341 ./Application/User/Core/main.o
 .debug_macro   0x000000000001a191       0x16 ./Application/User/Core/main.o
 .debug_macro   0x000000000001a1a7       0x29 ./Application/User/Core/main.o
 .debug_macro   0x000000000001a1d0       0x16 ./Application/User/Core/main.o
 .debug_macro   0x000000000001a1e6       0x20 ./Application/User/Core/main.o
 .debug_macro   0x000000000001a206       0x22 ./Application/User/Core/main.o
 .debug_macro   0x000000000001a228      0x214 ./Application/User/Core/stm32wlxx_hal_msp.o
 .debug_macro   0x000000000001a43c      0x327 ./Application/User/Core/stm32wlxx_it.o
 .debug_macro   0x000000000001a763      0x317 ./Application/User/Core/vluart.o
 .debug_macro   0x000000000001aa7a      0x10e ./Application/User/Core/vluart.o
 .debug_macro   0x000000000001ab88       0x8d ./Application/User/Core/vluart.o
 .debug_macro   0x000000000001ac15       0x56 ./Application/User/Core/vluart.o
 .debug_macro   0x000000000001ac6b      0x205 ./Drivers/CMSIS/system_stm32wlxx.o
 .debug_macro   0x000000000001ae70      0x229 ./Drivers/STM32WLxx_HAL_Driver/stm32wlxx_hal.o
 .debug_macro   0x000000000001b099      0x205 ./Drivers/STM32WLxx_HAL_Driver/stm32wlxx_hal_cortex.o
 .debug_macro   0x000000000001b29e      0x205 ./Drivers/STM32WLxx_HAL_Driver/stm32wlxx_hal_dma.o
 .debug_macro   0x000000000001b4a3      0x20b ./Drivers/STM32WLxx_HAL_Driver/stm32wlxx_hal_gpio.o
 .debug_macro   0x000000000001b6ae      0x25f ./Drivers/STM32WLxx_HAL_Driver/stm32wlxx_hal_pwr.o
 .debug_macro   0x000000000001b90d      0x217 ./Drivers/STM32WLxx_HAL_Driver/stm32wlxx_hal_pwr_ex.o
 .debug_macro   0x000000000001bb24      0x265 ./Drivers/STM32WLxx_HAL_Driver/stm32wlxx_hal_rcc.o
 .debug_macro   0x000000000001bd89      0x217 ./Drivers/STM32WLxx_HAL_Driver/stm32wlxx_hal_rcc_ex.o
 .debug_macro   0x000000000001bfa0      0x230 ./Drivers/STM32WLxx_HAL_Driver/stm32wlxx_hal_uart.o
 .debug_macro   0x000000000001c1d0      0x211 ./Drivers/STM32WLxx_HAL_Driver/stm32wlxx_hal_uart_ex.o

.debug_line     0x0000000000000000     0xff8e
 .debug_line    0x0000000000000000      0x8b6 ./Application/User/Core/btgps.o
 .debug_line    0x00000000000008b6      0xb47 ./Application/User/Core/main.o
 .debug_line    0x00000000000013fd      0x8e0 ./Application/User/Core/stm32wlxx_hal_msp.o
 .debug_line    0x0000000000001cdd      0xa35 ./Application/User/Core/stm32wlxx_it.o
 .debug_line    0x0000000000002712      0x955 ./Application/User/Core/vluart.o
 .debug_line    0x0000000000003067       0x95 ./Application/User/Startup/startup_stm32wl55jcix.o
 .debug_line    0x00000000000030fc      0x808 ./Drivers/CMSIS/system_stm32wlxx.o
 .debug_line    0x0000000000003904      0xf21 ./Drivers/STM32WLxx_HAL_Driver/stm32wlxx_hal.o
 .debug_line    0x0000000000004825      0xd08 ./Drivers/STM32WLxx_HAL_Driver/stm32wlxx_hal_cortex.o
 .debug_line    0x000000000000552d      0xf67 ./Drivers/STM32WLxx_HAL_Driver/stm32wlxx_hal_dma.o
 .debug_line    0x0000000000006494      0xb7d ./Drivers/STM32WLxx_HAL_Driver/stm32wlxx_hal_gpio.o
 .debug_line    0x0000000000007011      0xa01 ./Drivers/STM32WLxx_HAL_Driver/stm32wlxx_hal_pwr.o
 .debug_line    0x0000000000007a12      0xedf ./Drivers/STM32WLxx_HAL_Driver/stm32wlxx_hal_pwr_ex.o
 .debug_line    0x00000000000088f1     0x1812 ./Drivers/STM32WLxx_HAL_Driver/stm32wlxx_hal_rcc.o
 .debug_line    0x000000000000a103     0x1454 ./Drivers/STM32WLxx_HAL_Driver/stm32wlxx_hal_rcc_ex.o
 .debug_line    0x000000000000b557     0x3c31 ./Drivers/STM32WLxx_HAL_Driver/stm32wlxx_hal_uart.o
 .debug_line    0x000000000000f188      0xe06 ./Drivers/STM32WLxx_HAL_Driver/stm32wlxx_hal_uart_ex.o

.debug_str      0x0000000000000000    0xaf22c
 .debug_str     0x0000000000000000    0xa7832 ./Application/User/Core/btgps.o
                                      0xa7dd7 (size before relaxing)
 .debug_str     0x00000000000a7832     0x397f ./Application/User/Core/main.o
                                      0xab770 (size before relaxing)
 .debug_str     0x00000000000ab1b1      0x2ab ./Application/User/Core/stm32wlxx_hal_msp.o
                                      0xa867b (size before relaxing)
 .debug_str     0x00000000000ab45c      0x18f ./Application/User/Core/stm32wlxx_it.o
                                      0xaad9f (size before relaxing)
 .debug_str     0x00000000000ab5eb       0xc0 ./Application/User/Core/vluart.o
                                      0xaad08 (size before relaxing)
 .debug_str     0x00000000000ab6ab       0x42 ./Application/User/Startup/startup_stm32wl55jcix.o
                                         0x90 (size before relaxing)
 .debug_str     0x00000000000ab6ed       0xd6 ./Drivers/CMSIS/system_stm32wlxx.o
                                      0xa7861 (size before relaxing)
 .debug_str     0x00000000000ab7c3      0x926 ./Drivers/STM32WLxx_HAL_Driver/stm32wlxx_hal.o
                                      0xa8649 (size before relaxing)
 .debug_str     0x00000000000ac0e9      0x3a9 ./Drivers/STM32WLxx_HAL_Driver/stm32wlxx_hal_cortex.o
                                      0xa7f47 (size before relaxing)
 .debug_str     0x00000000000ac492      0x2e5 ./Drivers/STM32WLxx_HAL_Driver/stm32wlxx_hal_dma.o
                                      0xa7c16 (size before relaxing)
 .debug_str     0x00000000000ac777      0x184 ./Drivers/STM32WLxx_HAL_Driver/stm32wlxx_hal_gpio.o
                                      0xa78ba (size before relaxing)
 .debug_str     0x00000000000ac8fb      0x565 ./Drivers/STM32WLxx_HAL_Driver/stm32wlxx_hal_pwr.o
                                      0xa7cb9 (size before relaxing)
 .debug_str     0x00000000000ace60      0x6f2 ./Drivers/STM32WLxx_HAL_Driver/stm32wlxx_hal_pwr_ex.o
                                      0xa8019 (size before relaxing)
 .debug_str     0x00000000000ad552      0xb1d ./Drivers/STM32WLxx_HAL_Driver/stm32wlxx_hal_rcc.o
                                      0xa865f (size before relaxing)
 .debug_str     0x00000000000ae06f      0x59a ./Drivers/STM32WLxx_HAL_Driver/stm32wlxx_hal_rcc_ex.o
                                      0xa8293 (size before relaxing)
 .debug_str     0x00000000000ae609      0x999 ./Drivers/STM32WLxx_HAL_Driver/stm32wlxx_hal_uart.o
                                      0xa8877 (size before relaxing)
 .debug_str     0x00000000000aefa2      0x28a ./Drivers/STM32WLxx_HAL_Driver/stm32wlxx_hal_uart_ex.o
                                      0xa7f56 (size before relaxing)

.comment        0x0000000000000000       0x50
 .comment       0x0000000000000000       0x50 ./Application/User/Core/btgps.o
                                         0x51 (size before relaxing)
 .comment       0x0000000000000050       0x51 ./Application/User/Core/main.o
 .comment       0x0000000000000050       0x51 ./Application/User/Core/stm32wlxx_hal_msp.o
 .comment       0x0000000000000050       0x51 ./Application/User/Core/stm32wlxx_it.o
 .comment       0x0000000000000050       0x51 ./Application/User/Core/vluart.o
 .comment       0x0000000000000050       0x51 ./Drivers/CMSIS/system_stm32wlxx.o
 .comment       0x0000000000000050       0x51 ./Drivers/STM32WLxx_HAL_Driver/stm32wlxx_hal.o
 .comment       0x0000000000000050       0x51 ./Drivers/STM32WLxx_HAL_Driver/stm32wlxx_hal_cortex.o
 .comment       0x0000000000000050       0x51 ./Drivers/STM32WLxx_HAL_Driver/stm32wlxx_hal_dma.o
 .comment       0x0000000000000050       0x51 ./Drivers/STM32WLxx_HAL_Driver/stm32wlxx_hal_gpio.o
 .comment       0x0000000000000050       0x51 ./Drivers/STM32WLxx_HAL_Driver/stm32wlxx_hal_pwr.o
 .comment       0x0000000000000050       0x51 ./Drivers/STM32WLxx_HAL_Driver/stm32wlxx_hal_pwr_ex.o
 .comment       0x0000000000000050       0x51 ./Drivers/STM32WLxx_HAL_Driver/stm32wlxx_hal_rcc.o
 .comment       0x0000000000000050       0x51 ./Drivers/STM32WLxx_HAL_Driver/stm32wlxx_hal_rcc_ex.o
 .comment       0x0000000000000050       0x51 ./Drivers/STM32WLxx_HAL_Driver/stm32wlxx_hal_uart.o
 .comment       0x0000000000000050       0x51 ./Drivers/STM32WLxx_HAL_Driver/stm32wlxx_hal_uart_ex.o

.debug_frame    0x0000000000000000     0x42b4
 .debug_frame   0x0000000000000000       0x3c ./Application/User/Core/btgps.o
 .debug_frame   0x000000000000003c      0x160 ./Application/User/Core/main.o
 .debug_frame   0x000000000000019c      0x140 ./Application/User/Core/stm32wlxx_hal_msp.o
 .debug_frame   0x00000000000002dc      0x188 ./Application/User/Core/stm32wlxx_it.o
 .debug_frame   0x0000000000000464       0x58 ./Application/User/Core/vluart.o
 .debug_frame   0x00000000000004bc       0x58 ./Drivers/CMSIS/system_stm32wlxx.o
 .debug_frame   0x0000000000000514      0x948 ./Drivers/STM32WLxx_HAL_Driver/stm32wlxx_hal.o
 .debug_frame   0x0000000000000e5c      0x498 ./Drivers/STM32WLxx_HAL_Driver/stm32wlxx_hal_cortex.o
 .debug_frame   0x00000000000012f4      0x29c ./Drivers/STM32WLxx_HAL_Driver/stm32wlxx_hal_dma.o
 .debug_frame   0x0000000000001590      0x174 ./Drivers/STM32WLxx_HAL_Driver/stm32wlxx_hal_gpio.o
 .debug_frame   0x0000000000001704      0x31c ./Drivers/STM32WLxx_HAL_Driver/stm32wlxx_hal_pwr.o
 .debug_frame   0x0000000000001a20      0x894 ./Drivers/STM32WLxx_HAL_Driver/stm32wlxx_hal_pwr_ex.o
 .debug_frame   0x00000000000022b4      0x974 ./Drivers/STM32WLxx_HAL_Driver/stm32wlxx_hal_rcc.o
 .debug_frame   0x0000000000002c28      0x838 ./Drivers/STM32WLxx_HAL_Driver/stm32wlxx_hal_rcc_ex.o
 .debug_frame   0x0000000000003460      0xae4 ./Drivers/STM32WLxx_HAL_Driver/stm32wlxx_hal_uart.o
 .debug_frame   0x0000000000003f44      0x29c ./Drivers/STM32WLxx_HAL_Driver/stm32wlxx_hal_uart_ex.o
 .debug_frame   0x00000000000041e0       0x2c /home/eatkinso/st/stm32cubeide_1.9.0_2/plugins/com.st.stm32cube.ide.mcu.externaltools.gnu-tools-for-stm32.10.3-2021.10.linux64_1.0.0.202111181127/tools/bin/../lib/gcc/arm-none-eabi/10.3.1/../../../../arm-none-eabi/lib/thumb/v7e-m/nofp/libc_nano.a(lib_a-init.o)
 .debug_frame   0x000000000000420c       0x28 /home/eatkinso/st/stm32cubeide_1.9.0_2/plugins/com.st.stm32cube.ide.mcu.externaltools.gnu-tools-for-stm32.10.3-2021.10.linux64_1.0.0.202111181127/tools/bin/../lib/gcc/arm-none-eabi/10.3.1/../../../../arm-none-eabi/lib/thumb/v7e-m/nofp/libc_nano.a(lib_a-memcpy-stub.o)
 .debug_frame   0x0000000000004234       0x20 /home/eatkinso/st/stm32cubeide_1.9.0_2/plugins/com.st.stm32cube.ide.mcu.externaltools.gnu-tools-for-stm32.10.3-2021.10.linux64_1.0.0.202111181127/tools/bin/../lib/gcc/arm-none-eabi/10.3.1/../../../../arm-none-eabi/lib/thumb/v7e-m/nofp/libc_nano.a(lib_a-memset.o)
 .debug_frame   0x0000000000004254       0x2c /home/eatkinso/st/stm32cubeide_1.9.0_2/plugins/com.st.stm32cube.ide.mcu.externaltools.gnu-tools-for-stm32.10.3-2021.10.linux64_1.0.0.202111181127/tools/bin/../lib/gcc/arm-none-eabi/10.3.1/thumb/v7e-m/nofp/libgcc.a(_aeabi_uldivmod.o)
 .debug_frame   0x0000000000004280       0x34 /home/eatkinso/st/stm32cubeide_1.9.0_2/plugins/com.st.stm32cube.ide.mcu.externaltools.gnu-tools-for-stm32.10.3-2021.10.linux64_1.0.0.202111181127/tools/bin/../lib/gcc/arm-none-eabi/10.3.1/thumb/v7e-m/nofp/libgcc.a(_udivmoddi4.o)
