../../Drivers/STM32WLxx_HAL_Driver/Inc/stm32wlxx_ll_rcc.h:1257:22:LL_RCC_LSE_SetDriveCapability	16	static
../../Drivers/STM32WLxx_HAL_Driver/Inc/stm32wlxx_ll_bus.h:287:22:LL_AHB1_GRP1_EnableClock	24	static
../../Drivers/STM32WLxx_HAL_Driver/Inc/stm32wlxx_ll_bus.h:449:22:LL_AHB2_GRP1_EnableClock	24	static
/home/eatkinso/bike-anti-theft-device/Firmware/UART_nucleo/Core/Src/main.c:78:5:main	16	static,ignoring_inline_asm
/home/eatkinso/bike-anti-theft-device/Firmware/UART_nucleo/Core/Src/main.c:129:6:SystemClock_Config	112	static
/home/eatkinso/bike-anti-theft-device/Firmware/UART_nucleo/Core/Src/main.c:187:13:MX_LPUART1_UART_Init	8	static
/home/eatkinso/bike-anti-theft-device/Firmware/UART_nucleo/Core/Src/main.c:235:13:MX_USART1_UART_Init	8	static
/home/eatkinso/bike-anti-theft-device/Firmware/UART_nucleo/Core/Src/main.c:281:13:MX_DMA_Init	8	static
/home/eatkinso/bike-anti-theft-device/Firmware/UART_nucleo/Core/Src/main.c:300:13:MX_GPIO_Init	32	static
/home/eatkinso/bike-anti-theft-device/Firmware/UART_nucleo/Core/Src/main.c:359:6:Error_Handler	4	static,ignoring_inline_asm
