/home/eatkinso/bike-anti-theft-device/Firmware/UART_nucleo/Core/Src/stm32wlxx_it.c:50:6:gps_parser	16	static
/home/eatkinso/bike-anti-theft-device/Firmware/UART_nucleo/Core/Src/stm32wlxx_it.c:75:6:NMI_Handler	4	static
/home/eatkinso/bike-anti-theft-device/Firmware/UART_nucleo/Core/Src/stm32wlxx_it.c:90:6:HardFault_Handler	4	static
/home/eatkinso/bike-anti-theft-device/Firmware/UART_nucleo/Core/Src/stm32wlxx_it.c:105:6:MemManage_Handler	4	static
/home/eatkinso/bike-anti-theft-device/Firmware/UART_nucleo/Core/Src/stm32wlxx_it.c:120:6:BusFault_Handler	4	static
/home/eatkinso/bike-anti-theft-device/Firmware/UART_nucleo/Core/Src/stm32wlxx_it.c:135:6:UsageFault_Handler	4	static
/home/eatkinso/bike-anti-theft-device/Firmware/UART_nucleo/Core/Src/stm32wlxx_it.c:150:6:SVC_Handler	4	static
/home/eatkinso/bike-anti-theft-device/Firmware/UART_nucleo/Core/Src/stm32wlxx_it.c:163:6:DebugMon_Handler	4	static
/home/eatkinso/bike-anti-theft-device/Firmware/UART_nucleo/Core/Src/stm32wlxx_it.c:176:6:PendSV_Handler	4	static
/home/eatkinso/bike-anti-theft-device/Firmware/UART_nucleo/Core/Src/stm32wlxx_it.c:189:6:SysTick_Handler	8	static
/home/eatkinso/bike-anti-theft-device/Firmware/UART_nucleo/Core/Src/stm32wlxx_it.c:210:6:DMA1_Channel1_IRQHandler	8	static
/home/eatkinso/bike-anti-theft-device/Firmware/UART_nucleo/Core/Src/stm32wlxx_it.c:224:6:USART1_IRQHandler	16	static
/home/eatkinso/bike-anti-theft-device/Firmware/UART_nucleo/Core/Src/stm32wlxx_it.c:240:6:LPUART1_IRQHandler	8	static
