/home/eatkinso/bike-anti-theft-device/Firmware/UART_nucleo/Core/Src/stm32wlxx_it.c:77:6:NMI_Handler	4	static
/home/eatkinso/bike-anti-theft-device/Firmware/UART_nucleo/Core/Src/stm32wlxx_it.c:92:6:HardFault_Handler	4	static
/home/eatkinso/bike-anti-theft-device/Firmware/UART_nucleo/Core/Src/stm32wlxx_it.c:107:6:MemManage_Handler	4	static
/home/eatkinso/bike-anti-theft-device/Firmware/UART_nucleo/Core/Src/stm32wlxx_it.c:122:6:BusFault_Handler	4	static
/home/eatkinso/bike-anti-theft-device/Firmware/UART_nucleo/Core/Src/stm32wlxx_it.c:137:6:UsageFault_Handler	4	static
/home/eatkinso/bike-anti-theft-device/Firmware/UART_nucleo/Core/Src/stm32wlxx_it.c:152:6:SVC_Handler	4	static
/home/eatkinso/bike-anti-theft-device/Firmware/UART_nucleo/Core/Src/stm32wlxx_it.c:165:6:DebugMon_Handler	4	static
/home/eatkinso/bike-anti-theft-device/Firmware/UART_nucleo/Core/Src/stm32wlxx_it.c:178:6:PendSV_Handler	4	static
/home/eatkinso/bike-anti-theft-device/Firmware/UART_nucleo/Core/Src/stm32wlxx_it.c:191:6:SysTick_Handler	8	static
/home/eatkinso/bike-anti-theft-device/Firmware/UART_nucleo/Core/Src/stm32wlxx_it.c:212:6:DMA1_Channel1_IRQHandler	8	static
/home/eatkinso/bike-anti-theft-device/Firmware/UART_nucleo/Core/Src/stm32wlxx_it.c:226:6:DMA1_Channel2_IRQHandler	8	static
/home/eatkinso/bike-anti-theft-device/Firmware/UART_nucleo/Core/Src/stm32wlxx_it.c:240:6:USART1_IRQHandler	8	static
/home/eatkinso/bike-anti-theft-device/Firmware/UART_nucleo/Core/Src/stm32wlxx_it.c:254:6:LPUART1_IRQHandler	8	static
